C:\Users\86155\Desktop\x\workspace\mouse\CMSIS/core_cm7.h:1911:22:__NVIC_EnableIRQ	16	static
C:\Users\86155\Desktop\x\workspace\mouse\CMSIS/core_cm7.h:2041:22:__NVIC_SetPriority	16	static
C:\Users\86155\Desktop\x\workspace\mouse\drivers/fsl_common_arm.h:570:24:EnableIRQ	24	static
C:\Users\86155\Desktop\x\workspace\mouse\drivers/fsl_qtmr.h:424:20:QTMR_StartTimer	24	static
../board/peripherals.c:151:13:LPUART1_init	8	static
../board/peripherals.c:228:13:ADC1_init	8	static
../board/peripherals.c:301:13:LPSPI4_init	8	static
../board/peripherals.c:388:13:TMR1_init	16	static
../board/peripherals.c:467:13:TMR2_init	16	static
../board/peripherals.c:483:13:BOARD_InitPeripherals_CommonPostInit	8	static
../board/peripherals.c:489:6:BOARD_InitPeripherals	8	static
../board/peripherals.c:504:6:BOARD_InitBootPeripherals	8	static
