C:\Users\86155\Documents\MCUXpressoIDE_11.9.0_2144\workspace\evkmimxrt1020_dev_hid_mouse_lite_bm\CMSIS/core_cm7.h:1911:22:__NVIC_EnableIRQ	16	static
C:\Users\86155\Documents\MCUXpressoIDE_11.9.0_2144\workspace\evkmimxrt1020_dev_hid_mouse_lite_bm\CMSIS/core_cm7.h:2041:22:__NVIC_SetPriority	16	static
C:\Users\86155\Documents\MCUXpressoIDE_11.9.0_2144\workspace\evkmimxrt1020_dev_hid_mouse_lite_bm\drivers/fsl_common_arm.h:570:24:EnableIRQ	24	static
C:\Users\86155\Documents\MCUXpressoIDE_11.9.0_2144\workspace\evkmimxrt1020_dev_hid_mouse_lite_bm\drivers/fsl_qtmr.h:424:20:QTMR_StartTimer	24	static
../board/peripherals.c:151:13:LPUART1_init	8	static
../board/peripherals.c:228:13:ADC1_init	8	static
../board/peripherals.c:301:13:LPSPI4_init	8	static
../board/peripherals.c:379:13:ADC_ETC_init	8	static
../board/peripherals.c:473:13:TMR1_init	16	static
../board/peripherals.c:499:13:BOARD_InitPeripherals_CommonPostInit	8	static
../board/peripherals.c:505:6:BOARD_InitPeripherals	8	static
../board/peripherals.c:520:6:BOARD_InitBootPeripherals	8	static
