C:\Users\86155\Documents\MCUXpressoIDE_11.9.0_2144\workspace\evkmimxrt1020_dev_hid_mouse_lite_bm\drivers/fsl_common_arm.h:225:20:_SDK_AtomicLocalClearAndSet4Byte	48	static
C:\Users\86155\Documents\MCUXpressoIDE_11.9.0_2144\workspace\evkmimxrt1020_dev_hid_mouse_lite_bm\drivers/fsl_clock.h:1298:20:CLOCK_ControlGate	32	static
C:\Users\86155\Documents\MCUXpressoIDE_11.9.0_2144\workspace\evkmimxrt1020_dev_hid_mouse_lite_bm\drivers/fsl_clock.h:1315:20:CLOCK_EnableClock	16	static
C:\Users\86155\Documents\MCUXpressoIDE_11.9.0_2144\workspace\evkmimxrt1020_dev_hid_mouse_lite_bm\drivers/fsl_iomuxc.h:859:20:IOMUXC_SetPinMux	24	static
C:\Users\86155\Documents\MCUXpressoIDE_11.9.0_2144\workspace\evkmimxrt1020_dev_hid_mouse_lite_bm\drivers/fsl_iomuxc.h:891:20:IOMUXC_SetPinConfig	24	static
../board/pin_mux.c:33:6:BOARD_InitBootPins	8	static
../board/pin_mux.c:69:6:BOARD_InitPins	16	static
