Archive member included to satisfy reference by file (symbol)

c:/nxp/mcuxpressoide_11.9.0_2144/ide/plugins/com.nxp.mcuxpresso.tools.win32_11.9.0.202307121226/tools/bin/../lib/gcc/arm-none-eabi/12.3.1/../../../../arm-none-eabi/lib/thumb/v7e-m+dp/hard\libcr_nohost_nf.a(_cr__main.o)
                              ./startup/startup_mimxrt1021.o (__main)
c:/nxp/mcuxpressoide_11.9.0_2144/ide/plugins/com.nxp.mcuxpresso.tools.win32_11.9.0.202307121226/tools/bin/../lib/gcc/arm-none-eabi/12.3.1/../../../../arm-none-eabi/lib/thumb/v7e-m+dp/hard\libcr_c.a(memset.o)
                              ./drivers/fsl_adc.o (memset)
c:/nxp/mcuxpressoide_11.9.0_2144/ide/plugins/com.nxp.mcuxpresso.tools.win32_11.9.0.202307121226/tools/bin/../lib/gcc/arm-none-eabi/12.3.1/../../../../arm-none-eabi/lib/thumb/v7e-m+dp/hard\libcr_c.a(alloc.o)
                              ./drivers/fsl_common.o (malloc)
c:/nxp/mcuxpressoide_11.9.0_2144/ide/plugins/com.nxp.mcuxpresso.tools.win32_11.9.0.202307121226/tools/bin/../lib/gcc/arm-none-eabi/12.3.1/../../../../arm-none-eabi/lib/thumb/v7e-m+dp/hard\libcr_c.a(errno.o)
                              ./utilities/fsl_str.o (errno)
c:/nxp/mcuxpressoide_11.9.0_2144/ide/plugins/com.nxp.mcuxpresso.tools.win32_11.9.0.202307121226/tools/bin/../lib/gcc/arm-none-eabi/12.3.1/../../../../arm-none-eabi/lib/thumb/v7e-m+dp/hard\libcr_c.a(initio.o)
                              c:/nxp/mcuxpressoide_11.9.0_2144/ide/plugins/com.nxp.mcuxpresso.tools.win32_11.9.0.202307121226/tools/bin/../lib/gcc/arm-none-eabi/12.3.1/../../../../arm-none-eabi/lib/thumb/v7e-m+dp/hard\libcr_nohost_nf.a(_cr__main.o) (_initio)
c:/nxp/mcuxpressoide_11.9.0_2144/ide/plugins/com.nxp.mcuxpresso.tools.win32_11.9.0.202307121226/tools/bin/../lib/gcc/arm-none-eabi/12.3.1/../../../../arm-none-eabi/lib/thumb/v7e-m+dp/hard\libcr_c.a(scanf.o)
                              ./utilities/fsl_str.o (strtoul)
c:/nxp/mcuxpressoide_11.9.0_2144/ide/plugins/com.nxp.mcuxpresso.tools.win32_11.9.0.202307121226/tools/bin/../lib/gcc/arm-none-eabi/12.3.1/../../../../arm-none-eabi/lib/thumb/v7e-m+dp/hard\libcr_c.a(setvbuf.o)
                              c:/nxp/mcuxpressoide_11.9.0_2144/ide/plugins/com.nxp.mcuxpresso.tools.win32_11.9.0.202307121226/tools/bin/../lib/gcc/arm-none-eabi/12.3.1/../../../../arm-none-eabi/lib/thumb/v7e-m+dp/hard\libcr_c.a(initio.o) (setvbuf)
c:/nxp/mcuxpressoide_11.9.0_2144/ide/plugins/com.nxp.mcuxpresso.tools.win32_11.9.0.202307121226/tools/bin/../lib/gcc/arm-none-eabi/12.3.1/../../../../arm-none-eabi/lib/thumb/v7e-m+dp/hard\libcr_c.a(strlen.o)
                              ./utilities/fsl_debug_console.o (strlen)
c:/nxp/mcuxpressoide_11.9.0_2144/ide/plugins/com.nxp.mcuxpresso.tools.win32_11.9.0.202307121226/tools/bin/../lib/gcc/arm-none-eabi/12.3.1/../../../../arm-none-eabi/lib/thumb/v7e-m+dp/hard\libcr_c.a(ungetc.o)
                              c:/nxp/mcuxpressoide_11.9.0_2144/ide/plugins/com.nxp.mcuxpresso.tools.win32_11.9.0.202307121226/tools/bin/../lib/gcc/arm-none-eabi/12.3.1/../../../../arm-none-eabi/lib/thumb/v7e-m+dp/hard\libcr_c.a(scanf.o) (ungetc)
c:/nxp/mcuxpressoide_11.9.0_2144/ide/plugins/com.nxp.mcuxpresso.tools.win32_11.9.0.202307121226/tools/bin/../lib/gcc/arm-none-eabi/12.3.1/../../../../arm-none-eabi/lib/thumb/v7e-m+dp/hard\libcr_c.a(__fillbuf.o)
                              c:/nxp/mcuxpressoide_11.9.0_2144/ide/plugins/com.nxp.mcuxpresso.tools.win32_11.9.0.202307121226/tools/bin/../lib/gcc/arm-none-eabi/12.3.1/../../../../arm-none-eabi/lib/thumb/v7e-m+dp/hard\libcr_c.a(scanf.o) (__filbuf)
c:/nxp/mcuxpressoide_11.9.0_2144/ide/plugins/com.nxp.mcuxpresso.tools.win32_11.9.0.202307121226/tools/bin/../lib/gcc/arm-none-eabi/12.3.1/../../../../arm-none-eabi/lib/thumb/v7e-m+dp/hard\libcr_c.a(__init_alloc.o)
                              c:/nxp/mcuxpressoide_11.9.0_2144/ide/plugins/com.nxp.mcuxpresso.tools.win32_11.9.0.202307121226/tools/bin/../lib/gcc/arm-none-eabi/12.3.1/../../../../arm-none-eabi/lib/thumb/v7e-m+dp/hard\libcr_c.a(alloc.o) (__heaps)
c:/nxp/mcuxpressoide_11.9.0_2144/ide/plugins/com.nxp.mcuxpresso.tools.win32_11.9.0.202307121226/tools/bin/../lib/gcc/arm-none-eabi/12.3.1/../../../../arm-none-eabi/lib/thumb/v7e-m+dp/hard\libcr_c.a(_cr_sbrk.o)
                              c:/nxp/mcuxpressoide_11.9.0_2144/ide/plugins/com.nxp.mcuxpresso.tools.win32_11.9.0.202307121226/tools/bin/../lib/gcc/arm-none-eabi/12.3.1/../../../../arm-none-eabi/lib/thumb/v7e-m+dp/hard\libcr_c.a(alloc.o) (_sbrk)
c:/nxp/mcuxpressoide_11.9.0_2144/ide/plugins/com.nxp.mcuxpresso.tools.win32_11.9.0.202307121226/tools/bin/../lib/gcc/arm-none-eabi/12.3.1/../../../../arm-none-eabi/lib/thumb/v7e-m+dp/hard\libcr_c.a(_deferredlazyseek.o)
                              c:/nxp/mcuxpressoide_11.9.0_2144/ide/plugins/com.nxp.mcuxpresso.tools.win32_11.9.0.202307121226/tools/bin/../lib/gcc/arm-none-eabi/12.3.1/../../../../arm-none-eabi/lib/thumb/v7e-m+dp/hard\libcr_c.a(__fillbuf.o) (_deferredlazyseek)
[...]
Memory Configuration

Name             Origin             Length             Attributes
BOARD_FLASH      0x60000000         0x00800000         xr
SRAM_DTC         0x20000000         0x00010000         xrw
SRAM_ITC         0x00000000         0x00010000         xrw
SRAM_OC          0x20200000         0x00020000         xrw
BOARD_SDRAM      0x80000000         0x01e00000         xrw
NCACHE_REGION    0x81e00000         0x00200000         xrw
*default*        0x00000000         0xffffffff

Linker script and memory map

LOAD ./xip/evkmimxrt1020_flexspi_nor_config.o
LOAD ./xip/fsl_flexspi_nor_boot.o
LOAD ./utilities/fsl_assert.o
LOAD ./utilities/fsl_debug_console.o
LOAD ./utilities/fsl_memcpy.o
LOAD ./utilities/fsl_str.o
LOAD ./usb/phy/usb_phy.o
LOAD ./usb/device/source/ehci/usb_device_ehci.o
LOAD ./usb/device/source/usb_device_dci.o
LOAD ./usb/dcd/usb_phydcd.o
LOAD ./startup/startup_mimxrt1021.o
LOAD ./source/configration.o
LOAD ./source/lcd.o
LOAD ./source/mouse.o
LOAD ./source/semc_8080_lcd.o
LOAD ./source/semihost_hardfault.o
LOAD ./source/spi.o
LOAD ./source/touch.o
LOAD ./source/usb_device_ch9.o
LOAD ./source/usb_device_descriptor.o
LOAD ./source/usb_device_hid.o
LOAD ./drivers/fsl_adc.o
LOAD ./drivers/fsl_adc_etc.o
LOAD ./drivers/fsl_cache.o
LOAD ./drivers/fsl_clock.o
LOAD ./drivers/fsl_common.o
LOAD ./drivers/fsl_common_arm.o
LOAD ./drivers/fsl_enc.o
LOAD ./drivers/fsl_gpio.o
LOAD ./drivers/fsl_lpspi.o
LOAD ./drivers/fsl_lpuart.o
LOAD ./drivers/fsl_pit.o
LOAD ./drivers/fsl_qtmr.o
LOAD ./drivers/fsl_xbara.o
LOAD ./device/system_MIMXRT1021.o
LOAD ./component/uart/fsl_adapter_lpuart.o
LOAD ./component/timer/fsl_adapter_pit.o
LOAD ./component/osa/fsl_os_abstraction_bm.o
LOAD ./component/lists/fsl_component_generic_list.o
LOAD ./component/gpio/fsl_adapter_igpio.o
LOAD ./board/board.o
LOAD ./board/clock_config.o
LOAD ./board/dcd.o
LOAD ./board/peripherals.o
LOAD ./board/pin_mux.o
START GROUP
LOAD c:/nxp/mcuxpressoide_11.9.0_2144/ide/plugins/com.nxp.mcuxpresso.tools.win32_11.9.0.202307121226/tools/bin/../lib/gcc/arm-none-eabi/12.3.1/../../../../arm-none-eabi/lib/thumb/v7e-m+dp/hard\libcr_nohost_nf.a
LOAD c:/nxp/mcuxpressoide_11.9.0_2144/ide/plugins/com.nxp.mcuxpresso.tools.win32_11.9.0.202307121226/tools/bin/../lib/gcc/arm-none-eabi/12.3.1/../../../../arm-none-eabi/lib/thumb/v7e-m+dp/hard\libcr_c.a
LOAD c:/nxp/mcuxpressoide_11.9.0_2144/ide/plugins/com.nxp.mcuxpresso.tools.win32_11.9.0.202307121226/tools/bin/../lib/gcc/arm-none-eabi/12.3.1/thumb/v7e-m+dp/hard\libcr_eabihelpers.a
LOAD c:/nxp/mcuxpressoide_11.9.0_2144/ide/plugins/com.nxp.mcuxpresso.tools.win32_11.9.0.202307121226/tools/bin/../lib/gcc/arm-none-eabi/12.3.1/thumb/v7e-m+dp/hard\libgcc.a
END GROUP
                0x60000000                        __base_BOARD_FLASH = 0x60000000
                0x60000000                        __base_Flash = 0x60000000
                0x60800000                        __top_BOARD_FLASH = 0x60800000
                0x60800000                        __top_Flash = 0x60800000
                0x20000000                        __base_SRAM_DTC = 0x20000000
                0x20000000                        __base_RAM = 0x20000000
                0x20010000                        __top_SRAM_DTC = 0x20010000
                0x20010000                        __top_RAM = 0x20010000
                0x00000000                        __base_SRAM_ITC = 0x0
                0x00000000                        __base_RAM2 = 0x0
                0x00010000                        __top_SRAM_ITC = 0x10000
                0x00010000                        __top_RAM2 = 0x10000
                0x20200000                        __base_SRAM_OC = 0x20200000
                0x20200000                        __base_RAM3 = 0x20200000
                0x20220000                        __top_SRAM_OC = 0x20220000
                0x20220000                        __top_RAM3 = 0x20220000
                0x80000000                        __base_BOARD_SDRAM = 0x80000000
                0x80000000                        __base_RAM4 = 0x80000000
                0x81e00000                        __top_BOARD_SDRAM = 0x81e00000
                0x81e00000                        __top_RAM4 = 0x81e00000
                0x81e00000                        __base_NCACHE_REGION = 0x81e00000
                0x81e00000                        __base_RAM5 = 0x81e00000
                0x82000000                        __top_NCACHE_REGION = 0x82000000
                0x82000000                        __top_RAM5 = 0x82000000

.boot_hdr       0x60000000     0x2000
 FILL mask 0xff
                0x60000000                        __boot_hdr_start__ = ABSOLUTE (.)
 *(SORT_BY_ALIGNMENT(.boot_hdr.conf))
 .boot_hdr.conf
                0x60000000      0x200 ./xip/evkmimxrt1020_flexspi_nor_config.o
                0x60000000                qspiflash_config
                0x00001000                        . = 0x1000
 *fill*         0x60000200      0xe00 ff
 *(SORT_BY_ALIGNMENT(.boot_hdr.ivt))
 .boot_hdr.ivt  0x60001000       0x20 ./xip/fsl_flexspi_nor_boot.o
                0x60001000                image_vector_table
                0x00001020                        . = 0x1020
 *(SORT_BY_ALIGNMENT(.boot_hdr.boot_data))
 .boot_hdr.boot_data
                0x60001020       0x10 ./xip/fsl_flexspi_nor_boot.o
                0x60001020                g_boot_data
                0x00001030                        . = 0x1030
 *(SORT_BY_ALIGNMENT(.boot_hdr.dcd_data))
                0x60001030                        __boot_hdr_end__ = ABSOLUTE (.)
                0x00002000                        . = 0x2000
 *fill*         0x60001030      0xfd0 ff

.text           0x60002000     0xb3e4
 FILL mask 0xff
                0x60002000                        __vectors_start__ = ABSOLUTE (.)
 *(SORT_BY_ALIGNMENT(.isr_vector))
 .isr_vector    0x60002000      0x278 ./startup/startup_mimxrt1021.o
                0x60002000                g_pfnVectors
                0x60002000                __Vectors
                0x60002278                        . = ALIGN (0x4)
                0x60002278                        __section_table_start = .
                0x60002278                        __data_section_table = .
                0x60002278        0x4 LONG 0x6000d3e4 LOADADDR (.data)
                0x6000227c        0x4 LONG 0x20000000 ADDR (.data)
                0x60002280        0x4 LONG 0xf4 SIZEOF (.data)
                0x60002284        0x4 LONG 0x6000d3e4 LOADADDR (.data_RAM2)
                0x60002288        0x4 LONG 0x0 ADDR (.data_RAM2)
                0x6000228c        0x4 LONG 0x0 SIZEOF (.data_RAM2)
                0x60002290        0x4 LONG 0x6000d3e4 LOADADDR (.data_RAM3)
                0x60002294        0x4 LONG 0x20200000 ADDR (.data_RAM3)
                0x60002298        0x4 LONG 0x0 SIZEOF (.data_RAM3)
                0x6000229c        0x4 LONG 0x6000d3e4 LOADADDR (.data_RAM4)
                0x600022a0        0x4 LONG 0x80000000 ADDR (.data_RAM4)
                0x600022a4        0x4 LONG 0x0 SIZEOF (.data_RAM4)
                0x600022a8        0x4 LONG 0x6000d3e4 LOADADDR (.data_RAM5)
                0x600022ac        0x4 LONG 0x81e00000 ADDR (.data_RAM5)
                0x600022b0        0x4 LONG 0x0 SIZEOF (.data_RAM5)
                0x600022b4                        __data_section_table_end = .
                0x600022b4                        __bss_section_table = .
                0x600022b4        0x4 LONG 0x20000800 ADDR (.bss)
                0x600022b8        0x4 LONG 0x8a8 SIZEOF (.bss)
                0x600022bc        0x4 LONG 0x0 ADDR (.bss_RAM2)
                0x600022c0        0x4 LONG 0x0 SIZEOF (.bss_RAM2)
                0x600022c4        0x4 LONG 0x20200000 ADDR (.bss_RAM3)
                0x600022c8        0x4 LONG 0x0 SIZEOF (.bss_RAM3)
                0x600022cc        0x4 LONG 0x80000000 ADDR (.bss_RAM4)
                0x600022d0        0x4 LONG 0x0 SIZEOF (.bss_RAM4)
                0x600022d4        0x4 LONG 0x81e00000 ADDR (.bss_RAM5)
                0x600022d8        0x4 LONG 0x0 SIZEOF (.bss_RAM5)
                0x600022dc                        __bss_section_table_end = .
                0x600022dc                        __section_table_end = .
 *(SORT_BY_ALIGNMENT(.after_vectors*))
 .after_vectors.reset
                0x600022dc       0x54 ./startup/startup_mimxrt1021.o
                0x600022dc                ResetISR
 .after_vectors.init_data
                0x60002330       0x1e ./startup/startup_mimxrt1021.o
                0x60002330                data_init
 .after_vectors.init_bss
                0x6000234e       0x12 ./startup/startup_mimxrt1021.o
                0x6000234e                bss_init
 .after_vectors
                0x60002360       0x14 ./startup/startup_mimxrt1021.o
                0x60002360                NMI_Handler
                0x60002364                MemManage_Handler
                0x60002366                BusFault_Handler
                0x60002368                UsageFault_Handler
                0x6000236a                SVC_Handler
                0x6000236c                DebugMon_Handler
                0x6000236e                PendSV_Handler
                0x60002370                SysTick_Handler
                0x60002372                DMA13_DMA29_DriverIRQHandler
                0x60002372                PIT_DriverIRQHandler
                0x60002372                SEMC_DriverIRQHandler
                0x60002372                SPDIF_DriverIRQHandler
                0x60002372                Reserved152_DriverIRQHandler
                0x60002372                FLEXRAM_DriverIRQHandler
                0x60002372                Reserved102_DriverIRQHandler
                0x60002372                SAI3_RX_DriverIRQHandler
                0x60002372                USB_PHY_DriverIRQHandler
                0x60002372                GPIO3_Combined_0_15_DriverIRQHandler
                0x60002372                Reserved82_DriverIRQHandler
                0x60002372                DMA7_DMA23_DriverIRQHandler
                0x60002372                BEE_DriverIRQHandler
                0x60002372                LPI2C3_DriverIRQHandler
                0x60002372                GPR_IRQ_DriverIRQHandler
                0x60002372                Reserved103_DriverIRQHandler
                0x60002372                PWM2_FAULT_DriverIRQHandler
                0x60002372                Reserved56_DriverIRQHandler
                0x60002372                DMA14_DMA30_DriverIRQHandler
                0x60002372                TMR1_DriverIRQHandler
                0x60002372                TRNG_DriverIRQHandler
                0x60002372                ENET_1588_Timer_DriverIRQHandler
                0x60002372                GPIO2_Combined_16_31_DriverIRQHandler
                0x60002372                Reserved143_DriverIRQHandler
                0x60002372                CCM_2_DriverIRQHandler
                0x60002372                Reserved151_DriverIRQHandler
                0x60002372                DMA0_DMA16_DriverIRQHandler
                0x60002372                IntDefaultHandler
                0x60002372                DMA2_DMA18_DriverIRQHandler
                0x60002372                SRC_DriverIRQHandler
                0x60002372                GPIO1_INT4_DriverIRQHandler
                0x60002372                Reserved144_DriverIRQHandler
                0x60002372                USDHC1_DriverIRQHandler
                0x60002372                SNVS_LP_HP_WRAPPER_DriverIRQHandler
                0x60002372                EWM_DriverIRQHandler
                0x60002372                WDOG1_DriverIRQHandler
                0x60002372                KPP_DriverIRQHandler
                0x60002372                ENET_DriverIRQHandler
                0x60002372                Reserved78_DriverIRQHandler
                0x60002372                ENC2_DriverIRQHandler
                0x60002372                ADC_ETC_IRQ2_DriverIRQHandler
                0x60002372                GPIO1_Combined_16_31_DriverIRQHandler
                0x60002372                GPIO1_INT7_DriverIRQHandler
                0x60002372                SAI1_DriverIRQHandler
                0x60002372                DCDC_DriverIRQHandler
                0x60002372                DMA12_DMA28_DriverIRQHandler
                0x60002372                ADC_ETC_ERROR_IRQ_DriverIRQHandler
                0x60002372                ACMP2_DriverIRQHandler
                0x60002372                GPIO5_Combined_0_15_DriverIRQHandler
                0x60002372                GPIO1_INT0_DriverIRQHandler
                0x60002372                GPIO1_INT2_DriverIRQHandler
                0x60002372                RTWDOG_DriverIRQHandler
                0x60002372                FLEXSPI_DriverIRQHandler
                0x60002372                GPT2_DriverIRQHandler
                0x60002372                DMA10_DMA26_DriverIRQHandler
                0x60002372                PWM2_1_DriverIRQHandler
                0x60002372                PWM1_1_DriverIRQHandler
                0x60002372                ADC1_DriverIRQHandler
                0x60002372                Reserved148_DriverIRQHandler
                0x60002372                PWM1_0_DriverIRQHandler
                0x60002372                DMA1_DMA17_DriverIRQHandler
                0x60002372                ENC1_DriverIRQHandler
                0x60002372                CAN2_DriverIRQHandler
                0x60002372                DCP_DriverIRQHandler
                0x60002372                CTI0_ERROR_DriverIRQHandler
                0x60002372                DMA8_DMA24_DriverIRQHandler
                0x60002372                GPT1_DriverIRQHandler
                0x60002372                ACMP3_DriverIRQHandler
                0x60002372                DMA6_DMA22_DriverIRQHandler
                0x60002372                CSU_DriverIRQHandler
                0x60002372                GPIO1_INT5_DriverIRQHandler
                0x60002372                TMR2_DriverIRQHandler
                0x60002372                CTI1_ERROR_DriverIRQHandler
                0x60002372                GPIO1_Combined_0_15_DriverIRQHandler
                0x60002372                USDHC2_DriverIRQHandler
                0x60002372                Reserved87_DriverIRQHandler
                0x60002372                SAI2_DriverIRQHandler
                0x60002372                CORE_DriverIRQHandler
                0x60002372                Reserved147_DriverIRQHandler
                0x60002372                FLEXIO1_DriverIRQHandler
                0x60002372                DMA11_DMA27_DriverIRQHandler
                0x60002372                PWM2_3_DriverIRQHandler
                0x60002372                Reserved60_DriverIRQHandler
                0x60002372                XBAR1_IRQ_2_3_DriverIRQHandler
                0x60002372                SNVS_HP_WRAPPER_TZ_DriverIRQHandler
                0x60002372                GPIO3_Combined_16_31_DriverIRQHandler
                0x60002372                PWM1_FAULT_DriverIRQHandler
                0x60002372                LPI2C1_DriverIRQHandler
                0x60002372                PWM2_2_DriverIRQHandler
                0x60002372                Reserved128_DriverIRQHandler
                0x60002372                DMA4_DMA20_DriverIRQHandler
                0x60002372                DMA9_DMA25_DriverIRQHandler
                0x60002372                SNVS_HP_WRAPPER_DriverIRQHandler
                0x60002372                XBAR1_IRQ_0_1_DriverIRQHandler
                0x60002372                ADC_ETC_IRQ1_DriverIRQHandler
                0x60002372                DMA3_DMA19_DriverIRQHandler
                0x60002372                GPIO1_INT3_DriverIRQHandler
                0x60002372                DCP_VMI_DriverIRQHandler
                0x60002372                LPI2C4_DriverIRQHandler
                0x60002372                GPC_DriverIRQHandler
                0x60002372                Reserved123_DriverIRQHandler
                0x60002372                GPIO2_Combined_0_15_DriverIRQHandler
                0x60002372                PWM1_2_DriverIRQHandler
                0x60002372                USB_OTG1_DriverIRQHandler
                0x60002372                TEMP_LOW_HIGH_DriverIRQHandler
                0x60002372                SAI3_TX_DriverIRQHandler
                0x60002372                WDOG2_DriverIRQHandler
                0x60002372                Reserved68_DriverIRQHandler
                0x60002372                PMU_DriverIRQHandler
                0x60002372                Reserved59_DriverIRQHandler
                0x60002372                GPIO5_Combined_16_31_DriverIRQHandler
                0x60002372                DMA5_DMA21_DriverIRQHandler
                0x60002372                CCM_1_DriverIRQHandler
                0x60002372                ADC2_DriverIRQHandler
                0x60002372                Reserved58_DriverIRQHandler
                0x60002372                Reserved115_DriverIRQHandler
                0x60002372                TEMP_PANIC_DriverIRQHandler
                0x60002372                ACMP4_DriverIRQHandler
                0x60002372                DMA15_DMA31_DriverIRQHandler
                0x60002372                Reserved107_DriverIRQHandler
                0x60002372                PWM1_3_DriverIRQHandler
                0x60002372                Reserved70_DriverIRQHandler
                0x60002372                ACMP1_DriverIRQHandler
                0x60002372                LPI2C2_DriverIRQHandler
                0x60002372                Reserved86_DriverIRQHandler
                0x60002372                DMA_ERROR_DriverIRQHandler
                0x60002372                ADC_ETC_IRQ0_DriverIRQHandler
                0x60002372                CAN1_DriverIRQHandler
                0x60002372                GPIO1_INT6_DriverIRQHandler
                0x60002372                GPIO1_INT1_DriverIRQHandler
                0x60002372                PWM2_0_DriverIRQHandler
 *(SORT_BY_ALIGNMENT(.text*))
 *fill*         0x60002374        0x4 ff
 .text.LPSPI_MasterSetDelayTimes
                0x60002378      0x284 ./drivers/fsl_lpspi.o
                0x60002378                LPSPI_MasterSetDelayTimes
 .text.__assertion_failed
                0x600025fc       0x2c ./utilities/fsl_assert.o
                0x600025fc                __assertion_failed
 .text.DbgConsole_Init
                0x60002628       0x88 ./utilities/fsl_debug_console.o
                0x60002628                DbgConsole_Init
 .text.DbgConsole_Vprintf
                0x600026b0       0x3c ./utilities/fsl_debug_console.o
                0x600026b0                DbgConsole_Vprintf
 .text.DbgConsole_Putchar
                0x600026ec       0x30 ./utilities/fsl_debug_console.o
                0x600026ec                DbgConsole_Putchar
 .text.DbgConsole_PrintfFormattedData
                0x6000271c      0x3e0 ./utilities/fsl_debug_console.o
 .text          0x60002afc       0xa0 ./utilities/fsl_memcpy.o
                0x60002afc                memcpy
 .text.USB_EhciPhyGetBase
                0x60002b9c       0x8c ./usb/phy/usb_phy.o
                0x60002b9c                USB_EhciPhyGetBase
 .text.USB_EhciPhyInit
                0x60002c28       0xc8 ./usb/phy/usb_phy.o
                0x60002c28                USB_EhciPhyInit
 .text.USB_DeviceEhciCancelControlPipe
                0x60002cf0      0x17c ./usb/device/source/ehci/usb_device_ehci.o
 .text.USB_DeviceEhciInterruptTokenDone
                0x60002e6c      0x414 ./usb/device/source/ehci/usb_device_ehci.o
 .text.USB_DeviceEhciTransfer
                0x60003280      0x3ac ./usb/device/source/ehci/usb_device_ehci.o
 .text.USB_EhciGetValidEhciState
                0x6000362c       0x58 ./usb/device/source/ehci/usb_device_ehci.o
 .text.USB_DeviceEhciInit
                0x60003684      0x188 ./usb/device/source/ehci/usb_device_ehci.o
                0x60003684                USB_DeviceEhciInit
 .text.USB_DeviceEhciDeinit
                0x6000380c       0x94 ./usb/device/source/ehci/usb_device_ehci.o
                0x6000380c                USB_DeviceEhciDeinit
 .text.USB_DeviceEhciCancel
                0x600038a0      0x21c ./usb/device/source/ehci/usb_device_ehci.o
                0x600038a0                USB_DeviceEhciCancel
 .text.USB_DeviceEhciControl
                0x60003abc      0x2f8 ./usb/device/source/ehci/usb_device_ehci.o
                0x60003abc                USB_DeviceEhciControl
 .text.USB_DeviceAllocateHandle
                0x60003db4       0xd8 ./usb/device/source/usb_device_dci.o
 .text.USB_DeviceGetControllerInterface
                0x60003e8c       0x3c ./usb/device/source/usb_device_dci.o
 .text.USB_DeviceNotification
                0x60003ec8      0x158 ./usb/device/source/usb_device_dci.o
 .text.USB_DeviceGetStatus
                0x60004020       0xcc ./usb/device/source/usb_device_dci.o
                0x60004020                USB_DeviceGetStatus
 .text.USB_DeviceSetStatus
                0x600040ec      0x118 ./usb/device/source/usb_device_dci.o
                0x600040ec                USB_DeviceSetStatus
 .text.USB_PHYDCD_Init
                0x60004204       0xac ./usb/dcd/usb_phydcd.o
                0x60004204                USB_PHYDCD_Init
 .text.USB_PHYDCD_Control
                0x600042b0       0x94 ./usb/dcd/usb_phydcd.o
                0x600042b0                USB_PHYDCD_Control
 .text.USB_PHYDCD_TimerIsrFunction
                0x60004344      0x43c ./usb/dcd/usb_phydcd.o
                0x60004344                USB_PHYDCD_TimerIsrFunction
 .text.GPIO_PinRead
                0x60004780       0x30 ./source/configration.o
 .text.ADC_GetChannelConversionValue
                0x600047b0       0x30 ./source/configration.o
 .text.ADC1_IRQHandler
                0x600047e0       0x54 ./source/configration.o
                0x600047e0                ADC1_IRQHandler
 .text.ADC_ETC_ERROR_IRQ_IRQHandler
                0x60004834       0x58 ./source/configration.o
                0x60004834                ADC_ETC_ERROR_IRQ_IRQHandler
 .text.TMR1_IRQHandler
                0x6000488c       0x70 ./source/configration.o
                0x6000488c                TMR1_IRQHandler
 .text.LCD_WriteCommand
                0x600048fc       0x2c ./source/lcd.o
                0x600048fc                LCD_WriteCommand
 .text.LCD_WriteData
                0x60004928       0x2c ./source/lcd.o
                0x60004928                LCD_WriteData
 .text.LCD_Init
                0x60004954      0x200 ./source/lcd.o
                0x60004954                LCD_Init
 .text.__NVIC_EnableIRQ
                0x60004b54       0x3c ./source/mouse.o
 .text.__NVIC_SetPriority
                0x60004b90       0x54 ./source/mouse.o
 .text.HW_TimerCallback
                0x60004be4       0x38 ./source/mouse.o
                0x60004be4                HW_TimerCallback
 .text.HW_TimerInit
                0x60004c1c       0x44 ./source/mouse.o
                0x60004c1c                HW_TimerInit
 .text.USB_OTG1_IRQHandler
                0x60004c60       0x18 ./source/mouse.o
                0x60004c60                USB_OTG1_IRQHandler
 .text.USB_DeviceClockInit
                0x60004c78       0x48 ./source/mouse.o
                0x60004c78                USB_DeviceClockInit
 .text.USB_DeviceHidMouseAction
                0x60004cc0       0xe0 ./source/mouse.o
 .text.USB_DeviceHidInterruptIn
                0x60004da0       0x40 ./source/mouse.o
 .text.USB_DeviceCallback
                0x60004de0      0x1f0 ./source/mouse.o
                0x60004de0                USB_DeviceCallback
 .text.USB_DeviceGetSetupBuffer
                0x60004fd0       0x2c ./source/mouse.o
                0x60004fd0                USB_DeviceGetSetupBuffer
 .text.USB_DeviceGetClassReceiveBuffer
                0x60004ffc       0x38 ./source/mouse.o
                0x60004ffc                USB_DeviceGetClassReceiveBuffer
 .text.USB_DeviceProcessClassRequest
                0x60005034       0x6c ./source/mouse.o
                0x60005034                USB_DeviceProcessClassRequest
 .text.USB_DeviceApplicationInit
                0x600050a0       0x64 ./source/mouse.o
 .text.main     0x60005104       0x4c ./source/mouse.o
                0x60005104                main
 .text.USB_DeviceCh9GetStatus
                0x60005150       0xfc ./source/usb_device_ch9.o
 .text.USB_DeviceCh9GetConfiguration
                0x6000524c       0x80 ./source/usb_device_ch9.o
 .text.USB_DeviceCh9GetInterface
                0x600052cc       0x80 ./source/usb_device_ch9.o
 .text.USB_DeviceCh9SynchFrame
                0x6000534c       0x84 ./source/usb_device_ch9.o
 .text.USB_DeviceControlCallback
                0x600053d0      0x270 ./source/usb_device_ch9.o
                0x600053d0                USB_DeviceControlCallback
 .text.USB_DeviceControlPipeInit
                0x60005640       0x7c ./source/usb_device_ch9.o
                0x60005640                USB_DeviceControlPipeInit
 .text.USB_DeviceGetDescriptor
                0x600056bc      0x138 ./source/usb_device_descriptor.o
                0x600056bc                USB_DeviceGetDescriptor
 .text.USB_DeviceSetConfigure
                0x600057f4       0x38 ./source/usb_device_descriptor.o
                0x600057f4                USB_DeviceSetConfigure
 .text.USB_DeviceGetConfigure
                0x6000582c       0x24 ./source/usb_device_descriptor.o
                0x6000582c                USB_DeviceGetConfigure
 .text.USB_DeviceSetInterface
                0x60005850       0x40 ./source/usb_device_descriptor.o
                0x60005850                USB_DeviceSetInterface
 .text.USB_DeviceGetInterface
                0x60005890       0x34 ./source/usb_device_descriptor.o
                0x60005890                USB_DeviceGetInterface
 .text.USB_DeviceSetSpeed
                0x600058c4       0xa0 ./source/usb_device_descriptor.o
                0x600058c4                USB_DeviceSetSpeed
 .text.CLOCK_ControlGate
                0x60005964       0x60 ./drivers/fsl_adc.o
 .text.ADC_GetInstance
                0x600059c4       0x4c ./drivers/fsl_adc.o
 .text.ADC_Init
                0x60005a10       0xf8 ./drivers/fsl_adc.o
                0x60005a10                ADC_Init
 .text.ADC_SetChannelConfig
                0x60005b08       0x58 ./drivers/fsl_adc.o
                0x60005b08                ADC_SetChannelConfig
 .text.ADC_ETC_Init
                0x60005b60       0x54 ./drivers/fsl_adc_etc.o
                0x60005b60                ADC_ETC_Init
 .text.ADC_ETC_SetTriggerConfig
                0x60005bb4       0xa8 ./drivers/fsl_adc_etc.o
                0x60005bb4                ADC_ETC_SetTriggerConfig
 .text.ADC_ETC_SetTriggerChainConfig
                0x60005c5c      0x1f0 ./drivers/fsl_adc_etc.o
                0x60005c5c                ADC_ETC_SetTriggerChainConfig
 .text.ADC_ETC_GetADCConversionValue
                0x60005e4c      0x140 ./drivers/fsl_adc_etc.o
                0x60005e4c                ADC_ETC_GetADCConversionValue
 .text.CLOCK_GetOscFreq
                0x60005f8c       0x30 ./drivers/fsl_clock.o
 .text.CLOCK_GetPeriphClkFreq
                0x60005fbc       0xdc ./drivers/fsl_clock.o
 .text.CLOCK_GetPllUsb1SWFreq
                0x60006098       0x44 ./drivers/fsl_clock.o
 .text.CLOCK_InitExternalClk
                0x600060dc       0x6c ./drivers/fsl_clock.o
                0x600060dc                CLOCK_InitExternalClk
 .text.CLOCK_SwitchOsc
                0x60006148       0x34 ./drivers/fsl_clock.o
                0x60006148                CLOCK_SwitchOsc
 .text.CLOCK_InitRcOsc24M
                0x6000617c       0x24 ./drivers/fsl_clock.o
                0x6000617c                CLOCK_InitRcOsc24M
 .text.CLOCK_GetAhbFreq
                0x600061a0       0x24 ./drivers/fsl_clock.o
                0x600061a0                CLOCK_GetAhbFreq
 .text.CLOCK_GetSemcFreq
                0x600061c4       0x5c ./drivers/fsl_clock.o
                0x600061c4                CLOCK_GetSemcFreq
 .text.CLOCK_GetIpgFreq
                0x60006220       0x24 ./drivers/fsl_clock.o
                0x60006220                CLOCK_GetIpgFreq
 .text.CLOCK_GetPerClkFreq
                0x60006244       0x40 ./drivers/fsl_clock.o
                0x60006244                CLOCK_GetPerClkFreq
 .text.CLOCK_GetFreq
                0x60006284      0x198 ./drivers/fsl_clock.o
                0x60006284                CLOCK_GetFreq
 .text.CLOCK_EnableUsbhs0Clock
                0x6000641c       0x7c ./drivers/fsl_clock.o
                0x6000641c                CLOCK_EnableUsbhs0Clock
 .text.CLOCK_EnableUsbhs0PhyPllClock
                0x60006498       0x6c ./drivers/fsl_clock.o
                0x60006498                CLOCK_EnableUsbhs0PhyPllClock
 .text.CLOCK_InitSysPll
                0x60006504       0x9c ./drivers/fsl_clock.o
                0x60006504                CLOCK_InitSysPll
 .text.CLOCK_InitUsb1Pll
                0x600065a0       0x68 ./drivers/fsl_clock.o
                0x600065a0                CLOCK_InitUsb1Pll
 .text.CLOCK_DeinitAudioPll
                0x60006608       0x1c ./drivers/fsl_clock.o
                0x60006608                CLOCK_DeinitAudioPll
 .text.CLOCK_InitEnetPll
                0x60006624       0xa4 ./drivers/fsl_clock.o
                0x60006624                CLOCK_InitEnetPll
 .text.CLOCK_GetPllFreq
                0x600066c8      0x26c ./drivers/fsl_clock.o
                0x600066c8                CLOCK_GetPllFreq
 .text.CLOCK_InitSysPfd
                0x60006934       0x64 ./drivers/fsl_clock.o
                0x60006934                CLOCK_InitSysPfd
 .text.CLOCK_GetSysPfdFreq
                0x60006998       0xac ./drivers/fsl_clock.o
                0x60006998                CLOCK_GetSysPfdFreq
 .text.CLOCK_GetUsb1PfdFreq
                0x60006a44       0xac ./drivers/fsl_clock.o
                0x60006a44                CLOCK_GetUsb1PfdFreq
 .text.CLOCK_ControlGate
                0x60006af0       0x60 ./drivers/fsl_gpio.o
 .text.GPIO_GetInstance
                0x60006b50       0x4c ./drivers/fsl_gpio.o
 .text.GPIO_PinInit
                0x60006b9c       0xa4 ./drivers/fsl_gpio.o
                0x60006b9c                GPIO_PinInit
 .text.GPIO_PinWrite
                0x60006c40       0x48 ./drivers/fsl_gpio.o
                0x60006c40                GPIO_PinWrite
 .text.GPIO_PinSetInterruptConfig
                0x60006c88       0xfc ./drivers/fsl_gpio.o
                0x60006c88                GPIO_PinSetInterruptConfig
 .text.CLOCK_ControlGate
                0x60006d84       0x60 ./drivers/fsl_lpspi.o
 .text.LPSPI_GetInstance
                0x60006de4       0x50 ./drivers/fsl_lpspi.o
                0x60006de4                LPSPI_GetInstance
 .text.LPSPI_SetDummyData
                0x60006e34       0x2c ./drivers/fsl_lpspi.o
                0x60006e34                LPSPI_SetDummyData
 .text.LPSPI_MasterInit
                0x60006e60      0x170 ./drivers/fsl_lpspi.o
                0x60006e60                LPSPI_MasterInit
 .text.LPSPI_MasterSetBaudRate
                0x60006fd0       0xf8 ./drivers/fsl_lpspi.o
                0x60006fd0                LPSPI_MasterSetBaudRate
 .text.LPSPI_MasterSetDelayScaler
                0x600070c8       0x78 ./drivers/fsl_lpspi.o
                0x600070c8                LPSPI_MasterSetDelayScaler
 .text.LPSPI_CommonIRQHandler
                0x60007140       0x44 ./drivers/fsl_lpspi.o
 .text.LPSPI1_DriverIRQHandler
                0x60007184       0x30 ./drivers/fsl_lpspi.o
                0x60007184                LPSPI1_DriverIRQHandler
 .text.LPSPI2_DriverIRQHandler
                0x600071b4       0x30 ./drivers/fsl_lpspi.o
                0x600071b4                LPSPI2_DriverIRQHandler
 .text.LPSPI3_DriverIRQHandler
                0x600071e4       0x30 ./drivers/fsl_lpspi.o
                0x600071e4                LPSPI3_DriverIRQHandler
 .text.LPSPI4_DriverIRQHandler
                0x60007214       0x30 ./drivers/fsl_lpspi.o
                0x60007214                LPSPI4_DriverIRQHandler
 .text.CLOCK_ControlGate
                0x60007244       0x60 ./drivers/fsl_lpuart.o
 .text.LPUART_GetInstance
                0x600072a4       0x4c ./drivers/fsl_lpuart.o
                0x600072a4                LPUART_GetInstance
 .text.LPUART_Init
                0x600072f0      0x320 ./drivers/fsl_lpuart.o
                0x600072f0                LPUART_Init
 .text.LPUART_GetDefaultConfig
                0x60007610       0x88 ./drivers/fsl_lpuart.o
                0x60007610                LPUART_GetDefaultConfig
 .text.LPUART_GetStatusFlags
                0x60007698       0x38 ./drivers/fsl_lpuart.o
                0x60007698                LPUART_GetStatusFlags
 .text.LPUART_ClearStatusFlags
                0x600076d0       0x7c ./drivers/fsl_lpuart.o
                0x600076d0                LPUART_ClearStatusFlags
 .text.LPUART_WriteBlocking
                0x6000774c       0x68 ./drivers/fsl_lpuart.o
                0x6000774c                LPUART_WriteBlocking
 .text.LPUART_ReadBlocking
                0x600077b4      0x160 ./drivers/fsl_lpuart.o
                0x600077b4                LPUART_ReadBlocking
 .text.LPUART1_DriverIRQHandler
                0x60007914       0x28 ./drivers/fsl_lpuart.o
                0x60007914                LPUART1_DriverIRQHandler
 .text.LPUART2_DriverIRQHandler
                0x6000793c       0x28 ./drivers/fsl_lpuart.o
                0x6000793c                LPUART2_DriverIRQHandler
 .text.LPUART3_DriverIRQHandler
                0x60007964       0x28 ./drivers/fsl_lpuart.o
                0x60007964                LPUART3_DriverIRQHandler
 .text.LPUART4_DriverIRQHandler
                0x6000798c       0x28 ./drivers/fsl_lpuart.o
                0x6000798c                LPUART4_DriverIRQHandler
 .text.LPUART5_DriverIRQHandler
                0x600079b4       0x28 ./drivers/fsl_lpuart.o
                0x600079b4                LPUART5_DriverIRQHandler
 .text.LPUART6_DriverIRQHandler
                0x600079dc       0x28 ./drivers/fsl_lpuart.o
                0x600079dc                LPUART6_DriverIRQHandler
 .text.LPUART7_DriverIRQHandler
                0x60007a04       0x28 ./drivers/fsl_lpuart.o
                0x60007a04                LPUART7_DriverIRQHandler
 .text.LPUART8_DriverIRQHandler
                0x60007a2c       0x28 ./drivers/fsl_lpuart.o
                0x60007a2c                LPUART8_DriverIRQHandler
 .text.CLOCK_ControlGate
                0x60007a54       0x60 ./drivers/fsl_pit.o
 .text.PIT_GetInstance
                0x60007ab4       0x44 ./drivers/fsl_pit.o
 .text.PIT_Init
                0x60007af8       0x94 ./drivers/fsl_pit.o
                0x60007af8                PIT_Init
 .text.CLOCK_ControlGate
                0x60007b8c       0x60 ./drivers/fsl_qtmr.o
 .text.QTMR_GetInstance
                0x60007bec       0x4c ./drivers/fsl_qtmr.o
 .text.QTMR_Init
                0x60007c38      0x100 ./drivers/fsl_qtmr.o
                0x60007c38                QTMR_Init
 .text.QTMR_SetupInputCapture
                0x60007d38       0xf4 ./drivers/fsl_qtmr.o
                0x60007d38                QTMR_SetupInputCapture
 .text.SystemInit
                0x60007e2c      0x144 ./device/system_MIMXRT1021.o
                0x60007e2c                SystemInit
 .text.HAL_UartInitCommon
                0x60007f70       0xe0 ./component/uart/fsl_adapter_lpuart.o
 .text.HAL_UartInit
                0x60008050       0x84 ./component/uart/fsl_adapter_lpuart.o
                0x60008050                HAL_UartInit
 .text.HAL_UartReceiveBlocking
                0x600080d4       0x6c ./component/uart/fsl_adapter_lpuart.o
                0x600080d4                HAL_UartReceiveBlocking
 .text.HAL_UartSendBlocking
                0x60008140       0x64 ./component/uart/fsl_adapter_lpuart.o
                0x60008140                HAL_UartSendBlocking
 .text.__NVIC_EnableIRQ
                0x600081a4       0x3c ./component/timer/fsl_adapter_pit.o
 .text.__NVIC_SetPriority
                0x600081e0       0x54 ./component/timer/fsl_adapter_pit.o
 .text.PIT_GetDefaultConfig
                0x60008234       0x28 ./component/timer/fsl_adapter_pit.o
 .text.PIT_SetTimerPeriod
                0x6000825c       0x38 ./component/timer/fsl_adapter_pit.o
 .text.HAL_TimerInterruptHandle
                0x60008294       0x44 ./component/timer/fsl_adapter_pit.o
 .text.HAL_TimerInit
                0x600082d8      0x134 ./component/timer/fsl_adapter_pit.o
                0x600082d8                HAL_TimerInit
 .text.HAL_TimerInstallCallback
                0x6000840c       0x34 ./component/timer/fsl_adapter_pit.o
                0x6000840c                HAL_TimerInstallCallback
 .text.HAL_GpioInterruptHandle
                0x60008440       0xbc ./component/gpio/fsl_adapter_igpio.o
 .text.ARM_MPU_Enable
                0x600084fc       0x44 ./board/board.o
 .text.ARM_MPU_Disable
                0x60008540       0x40 ./board/board.o
 .text.CLOCK_GetMux
                0x60008580       0x44 ./board/board.o
 .text.CLOCK_GetDiv
                0x600085c4       0x44 ./board/board.o
 .text.CLOCK_GetOscFreq
                0x60008608       0x30 ./board/board.o
 .text.BOARD_DebugConsoleSrcFreq
                0x60008638       0x64 ./board/board.o
                0x60008638                BOARD_DebugConsoleSrcFreq
 .text.BOARD_ConfigMPU
                0x6000869c      0x324 ./board/board.o
                0x6000869c                BOARD_ConfigMPU
 .text.CLOCK_SetMux
                0x600089c0       0x9c ./board/clock_config.o
 .text.CLOCK_SetDiv
                0x60008a5c       0x9c ./board/clock_config.o
 .text.CLOCK_ControlGate
                0x60008af8       0x60 ./board/clock_config.o
 .text.CLOCK_SetXtalFreq
                0x60008b58       0x20 ./board/clock_config.o
 .text.CLOCK_SetRtcXtalFreq
                0x60008b78       0x20 ./board/clock_config.o
 .text.IOMUXC_MQSConfig
                0x60008b98       0x44 ./board/clock_config.o
 .text.BOARD_BootClockRUN
                0x60008bdc      0x4ec ./board/clock_config.o
                0x60008bdc                BOARD_BootClockRUN
 .text.__NVIC_EnableIRQ
                0x600090c8       0x3c ./board/peripherals.o
 .text.__NVIC_SetPriority
                0x60009104       0x54 ./board/peripherals.o
 .text.LPUART1_init
                0x60009158       0x20 ./board/peripherals.o
 .text.ADC1_init
                0x60009178       0x34 ./board/peripherals.o
 .text.LPSPI4_init
                0x600091ac       0x20 ./board/peripherals.o
 .text.ADC_ETC_init
                0x600091cc       0x3c ./board/peripherals.o
 .text.TMR1_init
                0x60009208       0x8c ./board/peripherals.o
 .text.CLOCK_ControlGate
                0x60009294       0x60 ./board/pin_mux.o
 .text.BOARD_InitPins
                0x600092f4      0x244 ./board/pin_mux.o
                0x600092f4                BOARD_InitPins
 .text._initio  0x60009538       0x78 c:/nxp/mcuxpressoide_11.9.0_2144/ide/plugins/com.nxp.mcuxpresso.tools.win32_11.9.0.202307121226/tools/bin/../lib/gcc/arm-none-eabi/12.3.1/../../../../arm-none-eabi/lib/thumb/v7e-m+dp/hard\libcr_c.a(initio.o)
                0x60009538                _initio
 .text._Cwritebuf
                0x600095b0       0x6c c:/nxp/mcuxpressoide_11.9.0_2144/ide/plugins/com.nxp.mcuxpresso.tools.win32_11.9.0.202307121226/tools/bin/../lib/gcc/arm-none-eabi/12.3.1/../../../../arm-none-eabi/lib/thumb/v7e-m+dp/hard\libcr_c.a(_writebuf.o)
                0x600095b0                _Cwritebuf
 .text.fflush   0x6000961c       0x3c c:/nxp/mcuxpressoide_11.9.0_2144/ide/plugins/com.nxp.mcuxpresso.tools.win32_11.9.0.202307121226/tools/bin/../lib/gcc/arm-none-eabi/12.3.1/../../../../arm-none-eabi/lib/thumb/v7e-m+dp/hard\libcr_c.a(fflush.o)
                0x6000961c                fflush
 .text.fseek    0x60009658       0xf8 c:/nxp/mcuxpressoide_11.9.0_2144/ide/plugins/com.nxp.mcuxpresso.tools.win32_11.9.0.202307121226/tools/bin/../lib/gcc/arm-none-eabi/12.3.1/../../../../arm-none-eabi/lib/thumb/v7e-m+dp/hard\libcr_c.a(fseek.o)
                0x60009658                fseek
 .text.ftell    0x60009750       0x44 c:/nxp/mcuxpressoide_11.9.0_2144/ide/plugins/com.nxp.mcuxpresso.tools.win32_11.9.0.202307121226/tools/bin/../lib/gcc/arm-none-eabi/12.3.1/../../../../arm-none-eabi/lib/thumb/v7e-m+dp/hard\libcr_c.a(ftell.o)
                0x60009750                ftell
 .text.fsl_assert_hook
                0x60009794       0x1a ./utilities/fsl_assert.o
                0x60009794                fsl_assert_hook
 .text.DbgConsole_Printf
                0x600097ae       0x2c ./utilities/fsl_debug_console.o
                0x600097ae                DbgConsole_Printf
 .text.DbgConsole_PrintfPaddingCharacter
                0x600097da       0x40 ./utilities/fsl_debug_console.o
 .text.DbgConsole_ConvertRadixNumToString
                0x6000981a       0xc2 ./utilities/fsl_debug_console.o
 .text.USB_DeviceEhciSetDefaultState
                0x600098dc      0x154 ./usb/device/source/ehci/usb_device_ehci.o
 .text.USB_DeviceEhciEndpointInit
                0x60009a30      0x204 ./usb/device/source/ehci/usb_device_ehci.o
 .text.USB_DeviceEhciEndpointDeinit
                0x60009c34       0xf6 ./usb/device/source/ehci/usb_device_ehci.o
 .text.USB_DeviceEhciEndpointStall
                0x60009d2a       0x8a ./usb/device/source/ehci/usb_device_ehci.o
 .text.USB_DeviceEhciEndpointUnstall
                0x60009db4       0xba ./usb/device/source/ehci/usb_device_ehci.o
 .text.USB_DeviceEhciFillSetupBuffer
                0x60009e6e       0xa6 ./usb/device/source/ehci/usb_device_ehci.o
 .text.USB_DeviceEhciInterruptPortChange
                0x60009f14       0x74 ./usb/device/source/ehci/usb_device_ehci.o
 .text.USB_DeviceEhciInterruptReset
                0x60009f88       0x92 ./usb/device/source/ehci/usb_device_ehci.o
 .text.USB_DeviceEhciInterruptSof
                0x6000a01a       0x14 ./usb/device/source/ehci/usb_device_ehci.o
 .text.USB_DeviceEhciIsrPHYDCDCallback
                0x6000a02e       0x4c ./usb/device/source/ehci/usb_device_ehci.o
 .text.USB_DeviceEhciSend
                0x6000a07a       0x32 ./usb/device/source/ehci/usb_device_ehci.o
                0x6000a07a                USB_DeviceEhciSend
 .text.USB_DeviceEhciRecv
                0x6000a0ac       0x2c ./usb/device/source/ehci/usb_device_ehci.o
                0x6000a0ac                USB_DeviceEhciRecv
 .text.USB_DeviceEhciIsrFunction
                0x6000a0d8       0xfc ./usb/device/source/ehci/usb_device_ehci.o
                0x6000a0d8                USB_DeviceEhciIsrFunction
 .text.USB_DeviceFreeHandle
                0x6000a1d4       0x36 ./usb/device/source/usb_device_dci.o
 .text.USB_DeviceTransfer
                0x6000a20a      0x124 ./usb/device/source/usb_device_dci.o
 .text.USB_DeviceControl
                0x6000a32e       0x4c ./usb/device/source/usb_device_dci.o
 .text.USB_DeviceResetNotification
                0x6000a37a       0x98 ./usb/device/source/usb_device_dci.o
 .text.USB_DeviceDetachNotification
                0x6000a412       0x20 ./usb/device/source/usb_device_dci.o
 .text.USB_DeviceAttachNotification
                0x6000a432       0x20 ./usb/device/source/usb_device_dci.o
 .text.USB_DeviceDcdDetectFinihsedNotification
                0x6000a452       0x22 ./usb/device/source/usb_device_dci.o
 .text.USB_DeviceNotificationTrigger
                0x6000a474       0x40 ./usb/device/source/usb_device_dci.o
                0x6000a474                USB_DeviceNotificationTrigger
 .text.USB_DeviceInit
                0x6000a4b4      0x16a ./usb/device/source/usb_device_dci.o
                0x6000a4b4                USB_DeviceInit
 .text.USB_DeviceDeinit
                0x6000a61e       0x42 ./usb/device/source/usb_device_dci.o
                0x6000a61e                USB_DeviceDeinit
 .text.USB_DeviceSendRequest
                0x6000a660       0x32 ./usb/device/source/usb_device_dci.o
                0x6000a660                USB_DeviceSendRequest
 .text.USB_DeviceRecvRequest
                0x6000a692       0x2c ./usb/device/source/usb_device_dci.o
                0x6000a692                USB_DeviceRecvRequest
 .text.USB_DeviceInitEndpoint
                0x6000a6be       0xbe ./usb/device/source/usb_device_dci.o
                0x6000a6be                USB_DeviceInitEndpoint
 .text.USB_DeviceDeinitEndpoint
                0x6000a77c       0xac ./usb/device/source/usb_device_dci.o
                0x6000a77c                USB_DeviceDeinitEndpoint
 .text.USB_DeviceStallEndpoint
                0x6000a828       0x30 ./usb/device/source/usb_device_dci.o
                0x6000a828                USB_DeviceStallEndpoint
 .text.USB_DeviceUnstallEndpoint
                0x6000a858       0x30 ./usb/device/source/usb_device_dci.o
                0x6000a858                USB_DeviceUnstallEndpoint
 .text.USB_DeviceUpdateHwTick
                0x6000a888       0x4e ./usb/device/source/usb_device_dci.o
                0x6000a888                USB_DeviceUpdateHwTick
 .text.USB_PHYDCD_Deinit
                0x6000a8d6       0x4e ./usb/dcd/usb_phydcd.o
                0x6000a8d6                USB_PHYDCD_Deinit
 .text.DMA0_DMA16_IRQHandler
                0x6000a924        0x8 ./startup/startup_mimxrt1021.o
                0x6000a924                DMA0_DMA16_IRQHandler
 .text.DMA1_DMA17_IRQHandler
                0x6000a92c        0x8 ./startup/startup_mimxrt1021.o
                0x6000a92c                DMA1_DMA17_IRQHandler
 .text.DMA2_DMA18_IRQHandler
                0x6000a934        0x8 ./startup/startup_mimxrt1021.o
                0x6000a934                DMA2_DMA18_IRQHandler
 .text.DMA3_DMA19_IRQHandler
                0x6000a93c        0x8 ./startup/startup_mimxrt1021.o
                0x6000a93c                DMA3_DMA19_IRQHandler
 .text.DMA4_DMA20_IRQHandler
                0x6000a944        0x8 ./startup/startup_mimxrt1021.o
                0x6000a944                DMA4_DMA20_IRQHandler
 .text.DMA5_DMA21_IRQHandler
                0x6000a94c        0x8 ./startup/startup_mimxrt1021.o
                0x6000a94c                DMA5_DMA21_IRQHandler
 .text.DMA6_DMA22_IRQHandler
                0x6000a954        0x8 ./startup/startup_mimxrt1021.o
                0x6000a954                DMA6_DMA22_IRQHandler
 .text.DMA7_DMA23_IRQHandler
                0x6000a95c        0x8 ./startup/startup_mimxrt1021.o
                0x6000a95c                DMA7_DMA23_IRQHandler
 .text.DMA8_DMA24_IRQHandler
                0x6000a964        0x8 ./startup/startup_mimxrt1021.o
                0x6000a964                DMA8_DMA24_IRQHandler
 .text.DMA9_DMA25_IRQHandler
                0x6000a96c        0x8 ./startup/startup_mimxrt1021.o
                0x6000a96c                DMA9_DMA25_IRQHandler
 .text.DMA10_DMA26_IRQHandler
                0x6000a974        0x8 ./startup/startup_mimxrt1021.o
                0x6000a974                DMA10_DMA26_IRQHandler
 .text.DMA11_DMA27_IRQHandler
                0x6000a97c        0x8 ./startup/startup_mimxrt1021.o
                0x6000a97c                DMA11_DMA27_IRQHandler
 .text.DMA12_DMA28_IRQHandler
                0x6000a984        0x8 ./startup/startup_mimxrt1021.o
                0x6000a984                DMA12_DMA28_IRQHandler
 .text.DMA13_DMA29_IRQHandler
                0x6000a98c        0x8 ./startup/startup_mimxrt1021.o
                0x6000a98c                DMA13_DMA29_IRQHandler
 .text.DMA14_DMA30_IRQHandler
                0x6000a994        0x8 ./startup/startup_mimxrt1021.o
                0x6000a994                DMA14_DMA30_IRQHandler
 .text.DMA15_DMA31_IRQHandler
                0x6000a99c        0x8 ./startup/startup_mimxrt1021.o
                0x6000a99c                DMA15_DMA31_IRQHandler
 .text.DMA_ERROR_IRQHandler
                0x6000a9a4        0x8 ./startup/startup_mimxrt1021.o
                0x6000a9a4                DMA_ERROR_IRQHandler
 .text.CTI0_ERROR_IRQHandler
                0x6000a9ac        0x8 ./startup/startup_mimxrt1021.o
                0x6000a9ac                CTI0_ERROR_IRQHandler
 .text.CTI1_ERROR_IRQHandler
                0x6000a9b4        0x8 ./startup/startup_mimxrt1021.o
                0x6000a9b4                CTI1_ERROR_IRQHandler
 .text.CORE_IRQHandler
                0x6000a9bc        0x8 ./startup/startup_mimxrt1021.o
                0x6000a9bc                CORE_IRQHandler
 .text.LPUART1_IRQHandler
                0x6000a9c4        0x8 ./startup/startup_mimxrt1021.o
                0x6000a9c4                LPUART1_IRQHandler
 .text.LPUART2_IRQHandler
                0x6000a9cc        0x8 ./startup/startup_mimxrt1021.o
                0x6000a9cc                LPUART2_IRQHandler
 .text.LPUART3_IRQHandler
                0x6000a9d4        0x8 ./startup/startup_mimxrt1021.o
                0x6000a9d4                LPUART3_IRQHandler
 .text.LPUART4_IRQHandler
                0x6000a9dc        0x8 ./startup/startup_mimxrt1021.o
                0x6000a9dc                LPUART4_IRQHandler
 .text.LPUART5_IRQHandler
                0x6000a9e4        0x8 ./startup/startup_mimxrt1021.o
                0x6000a9e4                LPUART5_IRQHandler
 .text.LPUART6_IRQHandler
                0x6000a9ec        0x8 ./startup/startup_mimxrt1021.o
                0x6000a9ec                LPUART6_IRQHandler
 .text.LPUART7_IRQHandler
                0x6000a9f4        0x8 ./startup/startup_mimxrt1021.o
                0x6000a9f4                LPUART7_IRQHandler
 .text.LPUART8_IRQHandler
                0x6000a9fc        0x8 ./startup/startup_mimxrt1021.o
                0x6000a9fc                LPUART8_IRQHandler
 .text.LPI2C1_IRQHandler
                0x6000aa04        0x8 ./startup/startup_mimxrt1021.o
                0x6000aa04                LPI2C1_IRQHandler
 .text.LPI2C2_IRQHandler
                0x6000aa0c        0x8 ./startup/startup_mimxrt1021.o
                0x6000aa0c                LPI2C2_IRQHandler
 .text.LPI2C3_IRQHandler
                0x6000aa14        0x8 ./startup/startup_mimxrt1021.o
                0x6000aa14                LPI2C3_IRQHandler
 .text.LPI2C4_IRQHandler
                0x6000aa1c        0x8 ./startup/startup_mimxrt1021.o
                0x6000aa1c                LPI2C4_IRQHandler
 .text.LPSPI1_IRQHandler
                0x6000aa24        0x8 ./startup/startup_mimxrt1021.o
                0x6000aa24                LPSPI1_IRQHandler
 .text.LPSPI2_IRQHandler
                0x6000aa2c        0x8 ./startup/startup_mimxrt1021.o
                0x6000aa2c                LPSPI2_IRQHandler
 .text.LPSPI3_IRQHandler
                0x6000aa34        0x8 ./startup/startup_mimxrt1021.o
                0x6000aa34                LPSPI3_IRQHandler
 .text.LPSPI4_IRQHandler
                0x6000aa3c        0x8 ./startup/startup_mimxrt1021.o
                0x6000aa3c                LPSPI4_IRQHandler
 .text.CAN1_IRQHandler
                0x6000aa44        0x8 ./startup/startup_mimxrt1021.o
                0x6000aa44                CAN1_IRQHandler
 .text.CAN2_IRQHandler
                0x6000aa4c        0x8 ./startup/startup_mimxrt1021.o
                0x6000aa4c                CAN2_IRQHandler
 .text.FLEXRAM_IRQHandler
                0x6000aa54        0x8 ./startup/startup_mimxrt1021.o
                0x6000aa54                FLEXRAM_IRQHandler
 .text.KPP_IRQHandler
                0x6000aa5c        0x8 ./startup/startup_mimxrt1021.o
                0x6000aa5c                KPP_IRQHandler
 .text.Reserved56_IRQHandler
                0x6000aa64        0x8 ./startup/startup_mimxrt1021.o
                0x6000aa64                Reserved56_IRQHandler
 .text.GPR_IRQ_IRQHandler
                0x6000aa6c        0x8 ./startup/startup_mimxrt1021.o
                0x6000aa6c                GPR_IRQ_IRQHandler
 .text.Reserved58_IRQHandler
                0x6000aa74        0x8 ./startup/startup_mimxrt1021.o
                0x6000aa74                Reserved58_IRQHandler
 .text.Reserved59_IRQHandler
                0x6000aa7c        0x8 ./startup/startup_mimxrt1021.o
                0x6000aa7c                Reserved59_IRQHandler
 .text.Reserved60_IRQHandler
                0x6000aa84        0x8 ./startup/startup_mimxrt1021.o
                0x6000aa84                Reserved60_IRQHandler
 .text.WDOG2_IRQHandler
                0x6000aa8c        0x8 ./startup/startup_mimxrt1021.o
                0x6000aa8c                WDOG2_IRQHandler
 .text.SNVS_HP_WRAPPER_IRQHandler
                0x6000aa94        0x8 ./startup/startup_mimxrt1021.o
                0x6000aa94                SNVS_HP_WRAPPER_IRQHandler
 .text.SNVS_HP_WRAPPER_TZ_IRQHandler
                0x6000aa9c        0x8 ./startup/startup_mimxrt1021.o
                0x6000aa9c                SNVS_HP_WRAPPER_TZ_IRQHandler
 .text.SNVS_LP_HP_WRAPPER_IRQHandler
                0x6000aaa4        0x8 ./startup/startup_mimxrt1021.o
                0x6000aaa4                SNVS_LP_HP_WRAPPER_IRQHandler
 .text.CSU_IRQHandler
                0x6000aaac        0x8 ./startup/startup_mimxrt1021.o
                0x6000aaac                CSU_IRQHandler
 .text.DCP_IRQHandler
                0x6000aab4        0x8 ./startup/startup_mimxrt1021.o
                0x6000aab4                DCP_IRQHandler
 .text.DCP_VMI_IRQHandler
                0x6000aabc        0x8 ./startup/startup_mimxrt1021.o
                0x6000aabc                DCP_VMI_IRQHandler
 .text.Reserved68_IRQHandler
                0x6000aac4        0x8 ./startup/startup_mimxrt1021.o
                0x6000aac4                Reserved68_IRQHandler
 .text.TRNG_IRQHandler
                0x6000aacc        0x8 ./startup/startup_mimxrt1021.o
                0x6000aacc                TRNG_IRQHandler
 .text.Reserved70_IRQHandler
                0x6000aad4        0x8 ./startup/startup_mimxrt1021.o
                0x6000aad4                Reserved70_IRQHandler
 .text.BEE_IRQHandler
                0x6000aadc        0x8 ./startup/startup_mimxrt1021.o
                0x6000aadc                BEE_IRQHandler
 .text.SAI1_IRQHandler
                0x6000aae4        0x8 ./startup/startup_mimxrt1021.o
                0x6000aae4                SAI1_IRQHandler
 .text.SAI2_IRQHandler
                0x6000aaec        0x8 ./startup/startup_mimxrt1021.o
                0x6000aaec                SAI2_IRQHandler
 .text.SAI3_RX_IRQHandler
                0x6000aaf4        0x8 ./startup/startup_mimxrt1021.o
                0x6000aaf4                SAI3_RX_IRQHandler
 .text.SAI3_TX_IRQHandler
                0x6000aafc        0x8 ./startup/startup_mimxrt1021.o
                0x6000aafc                SAI3_TX_IRQHandler
 .text.SPDIF_IRQHandler
                0x6000ab04        0x8 ./startup/startup_mimxrt1021.o
                0x6000ab04                SPDIF_IRQHandler
 .text.PMU_IRQHandler
                0x6000ab0c        0x8 ./startup/startup_mimxrt1021.o
                0x6000ab0c                PMU_IRQHandler
 .text.Reserved78_IRQHandler
                0x6000ab14        0x8 ./startup/startup_mimxrt1021.o
                0x6000ab14                Reserved78_IRQHandler
 .text.TEMP_LOW_HIGH_IRQHandler
                0x6000ab1c        0x8 ./startup/startup_mimxrt1021.o
                0x6000ab1c                TEMP_LOW_HIGH_IRQHandler
 .text.TEMP_PANIC_IRQHandler
                0x6000ab24        0x8 ./startup/startup_mimxrt1021.o
                0x6000ab24                TEMP_PANIC_IRQHandler
 .text.USB_PHY_IRQHandler
                0x6000ab2c        0x8 ./startup/startup_mimxrt1021.o
                0x6000ab2c                USB_PHY_IRQHandler
 .text.Reserved82_IRQHandler
                0x6000ab34        0x8 ./startup/startup_mimxrt1021.o
                0x6000ab34                Reserved82_IRQHandler
 .text.ADC2_IRQHandler
                0x6000ab3c        0x8 ./startup/startup_mimxrt1021.o
                0x6000ab3c                ADC2_IRQHandler
 .text.DCDC_IRQHandler
                0x6000ab44        0x8 ./startup/startup_mimxrt1021.o
                0x6000ab44                DCDC_IRQHandler
 .text.Reserved86_IRQHandler
                0x6000ab4c        0x8 ./startup/startup_mimxrt1021.o
                0x6000ab4c                Reserved86_IRQHandler
 .text.Reserved87_IRQHandler
                0x6000ab54        0x8 ./startup/startup_mimxrt1021.o
                0x6000ab54                Reserved87_IRQHandler
 .text.GPIO1_INT0_IRQHandler
                0x6000ab5c        0x8 ./startup/startup_mimxrt1021.o
                0x6000ab5c                GPIO1_INT0_IRQHandler
 .text.GPIO1_INT1_IRQHandler
                0x6000ab64        0x8 ./startup/startup_mimxrt1021.o
                0x6000ab64                GPIO1_INT1_IRQHandler
 .text.GPIO1_INT2_IRQHandler
                0x6000ab6c        0x8 ./startup/startup_mimxrt1021.o
                0x6000ab6c                GPIO1_INT2_IRQHandler
 .text.GPIO1_INT3_IRQHandler
                0x6000ab74        0x8 ./startup/startup_mimxrt1021.o
                0x6000ab74                GPIO1_INT3_IRQHandler
 .text.GPIO1_INT4_IRQHandler
                0x6000ab7c        0x8 ./startup/startup_mimxrt1021.o
                0x6000ab7c                GPIO1_INT4_IRQHandler
 .text.GPIO1_INT5_IRQHandler
                0x6000ab84        0x8 ./startup/startup_mimxrt1021.o
                0x6000ab84                GPIO1_INT5_IRQHandler
 .text.GPIO1_INT6_IRQHandler
                0x6000ab8c        0x8 ./startup/startup_mimxrt1021.o
                0x6000ab8c                GPIO1_INT6_IRQHandler
 .text.GPIO1_INT7_IRQHandler
                0x6000ab94        0x8 ./startup/startup_mimxrt1021.o
                0x6000ab94                GPIO1_INT7_IRQHandler
 .text.Reserved102_IRQHandler
                0x6000ab9c        0x8 ./startup/startup_mimxrt1021.o
                0x6000ab9c                Reserved102_IRQHandler
 .text.Reserved103_IRQHandler
                0x6000aba4        0x8 ./startup/startup_mimxrt1021.o
                0x6000aba4                Reserved103_IRQHandler
 .text.FLEXIO1_IRQHandler
                0x6000abac        0x8 ./startup/startup_mimxrt1021.o
                0x6000abac                FLEXIO1_IRQHandler
 .text.Reserved107_IRQHandler
                0x6000abb4        0x8 ./startup/startup_mimxrt1021.o
                0x6000abb4                Reserved107_IRQHandler
 .text.WDOG1_IRQHandler
                0x6000abbc        0x8 ./startup/startup_mimxrt1021.o
                0x6000abbc                WDOG1_IRQHandler
 .text.RTWDOG_IRQHandler
                0x6000abc4        0x8 ./startup/startup_mimxrt1021.o
                0x6000abc4                RTWDOG_IRQHandler
 .text.EWM_IRQHandler
                0x6000abcc        0x8 ./startup/startup_mimxrt1021.o
                0x6000abcc                EWM_IRQHandler
 .text.CCM_1_IRQHandler
                0x6000abd4        0x8 ./startup/startup_mimxrt1021.o
                0x6000abd4                CCM_1_IRQHandler
 .text.CCM_2_IRQHandler
                0x6000abdc        0x8 ./startup/startup_mimxrt1021.o
                0x6000abdc                CCM_2_IRQHandler
 .text.GPC_IRQHandler
                0x6000abe4        0x8 ./startup/startup_mimxrt1021.o
                0x6000abe4                GPC_IRQHandler
 .text.SRC_IRQHandler
                0x6000abec        0x8 ./startup/startup_mimxrt1021.o
                0x6000abec                SRC_IRQHandler
 .text.Reserved115_IRQHandler
                0x6000abf4        0x8 ./startup/startup_mimxrt1021.o
                0x6000abf4                Reserved115_IRQHandler
 .text.GPT1_IRQHandler
                0x6000abfc        0x8 ./startup/startup_mimxrt1021.o
                0x6000abfc                GPT1_IRQHandler
 .text.GPT2_IRQHandler
                0x6000ac04        0x8 ./startup/startup_mimxrt1021.o
                0x6000ac04                GPT2_IRQHandler
 .text.PWM1_0_IRQHandler
                0x6000ac0c        0x8 ./startup/startup_mimxrt1021.o
                0x6000ac0c                PWM1_0_IRQHandler
 .text.PWM1_1_IRQHandler
                0x6000ac14        0x8 ./startup/startup_mimxrt1021.o
                0x6000ac14                PWM1_1_IRQHandler
 .text.PWM1_2_IRQHandler
                0x6000ac1c        0x8 ./startup/startup_mimxrt1021.o
                0x6000ac1c                PWM1_2_IRQHandler
 .text.PWM1_3_IRQHandler
                0x6000ac24        0x8 ./startup/startup_mimxrt1021.o
                0x6000ac24                PWM1_3_IRQHandler
 .text.PWM1_FAULT_IRQHandler
                0x6000ac2c        0x8 ./startup/startup_mimxrt1021.o
                0x6000ac2c                PWM1_FAULT_IRQHandler
 .text.Reserved123_IRQHandler
                0x6000ac34        0x8 ./startup/startup_mimxrt1021.o
                0x6000ac34                Reserved123_IRQHandler
 .text.FLEXSPI_IRQHandler
                0x6000ac3c        0x8 ./startup/startup_mimxrt1021.o
                0x6000ac3c                FLEXSPI_IRQHandler
 .text.SEMC_IRQHandler
                0x6000ac44        0x8 ./startup/startup_mimxrt1021.o
                0x6000ac44                SEMC_IRQHandler
 .text.USDHC1_IRQHandler
                0x6000ac4c        0x8 ./startup/startup_mimxrt1021.o
                0x6000ac4c                USDHC1_IRQHandler
 .text.USDHC2_IRQHandler
                0x6000ac54        0x8 ./startup/startup_mimxrt1021.o
                0x6000ac54                USDHC2_IRQHandler
 .text.Reserved128_IRQHandler
                0x6000ac5c        0x8 ./startup/startup_mimxrt1021.o
                0x6000ac5c                Reserved128_IRQHandler
 .text.ENET_IRQHandler
                0x6000ac64        0x8 ./startup/startup_mimxrt1021.o
                0x6000ac64                ENET_IRQHandler
 .text.ENET_1588_Timer_IRQHandler
                0x6000ac6c        0x8 ./startup/startup_mimxrt1021.o
                0x6000ac6c                ENET_1588_Timer_IRQHandler
 .text.XBAR1_IRQ_0_1_IRQHandler
                0x6000ac74        0x8 ./startup/startup_mimxrt1021.o
                0x6000ac74                XBAR1_IRQ_0_1_IRQHandler
 .text.XBAR1_IRQ_2_3_IRQHandler
                0x6000ac7c        0x8 ./startup/startup_mimxrt1021.o
                0x6000ac7c                XBAR1_IRQ_2_3_IRQHandler
 .text.ADC_ETC_IRQ0_IRQHandler
                0x6000ac84        0x8 ./startup/startup_mimxrt1021.o
                0x6000ac84                ADC_ETC_IRQ0_IRQHandler
 .text.ADC_ETC_IRQ1_IRQHandler
                0x6000ac8c        0x8 ./startup/startup_mimxrt1021.o
                0x6000ac8c                ADC_ETC_IRQ1_IRQHandler
 .text.ADC_ETC_IRQ2_IRQHandler
                0x6000ac94        0x8 ./startup/startup_mimxrt1021.o
                0x6000ac94                ADC_ETC_IRQ2_IRQHandler
 .text.ACMP1_IRQHandler
                0x6000ac9c        0x8 ./startup/startup_mimxrt1021.o
                0x6000ac9c                ACMP1_IRQHandler
 .text.ACMP2_IRQHandler
                0x6000aca4        0x8 ./startup/startup_mimxrt1021.o
                0x6000aca4                ACMP2_IRQHandler
 .text.ACMP3_IRQHandler
                0x6000acac        0x8 ./startup/startup_mimxrt1021.o
                0x6000acac                ACMP3_IRQHandler
 .text.ACMP4_IRQHandler
                0x6000acb4        0x8 ./startup/startup_mimxrt1021.o
                0x6000acb4                ACMP4_IRQHandler
 .text.Reserved143_IRQHandler
                0x6000acbc        0x8 ./startup/startup_mimxrt1021.o
                0x6000acbc                Reserved143_IRQHandler
 .text.Reserved144_IRQHandler
                0x6000acc4        0x8 ./startup/startup_mimxrt1021.o
                0x6000acc4                Reserved144_IRQHandler
 .text.ENC1_IRQHandler
                0x6000accc        0x8 ./startup/startup_mimxrt1021.o
                0x6000accc                ENC1_IRQHandler
 .text.ENC2_IRQHandler
                0x6000acd4        0x8 ./startup/startup_mimxrt1021.o
                0x6000acd4                ENC2_IRQHandler
 .text.Reserved147_IRQHandler
                0x6000acdc        0x8 ./startup/startup_mimxrt1021.o
                0x6000acdc                Reserved147_IRQHandler
 .text.Reserved148_IRQHandler
                0x6000ace4        0x8 ./startup/startup_mimxrt1021.o
                0x6000ace4                Reserved148_IRQHandler
 .text.TMR2_IRQHandler
                0x6000acec        0x8 ./startup/startup_mimxrt1021.o
                0x6000acec                TMR2_IRQHandler
 .text.Reserved151_IRQHandler
                0x6000acf4        0x8 ./startup/startup_mimxrt1021.o
                0x6000acf4                Reserved151_IRQHandler
 .text.Reserved152_IRQHandler
                0x6000acfc        0x8 ./startup/startup_mimxrt1021.o
                0x6000acfc                Reserved152_IRQHandler
 .text.PWM2_0_IRQHandler
                0x6000ad04        0x8 ./startup/startup_mimxrt1021.o
                0x6000ad04                PWM2_0_IRQHandler
 .text.PWM2_1_IRQHandler
                0x6000ad0c        0x8 ./startup/startup_mimxrt1021.o
                0x6000ad0c                PWM2_1_IRQHandler
 .text.PWM2_2_IRQHandler
                0x6000ad14        0x8 ./startup/startup_mimxrt1021.o
                0x6000ad14                PWM2_2_IRQHandler
 .text.PWM2_3_IRQHandler
                0x6000ad1c        0x8 ./startup/startup_mimxrt1021.o
                0x6000ad1c                PWM2_3_IRQHandler
 .text.PWM2_FAULT_IRQHandler
                0x6000ad24        0x8 ./startup/startup_mimxrt1021.o
                0x6000ad24                PWM2_FAULT_IRQHandler
 .text.LPSPI_WriteData
                0x6000ad2c       0x1c ./source/lcd.o
 .text.Delayms  0x6000ad48       0x3e ./source/lcd.o
                0x6000ad48                Delayms
 .text.EnableIRQ
                0x6000ad86       0x32 ./source/mouse.o
 .text.USB_DeviceIsrEnable
                0x6000adb8       0x2c ./source/mouse.o
                0x6000adb8                USB_DeviceIsrEnable
 .text.USB_DeviceConfigureRemoteWakeup
                0x6000ade4       0x1a ./source/mouse.o
                0x6000ade4                USB_DeviceConfigureRemoteWakeup
 .text.USB_DeviceConfigureEndpointStatus
                0x6000adfe       0x60 ./source/mouse.o
                0x6000adfe                USB_DeviceConfigureEndpointStatus
 .text.HardFault_Handler
                0x6000ae5e       0x36 ./source/semihost_hardfault.o
                0x6000ae5e                HardFault_Handler
 .text.USB_DeviceCh9SetClearFeature
                0x6000ae94       0xdc ./source/usb_device_ch9.o
 .text.USB_DeviceCh9SetAddress
                0x6000af70       0xb6 ./source/usb_device_ch9.o
 .text.USB_DeviceCh9GetDescriptor
                0x6000b026       0x56 ./source/usb_device_ch9.o
 .text.USB_DeviceCh9SetConfiguration
                0x6000b07c       0x9a ./source/usb_device_ch9.o
 .text.USB_DeviceCh9SetInterface
                0x6000b116       0x66 ./source/usb_device_ch9.o
 .text.USB_DeviceControlCallbackFeedback
                0x6000b17c       0x9a ./source/usb_device_ch9.o
 .text._SDK_AtomicLocalClearAndSet4Byte
                0x6000b216       0x50 ./drivers/fsl_adc.o
 .text.CLOCK_EnableClock
                0x6000b266       0x1e ./drivers/fsl_adc.o
 .text.ADC_ETC_DoSoftwareReset
                0x6000b284       0x38 ./drivers/fsl_adc_etc.o
 .text.CLOCK_GetRtcFreq
                0x6000b2bc       0x12 ./drivers/fsl_clock.o
 .text.CLOCK_IsPllBypassed
                0x6000b2ce       0x32 ./drivers/fsl_clock.o
 .text.CLOCK_IsPllEnabled
                0x6000b300       0x3c ./drivers/fsl_clock.o
 .text.CLOCK_GetPllBypassRefClk
                0x6000b33c       0x34 ./drivers/fsl_clock.o
 .text._SDK_AtomicLocalClearAndSet4Byte
                0x6000b370       0x50 ./drivers/fsl_gpio.o
 .text.CLOCK_EnableClock
                0x6000b3c0       0x1e ./drivers/fsl_gpio.o
 .text.GPIO_SetPinInterruptConfig
                0x6000b3de       0x22 ./drivers/fsl_gpio.o
 .text._SDK_AtomicLocalClearAndSet4Byte
                0x6000b400       0x50 ./drivers/fsl_lpspi.o
 .text.CLOCK_EnableClock
                0x6000b450       0x1e ./drivers/fsl_lpspi.o
 .text.LPSPI_Enable
                0x6000b46e       0x38 ./drivers/fsl_lpspi.o
 .text.LPSPI_SetMasterSlaveMode
                0x6000b4a6       0x2c ./drivers/fsl_lpspi.o
 .text.LPSPI_IsMaster
                0x6000b4d2       0x26 ./drivers/fsl_lpspi.o
 .text.LPSPI_SetFifoWatermarks
                0x6000b4f8       0x2c ./drivers/fsl_lpspi.o
 .text.LPSPI_SetOnePcsPolarity
                0x6000b524       0x44 ./drivers/fsl_lpspi.o
 .text._SDK_AtomicLocalClearAndSet4Byte
                0x6000b568       0x50 ./drivers/fsl_lpuart.o
 .text.CLOCK_EnableClock
                0x6000b5b8       0x1e ./drivers/fsl_lpuart.o
 .text.LPUART_SoftwareReset
                0x6000b5d6       0x2c ./drivers/fsl_lpuart.o
 .text._SDK_AtomicLocalClearAndSet4Byte
                0x6000b602       0x50 ./drivers/fsl_pit.o
 .text.CLOCK_EnableClock
                0x6000b652       0x1e ./drivers/fsl_pit.o
 .text._SDK_AtomicLocalClearAndSet4Byte
                0x6000b670       0x50 ./drivers/fsl_qtmr.o
 .text.CLOCK_EnableClock
                0x6000b6c0       0x1e ./drivers/fsl_qtmr.o
 .text.QTMR_EnableInterrupts
                0x6000b6de       0xce ./drivers/fsl_qtmr.o
                0x6000b6de                QTMR_EnableInterrupts
 .text.QTMR_DisableInterrupts
                0x6000b7ac       0xac ./drivers/fsl_qtmr.o
                0x6000b7ac                QTMR_DisableInterrupts
 .text.QTMR_GetStatus
                0x6000b858       0x92 ./drivers/fsl_qtmr.o
                0x6000b858                QTMR_GetStatus
 .text.QTMR_ClearStatusFlags
                0x6000b8ea       0xac ./drivers/fsl_qtmr.o
                0x6000b8ea                QTMR_ClearStatusFlags
 .text.XBARA_SetSignalsConnection
                0x6000b996       0x58 ./drivers/fsl_xbara.o
                0x6000b996                XBARA_SetSignalsConnection
 .text.SystemInitHook
                0x6000b9ee        0xe ./device/system_MIMXRT1021.o
                0x6000b9ee                SystemInitHook
 .text.HAL_UartGetStatus
                0x6000b9fc       0x28 ./component/uart/fsl_adapter_lpuart.o
 .text.EnableIRQ
                0x6000ba24       0x32 ./component/timer/fsl_adapter_pit.o
 .text.PIT_EnableInterrupts
                0x6000ba56       0x3a ./component/timer/fsl_adapter_pit.o
 .text.PIT_ClearStatusFlags
                0x6000ba90       0x2a ./component/timer/fsl_adapter_pit.o
 .text.PIT_IRQHandler
                0x6000baba       0x14 ./component/timer/fsl_adapter_pit.o
                0x6000baba                PIT_IRQHandler
 .text.DisableGlobalIRQ
                0x6000bace       0x22 ./component/osa/fsl_os_abstraction_bm.o
 .text.EnableGlobalIRQ
                0x6000baf0       0x20 ./component/osa/fsl_os_abstraction_bm.o
 .text.OSA_EnterCritical
                0x6000bb10       0x1a ./component/osa/fsl_os_abstraction_bm.o
                0x6000bb10                OSA_EnterCritical
 .text.OSA_ExitCritical
                0x6000bb2a       0x16 ./component/osa/fsl_os_abstraction_bm.o
                0x6000bb2a                OSA_ExitCritical
 .text.GPIO_PortGetInterruptFlags
                0x6000bb40       0x18 ./component/gpio/fsl_adapter_igpio.o
 .text.GPIO_PortClearInterruptFlags
                0x6000bb58       0x1c ./component/gpio/fsl_adapter_igpio.o
 .text.GPIO1_Combined_0_15_IRQHandler
                0x6000bb74       0x14 ./component/gpio/fsl_adapter_igpio.o
                0x6000bb74                GPIO1_Combined_0_15_IRQHandler
 .text.GPIO1_Combined_16_31_IRQHandler
                0x6000bb88       0x14 ./component/gpio/fsl_adapter_igpio.o
                0x6000bb88                GPIO1_Combined_16_31_IRQHandler
 .text.GPIO2_Combined_0_15_IRQHandler
                0x6000bb9c       0x14 ./component/gpio/fsl_adapter_igpio.o
                0x6000bb9c                GPIO2_Combined_0_15_IRQHandler
 .text.GPIO2_Combined_16_31_IRQHandler
                0x6000bbb0       0x14 ./component/gpio/fsl_adapter_igpio.o
                0x6000bbb0                GPIO2_Combined_16_31_IRQHandler
 .text.GPIO3_Combined_0_15_IRQHandler
                0x6000bbc4       0x14 ./component/gpio/fsl_adapter_igpio.o
                0x6000bbc4                GPIO3_Combined_0_15_IRQHandler
 .text.GPIO3_Combined_16_31_IRQHandler
                0x6000bbd8       0x14 ./component/gpio/fsl_adapter_igpio.o
                0x6000bbd8                GPIO3_Combined_16_31_IRQHandler
 .text.GPIO5_Combined_0_15_IRQHandler
                0x6000bbec       0x14 ./component/gpio/fsl_adapter_igpio.o
                0x6000bbec                GPIO5_Combined_0_15_IRQHandler
 .text.GPIO5_Combined_16_31_IRQHandler
                0x6000bc00       0x14 ./component/gpio/fsl_adapter_igpio.o
                0x6000bc00                GPIO5_Combined_16_31_IRQHandler
 .text.BOARD_InitDebugConsole
                0x6000bc14       0x22 ./board/board.o
                0x6000bc14                BOARD_InitDebugConsole
 .text._SDK_AtomicLocalClearAndSet4Byte
                0x6000bc36       0x50 ./board/clock_config.o
 .text.CLOCK_DisableClock
                0x6000bc86       0x1e ./board/clock_config.o
 .text.CLOCK_SetPllBypass
                0x6000bca4       0x4e ./board/clock_config.o
 .text.IOMUXC_SetSaiMClkClockSource
                0x6000bcf2       0x6c ./board/clock_config.o
 .text.BOARD_InitBootClocks
                0x6000bd5e        0xc ./board/clock_config.o
                0x6000bd5e                BOARD_InitBootClocks
 .text.EnableIRQ
                0x6000bd6a       0x32 ./board/peripherals.o
 .text.QTMR_StartTimer
                0x6000bd9c       0x4e ./board/peripherals.o
 .text.BOARD_InitPeripherals_CommonPostInit
                0x6000bdea        0xe ./board/peripherals.o
 .text.BOARD_InitPeripherals
                0x6000bdf8       0x20 ./board/peripherals.o
                0x6000bdf8                BOARD_InitPeripherals
 .text.BOARD_InitBootPeripherals
                0x6000be18        0xc ./board/peripherals.o
                0x6000be18                BOARD_InitBootPeripherals
 .text._SDK_AtomicLocalClearAndSet4Byte
                0x6000be24       0x50 ./board/pin_mux.o
 .text.CLOCK_EnableClock
                0x6000be74       0x1e ./board/pin_mux.o
 .text.IOMUXC_SetPinMux
                0x6000be92       0x3a ./board/pin_mux.o
 .text.IOMUXC_SetPinConfig
                0x6000becc       0x26 ./board/pin_mux.o
 .text.BOARD_InitBootPins
                0x6000bef2        0xc ./board/pin_mux.o
                0x6000bef2                BOARD_InitBootPins
 .text.__main   0x6000befe        0xe c:/nxp/mcuxpressoide_11.9.0_2144/ide/plugins/com.nxp.mcuxpresso.tools.win32_11.9.0.202307121226/tools/bin/../lib/gcc/arm-none-eabi/12.3.1/../../../../arm-none-eabi/lib/thumb/v7e-m+dp/hard\libcr_nohost_nf.a(_cr__main.o)
                0x6000befe                __main
 .text.memset   0x6000bf0c        0x4 c:/nxp/mcuxpressoide_11.9.0_2144/ide/plugins/com.nxp.mcuxpresso.tools.win32_11.9.0.202307121226/tools/bin/../lib/gcc/arm-none-eabi/12.3.1/../../../../arm-none-eabi/lib/thumb/v7e-m+dp/hard\libcr_c.a(memset.o)
                0x6000bf0c                memset
 .text.free     0x6000bf10       0x30 c:/nxp/mcuxpressoide_11.9.0_2144/ide/plugins/com.nxp.mcuxpresso.tools.win32_11.9.0.202307121226/tools/bin/../lib/gcc/arm-none-eabi/12.3.1/../../../../arm-none-eabi/lib/thumb/v7e-m+dp/hard\libcr_c.a(alloc.o)
                0x6000bf10                free
 .text.setvbuf  0x6000bf40       0x3e c:/nxp/mcuxpressoide_11.9.0_2144/ide/plugins/com.nxp.mcuxpresso.tools.win32_11.9.0.202307121226/tools/bin/../lib/gcc/arm-none-eabi/12.3.1/../../../../arm-none-eabi/lib/thumb/v7e-m+dp/hard\libcr_c.a(setvbuf.o)
                0x6000bf40                setvbuf
 .text.strlen   0x6000bf7e       0x4e c:/nxp/mcuxpressoide_11.9.0_2144/ide/plugins/com.nxp.mcuxpresso.tools.win32_11.9.0.202307121226/tools/bin/../lib/gcc/arm-none-eabi/12.3.1/../../../../arm-none-eabi/lib/thumb/v7e-m+dp/hard\libcr_c.a(strlen.o)
                0x6000bf7e                strlen
 .text._deferredlazyseek
                0x6000bfcc       0x40 c:/nxp/mcuxpressoide_11.9.0_2144/ide/plugins/com.nxp.mcuxpresso.tools.win32_11.9.0.202307121226/tools/bin/../lib/gcc/arm-none-eabi/12.3.1/../../../../arm-none-eabi/lib/thumb/v7e-m+dp/hard\libcr_c.a(_deferredlazyseek.o)
                0x6000bfcc                _deferredlazyseek
 .text._fdopen  0x6000c00c       0x68 c:/nxp/mcuxpressoide_11.9.0_2144/ide/plugins/com.nxp.mcuxpresso.tools.win32_11.9.0.202307121226/tools/bin/../lib/gcc/arm-none-eabi/12.3.1/../../../../arm-none-eabi/lib/thumb/v7e-m+dp/hard\libcr_c.a(_fdopen.o)
                0x6000c00c                _fdopen
 .text._fflush  0x6000c074       0x52 c:/nxp/mcuxpressoide_11.9.0_2144/ide/plugins/com.nxp.mcuxpresso.tools.win32_11.9.0.202307121226/tools/bin/../lib/gcc/arm-none-eabi/12.3.1/../../../../arm-none-eabi/lib/thumb/v7e-m+dp/hard\libcr_c.a(_fflush.o)
                0x6000c074                _fflush
 .text.fclose   0x6000c0c6       0x58 c:/nxp/mcuxpressoide_11.9.0_2144/ide/plugins/com.nxp.mcuxpresso.tools.win32_11.9.0.202307121226/tools/bin/../lib/gcc/arm-none-eabi/12.3.1/../../../../arm-none-eabi/lib/thumb/v7e-m+dp/hard\libcr_c.a(fclose.o)
                0x6000c0c6                fclose
 .text.remove   0x6000c11e       0x14 c:/nxp/mcuxpressoide_11.9.0_2144/ide/plugins/com.nxp.mcuxpresso.tools.win32_11.9.0.202307121226/tools/bin/../lib/gcc/arm-none-eabi/12.3.1/../../../../arm-none-eabi/lib/thumb/v7e-m+dp/hard\libcr_c.a(remove.o)
                0x6000c11e                remove
 .text._do_fflush
                0x6000c132       0x40 c:/nxp/mcuxpressoide_11.9.0_2144/ide/plugins/com.nxp.mcuxpresso.tools.win32_11.9.0.202307121226/tools/bin/../lib/gcc/arm-none-eabi/12.3.1/../../../../arm-none-eabi/lib/thumb/v7e-m+dp/hard\libcr_c.a(_do_fflush.o)
                0x6000c132                _do_fflush
 .text.__aeabi_division_uldivmod
                0x6000c172      0x174 c:/nxp/mcuxpressoide_11.9.0_2144/ide/plugins/com.nxp.mcuxpresso.tools.win32_11.9.0.202307121226/tools/bin/../lib/gcc/arm-none-eabi/12.3.1/thumb/v7e-m+dp/hard\libcr_eabihelpers.a(division_64.o)
                0x6000c172                __aeabi_uldivmod
                0x6000c176                __bhs_ldivmod1
 .text.__aeabi_division_idiv0
                0x6000c2e6        0x2 c:/nxp/mcuxpressoide_11.9.0_2144/ide/plugins/com.nxp.mcuxpresso.tools.win32_11.9.0.202307121226/tools/bin/../lib/gcc/arm-none-eabi/12.3.1/thumb/v7e-m+dp/hard\libcr_eabihelpers.a(division_idiv0.o)
                0x6000c2e6                __aeabi_idiv0
 .text.__aeabi_memset_lowlevel
                0x6000c2e8       0x32 c:/nxp/mcuxpressoide_11.9.0_2144/ide/plugins/com.nxp.mcuxpresso.tools.win32_11.9.0.202307121226/tools/bin/../lib/gcc/arm-none-eabi/12.3.1/thumb/v7e-m+dp/hard\libcr_eabihelpers.a(memcpy.o)
                0x6000c2e8                __aeabi_lowlevel_memset
 .text.__sys_close
                0x6000c31a        0x6 c:/nxp/mcuxpressoide_11.9.0_2144/ide/plugins/com.nxp.mcuxpresso.tools.win32_11.9.0.202307121226/tools/bin/../lib/gcc/arm-none-eabi/12.3.1/../../../../arm-none-eabi/lib/thumb/v7e-m+dp/hard\libcr_nohost_nf.a(__sys_close.o)
                0x6000c31a                __sys_close
 .text.__sys_flen
                0x6000c320        0x6 c:/nxp/mcuxpressoide_11.9.0_2144/ide/plugins/com.nxp.mcuxpresso.tools.win32_11.9.0.202307121226/tools/bin/../lib/gcc/arm-none-eabi/12.3.1/../../../../arm-none-eabi/lib/thumb/v7e-m+dp/hard\libcr_nohost_nf.a(__sys_flen.o)
                0x6000c320                __sys_flen
 .text.__sys_istty
                0x6000c326        0x6 c:/nxp/mcuxpressoide_11.9.0_2144/ide/plugins/com.nxp.mcuxpresso.tools.win32_11.9.0.202307121226/tools/bin/../lib/gcc/arm-none-eabi/12.3.1/../../../../arm-none-eabi/lib/thumb/v7e-m+dp/hard\libcr_nohost_nf.a(__sys_istty.o)
                0x6000c326                __sys_istty
 .text.__sys_remove
                0x6000c32c        0x6 c:/nxp/mcuxpressoide_11.9.0_2144/ide/plugins/com.nxp.mcuxpresso.tools.win32_11.9.0.202307121226/tools/bin/../lib/gcc/arm-none-eabi/12.3.1/../../../../arm-none-eabi/lib/thumb/v7e-m+dp/hard\libcr_nohost_nf.a(__sys_remove.o)
                0x6000c32c                __sys_remove
 .text.__sys_seek
                0x6000c332        0x6 c:/nxp/mcuxpressoide_11.9.0_2144/ide/plugins/com.nxp.mcuxpresso.tools.win32_11.9.0.202307121226/tools/bin/../lib/gcc/arm-none-eabi/12.3.1/../../../../arm-none-eabi/lib/thumb/v7e-m+dp/hard\libcr_nohost_nf.a(__sys_seek.o)
                0x6000c332                __sys_seek
 .text.__sys_tmpnam
                0x6000c338        0x6 c:/nxp/mcuxpressoide_11.9.0_2144/ide/plugins/com.nxp.mcuxpresso.tools.win32_11.9.0.202307121226/tools/bin/../lib/gcc/arm-none-eabi/12.3.1/../../../../arm-none-eabi/lib/thumb/v7e-m+dp/hard\libcr_nohost_nf.a(__sys_tmpnam.o)
                0x6000c338                __sys_tmpnam
 .text.__sys_write
                0x6000c33e        0x4 c:/nxp/mcuxpressoide_11.9.0_2144/ide/plugins/com.nxp.mcuxpresso.tools.win32_11.9.0.202307121226/tools/bin/../lib/gcc/arm-none-eabi/12.3.1/../../../../arm-none-eabi/lib/thumb/v7e-m+dp/hard\libcr_nohost_nf.a(__sys_write.o)
                0x6000c33e                __sys_write
 *(SORT_BY_ALIGNMENT(.rodata) SORT_BY_ALIGNMENT(.rodata.*) SORT_BY_ALIGNMENT(.constdata) SORT_BY_ALIGNMENT(.constdata.*))
 *fill*         0x6000c342        0x2 ff
 .rodata.__assertion_failed.str1.4
                0x6000c344       0x14 ./utilities/fsl_assert.o
 .rodata.s_UsbDeviceEhciInterface
                0x6000c358       0x18 ./usb/device/source/usb_device_dci.o
 .rodata.GPIO_PinRead.str1.4
                0x6000c370       0x84 ./source/configration.o
 .rodata.ADC_GetChannelConversionValue.str1.4
                0x6000c3f4       0xbb ./source/configration.o
 *fill*         0x6000c4af        0x1 ff
 .rodata        0x6000c4b0        0x7 ./source/mouse.o
 *fill*         0x6000c4b7        0x1 ff
 .rodata.USB_DeviceApplicationInit.str1.4
                0x6000c4b8       0x3e ./source/mouse.o
 *fill*         0x6000c4f6        0x2 ff
 .rodata.s_UsbDeviceStandardRequest
                0x6000c4f8       0x34 ./source/usb_device_ch9.o
 .rodata.CLOCK_ControlGate.str1.4
                0x6000c52c       0x20 ./drivers/fsl_adc.o
 .rodata.s_adcBases
                0x6000c54c        0xc ./drivers/fsl_adc.o
 .rodata.s_adcClocks
                0x6000c558        0x6 ./drivers/fsl_adc.o
 *fill*         0x6000c55e        0x2 ff
 .rodata.ADC_GetInstance.str1.4
                0x6000c560       0x31 ./drivers/fsl_adc.o
 *fill*         0x6000c591        0x3 ff
 .rodata.ADC_Init.str1.4
                0x6000c594       0x1e ./drivers/fsl_adc.o
 *fill*         0x6000c5b2        0x2 ff
 .rodata.ADC_SetChannelConfig.str1.4
                0x6000c5b4       0x72 ./drivers/fsl_adc.o
 *fill*         0x6000c626        0x2 ff
 .rodata.ADC_ETC_Init.str1.4
                0x6000c628       0x22 ./drivers/fsl_adc_etc.o
 *fill*         0x6000c64a        0x2 ff
 .rodata.ADC_ETC_SetTriggerConfig.str1.4
                0x6000c64c       0x7b ./drivers/fsl_adc_etc.o
 *fill*         0x6000c6c7        0x1 ff
 .rodata.ADC_ETC_SetTriggerChainConfig.str1.4
                0x6000c6c8       0x56 ./drivers/fsl_adc_etc.o
 *fill*         0x6000c71e        0x2 ff
 .rodata.ADC_ETC_GetADCConversionValue.str1.4
                0x6000c720       0x5e ./drivers/fsl_adc_etc.o
 *fill*         0x6000c77e        0x2 ff
 .rodata.CLOCK_InitExternalClk.str1.4
                0x6000c780       0x21 ./drivers/fsl_clock.o
 *fill*         0x6000c7a1        0x3 ff
 .rodata.CLOCK_GetPllFreq.str1.4
                0x6000c7a4       0x30 ./drivers/fsl_clock.o
 .rodata.g_ccmConfigUsbPll.1
                0x6000c7d4        0x2 ./drivers/fsl_clock.o
 *fill*         0x6000c7d6        0x2 ff
 .rodata.enetRefClkFreq.0
                0x6000c7d8       0x10 ./drivers/fsl_clock.o
 .rodata.CLOCK_ControlGate.str1.4
                0x6000c7e8       0x20 ./drivers/fsl_gpio.o
 .rodata.s_gpioBases
                0x6000c7e8       0x18 ./drivers/fsl_gpio.o
 .rodata.s_gpioClock
                0x6000c800        0xc ./drivers/fsl_gpio.o
 .rodata.GPIO_GetInstance.str1.4
                0x6000c80c       0x33 ./drivers/fsl_gpio.o
 *fill*         0x6000c83f        0x1 ff
 .rodata.GPIO_PinWrite.str1.4
                0x6000c840       0x1b ./drivers/fsl_gpio.o
 .rodata.CLOCK_ControlGate.str1.4
                0x6000c85b       0x20 ./drivers/fsl_lpspi.o
 *fill*         0x6000c85b        0x1 ff
 .rodata.s_baudratePrescaler
                0x6000c85c        0x8 ./drivers/fsl_lpspi.o
 .rodata.s_lpspiBases
                0x6000c864       0x14 ./drivers/fsl_lpspi.o
 .rodata.s_lpspiClocks
                0x6000c878        0xa ./drivers/fsl_lpspi.o
 *fill*         0x6000c882        0x2 ff
 .rodata.LPSPI_GetInstance.str1.4
                0x6000c884       0x36 ./drivers/fsl_lpspi.o
 *fill*         0x6000c8ba        0x2 ff
 .rodata.LPSPI_MasterInit.str1.4
                0x6000c8bc       0x27 ./drivers/fsl_lpspi.o
 *fill*         0x6000c8e3        0x1 ff
 .rodata.LPSPI_MasterSetBaudRate.str1.4
                0x6000c8e4       0x2b ./drivers/fsl_lpspi.o
 *fill*         0x6000c90f        0x1 ff
 .rodata.LPSPI_MasterSetDelayScaler.str1.4
                0x6000c910       0x18 ./drivers/fsl_lpspi.o
 .rodata.LPSPI1_DriverIRQHandler.str1.4
                0x6000c928       0x2c ./drivers/fsl_lpspi.o
 .rodata.LPSPI2_DriverIRQHandler.str1.4
                0x6000c954       0x2c ./drivers/fsl_lpspi.o
 .rodata.LPSPI3_DriverIRQHandler.str1.4
                0x6000c980       0x2c ./drivers/fsl_lpspi.o
 .rodata.LPSPI4_DriverIRQHandler.str1.4
                0x6000c9ac       0x2c ./drivers/fsl_lpspi.o
 .rodata.CLOCK_ControlGate.str1.4
                0x6000c9d8       0x20 ./drivers/fsl_lpuart.o
 .rodata.s_lpuartBases
                0x6000c9d8       0x24 ./drivers/fsl_lpuart.o
 .rodata.s_lpuartClock
                0x6000c9fc       0x12 ./drivers/fsl_lpuart.o
 *fill*         0x6000ca0e        0x2 ff
 .rodata.LPUART_GetInstance.str1.4
                0x6000ca10       0x38 ./drivers/fsl_lpuart.o
 .rodata.LPUART_Init.str1.4
                0x6000ca48      0x10a ./drivers/fsl_lpuart.o
 *fill*         0x6000cb52        0x2 ff
 .rodata.LPUART_GetDefaultConfig.str1.4
                0x6000cb54       0x22 ./drivers/fsl_lpuart.o
 *fill*         0x6000cb76        0x2 ff
 .rodata.LPUART_WriteBlocking.str1.4
                0x6000cb78       0x21 ./drivers/fsl_lpuart.o
 *fill*         0x6000cb99        0x3 ff
 .rodata.LPUART_ReadBlocking.str1.4
                0x6000cb9c       0x21 ./drivers/fsl_lpuart.o
 .rodata.CLOCK_ControlGate.str1.4
                0x6000cbbd       0x20 ./drivers/fsl_pit.o
 *fill*         0x6000cbbd        0x3 ff
 .rodata.PIT_GetInstance.str1.4
                0x6000cbc0       0x31 ./drivers/fsl_pit.o
 *fill*         0x6000cbf1        0x3 ff
 .rodata.PIT_Init.str1.4
                0x6000cbf4       0x1e ./drivers/fsl_pit.o
 .rodata.CLOCK_ControlGate.str1.4
                0x6000cc12       0x20 ./drivers/fsl_qtmr.o
 *fill*         0x6000cc12        0x2 ff
 .rodata.s_qtmrBases
                0x6000cc14        0xc ./drivers/fsl_qtmr.o
 .rodata.s_qtmrClocks
                0x6000cc20        0x6 ./drivers/fsl_qtmr.o
 *fill*         0x6000cc26        0x2 ff
 .rodata.QTMR_GetInstance.str1.4
                0x6000cc28       0x33 ./drivers/fsl_qtmr.o
 *fill*         0x6000cc5b        0x1 ff
 .rodata.QTMR_Init.str1.4
                0x6000cc5c       0x1f ./drivers/fsl_qtmr.o
 *fill*         0x6000cc7b        0x1 ff
 .rodata.s_LpuartAdapterBase
                0x6000cc7c       0x24 ./component/uart/fsl_adapter_lpuart.o
 .rodata.HAL_UartInit.str1.4
                0x6000cca0      0x116 ./component/uart/fsl_adapter_lpuart.o
 *fill*         0x6000cdb6        0x2 ff
 .rodata.HAL_UartReceiveBlocking.str1.4
                0x6000cdb8       0x7b ./component/uart/fsl_adapter_lpuart.o
 *fill*         0x6000ce33        0x1 ff
 .rodata.HAL_UartSendBlocking.str1.4
                0x6000ce34       0x7b ./component/uart/fsl_adapter_lpuart.o
 *fill*         0x6000ceaf        0x1 ff
 .rodata.PIT_GetDefaultConfig.str1.4
                0x6000ceb0       0x88 ./component/timer/fsl_adapter_pit.o
 .rodata.PIT_SetTimerPeriod.str1.4
                0x6000cf38       0x85 ./component/timer/fsl_adapter_pit.o
 *fill*         0x6000cfbd        0x3 ff
 .rodata.HAL_TimerInit.str1.4
                0x6000cfc0       0xe7 ./component/timer/fsl_adapter_pit.o
 *fill*         0x6000d0a7        0x1 ff
 .rodata        0x6000d0a8        0x8 ./component/timer/fsl_adapter_pit.o
 .rodata.HAL_TimerInstallCallback.str1.4
                0x6000d0b0       0x27 ./component/timer/fsl_adapter_pit.o
 *fill*         0x6000d0d7        0x1 ff
 .rodata        0x6000d0d8       0x30 ./component/gpio/fsl_adapter_igpio.o
 .rodata.BOARD_ConfigMPU.str1.4
                0x6000d108       0x69 ./board/board.o
 *fill*         0x6000d171        0x3 ff
 .rodata.CLOCK_SetMux.str1.4
                0x6000d174       0x9a ./board/clock_config.o
 *fill*         0x6000d20e        0x2 ff
 .rodata.CLOCK_SetDiv.str1.4
                0x6000d210       0x9a ./board/clock_config.o
 *fill*         0x6000d2aa        0x2 ff
 .rodata.CLOCK_ControlGate.str1.4
                0x6000d2ac       0x89 ./board/clock_config.o
 *fill*         0x6000d335        0x3 ff
 .rodata.sysPllConfig_BOARD_BootClockRUN
                0x6000d338       0x14 ./board/clock_config.o
                0x6000d338                sysPllConfig_BOARD_BootClockRUN
 .rodata.enetPllConfig_BOARD_BootClockRUN
                0x6000d34c        0x5 ./board/clock_config.o
                0x6000d34c                enetPllConfig_BOARD_BootClockRUN
 *fill*         0x6000d351        0x3 ff
 .rodata.LPUART1_config
                0x6000d354       0x14 ./board/peripherals.o
                0x6000d354                LPUART1_config
 .rodata.ADC1_config
                0x6000d368        0xb ./board/peripherals.o
                0x6000d368                ADC1_config
 *fill*         0x6000d373        0x1 ff
 .rodata.ADC1_channels_config
                0x6000d374        0x8 ./board/peripherals.o
                0x6000d374                ADC1_channels_config
 .rodata.LPSPI4_config
                0x6000d37c       0x20 ./board/peripherals.o
                0x6000d37c                LPSPI4_config
 .rodata.ADC_ETC_config
                0x6000d39c        0xc ./board/peripherals.o
                0x6000d39c                ADC_ETC_config
 .rodata.ADC_ETC_trigger_config
                0x6000d3a8       0x14 ./board/peripherals.o
                0x6000d3a8                ADC_ETC_trigger_config
 .rodata.ADC_ETC_ADC_ETC_chain_config
                0x6000d3bc       0x10 ./board/peripherals.o
                0x6000d3bc                ADC_ETC_ADC_ETC_chain_config
 .rodata.TMR1_Channel_0_config
                0x6000d3cc        0x7 ./board/peripherals.o
                0x6000d3cc                TMR1_Channel_0_config
 *fill*         0x6000d3d3        0x1 ff
 .rodata.TMR1_Channel_1_config
                0x6000d3d4        0x7 ./board/peripherals.o
                0x6000d3d4                TMR1_Channel_1_config
 .rodata.CLOCK_ControlGate.str1.4
                0x6000d3db       0x89 ./board/pin_mux.o
 *fill*         0x6000d3db        0x1 ff
 .rodata.__num_Ciob_streams
                0x6000d3dc        0x4 c:/nxp/mcuxpressoide_11.9.0_2144/ide/plugins/com.nxp.mcuxpresso.tools.win32_11.9.0.202307121226/tools/bin/../lib/gcc/arm-none-eabi/12.3.1/../../../../arm-none-eabi/lib/thumb/v7e-m+dp/hard\libcr_nohost_nf.a(__ciob.o)
                0x6000d3dc                __num_Ciob_streams
 .rodata._initio.str1.1
                0x6000d3e0        0x4 c:/nxp/mcuxpressoide_11.9.0_2144/ide/plugins/com.nxp.mcuxpresso.tools.win32_11.9.0.202307121226/tools/bin/../lib/gcc/arm-none-eabi/12.3.1/../../../../arm-none-eabi/lib/thumb/v7e-m+dp/hard\libcr_c.a(initio.o)
                0x6000d3e4                        . = ALIGN (0x4)

.glue_7         0x6000d3e4        0x0
 .glue_7        0x6000d3e4        0x0 linker stubs

.glue_7t        0x6000d3e4        0x0
 .glue_7t       0x6000d3e4        0x0 linker stubs

.vfp11_veneer   0x6000d3e4        0x0
 .vfp11_veneer  0x6000d3e4        0x0 linker stubs

.v4_bx          0x6000d3e4        0x0
 .v4_bx         0x6000d3e4        0x0 linker stubs

.iplt           0x6000d3e4        0x0
 .iplt          0x6000d3e4        0x0 ./xip/fsl_flexspi_nor_boot.o

.rel.dyn        0x6000d3e4        0x0
 .rel.iplt      0x6000d3e4        0x0 ./xip/fsl_flexspi_nor_boot.o

.ARM.extab
 *(SORT_BY_ALIGNMENT(.ARM.extab*) SORT_BY_ALIGNMENT(.gnu.linkonce.armextab.*))

.ARM.exidx      0x6000d3e4        0x0
                0x6000d3e4                        __exidx_start = .
 *(SORT_BY_ALIGNMENT(.ARM.exidx*) SORT_BY_ALIGNMENT(.gnu.linkonce.armexidx.*))
                0x6000d3e4                        __exidx_end = .
                0x6000d3e4                        _etext = .

.data_RAM2      0x00000000        0x0 load address 0x6000d3e4
 FILL mask 0xff
                [!provide]                        PROVIDE (__start_data_RAM2 = .)
                [!provide]                        PROVIDE (__start_data_SRAM_ITC = .)
 *(SORT_BY_ALIGNMENT(.ramfunc.$RAM2))
 *(SORT_BY_ALIGNMENT(.ramfunc.$SRAM_ITC))
 *(SORT_BY_ALIGNMENT(.data.$RAM2))
 *(SORT_BY_ALIGNMENT(.data.$SRAM_ITC))
 *(SORT_BY_ALIGNMENT(.data.$RAM2.*))
 *(SORT_BY_ALIGNMENT(.data.$SRAM_ITC.*))
                0x00000000                        . = ALIGN (0x4)
                [!provide]                        PROVIDE (__end_data_RAM2 = .)
                [!provide]                        PROVIDE (__end_data_SRAM_ITC = .)

.data_RAM3      0x20200000        0x0 load address 0x6000d3e4
 FILL mask 0xff
                [!provide]                        PROVIDE (__start_data_RAM3 = .)
                [!provide]                        PROVIDE (__start_data_SRAM_OC = .)
 *(SORT_BY_ALIGNMENT(.ramfunc.$RAM3))
 *(SORT_BY_ALIGNMENT(.ramfunc.$SRAM_OC))
 *(SORT_BY_ALIGNMENT(.data.$RAM3))
 *(SORT_BY_ALIGNMENT(.data.$SRAM_OC))
 *(SORT_BY_ALIGNMENT(.data.$RAM3.*))
 *(SORT_BY_ALIGNMENT(.data.$SRAM_OC.*))
                0x20200000                        . = ALIGN (0x4)
                [!provide]                        PROVIDE (__end_data_RAM3 = .)