Archive member included to satisfy reference by file (symbol)

c:/nxp/mcuxpressoide_11.9.0_2144/ide/plugins/com.nxp.mcuxpresso.tools.win32_11.9.0.202307121226/tools/bin/../lib/gcc/arm-none-eabi/12.3.1/../../../../arm-none-eabi/lib/thumb/v7e-m+dp/hard\libcr_nohost_nf.a(_cr__main.o)
                              ./startup/startup_mimxrt1021.o (__main)
c:/nxp/mcuxpressoide_11.9.0_2144/ide/plugins/com.nxp.mcuxpresso.tools.win32_11.9.0.202307121226/tools/bin/../lib/gcc/arm-none-eabi/12.3.1/../../../../arm-none-eabi/lib/thumb/v7e-m+dp/hard\libcr_c.a(memset.o)
                              ./drivers/fsl_adc.o (memset)
c:/nxp/mcuxpressoide_11.9.0_2144/ide/plugins/com.nxp.mcuxpresso.tools.win32_11.9.0.202307121226/tools/bin/../lib/gcc/arm-none-eabi/12.3.1/../../../../arm-none-eabi/lib/thumb/v7e-m+dp/hard\libcr_c.a(alloc.o)
                              ./drivers/fsl_common.o (malloc)
c:/nxp/mcuxpressoide_11.9.0_2144/ide/plugins/com.nxp.mcuxpresso.tools.win32_11.9.0.202307121226/tools/bin/../lib/gcc/arm-none-eabi/12.3.1/../../../../arm-none-eabi/lib/thumb/v7e-m+dp/hard\libcr_c.a(errno.o)
                              ./utilities/fsl_str.o (errno)
c:/nxp/mcuxpressoide_11.9.0_2144/ide/plugins/com.nxp.mcuxpresso.tools.win32_11.9.0.202307121226/tools/bin/../lib/gcc/arm-none-eabi/12.3.1/../../../../arm-none-eabi/lib/thumb/v7e-m+dp/hard\libcr_c.a(initio.o)
                              c:/nxp/mcuxpressoide_11.9.0_2144/ide/plugins/com.nxp.mcuxpresso.tools.win32_11.9.0.202307121226/tools/bin/../lib/gcc/arm-none-eabi/12.3.1/../../../../arm-none-eabi/lib/thumb/v7e-m+dp/hard\libcr_nohost_nf.a(_cr__main.o) (_initio)
c:/nxp/mcuxpressoide_11.9.0_2144/ide/plugins/com.nxp.mcuxpresso.tools.win32_11.9.0.202307121226/tools/bin/../lib/gcc/arm-none-eabi/12.3.1/../../../../arm-none-eabi/lib/thumb/v7e-m+dp/hard\libcr_c.a(scanf.o)
                              ./utilities/fsl_str.o (strtoul)
c:/nxp/mcuxpressoide_11.9.0_2144/ide/plugins/com.nxp.mcuxpresso.tools.win32_11.9.0.202307121226/tools/bin/../lib/gcc/arm-none-eabi/12.3.1/../../../../arm-none-eabi/lib/thumb/v7e-m+dp/hard\libcr_c.a(setvbuf.o)
                              c:/nxp/mcuxpressoide_11.9.0_2144/ide/plugins/com.nxp.mcuxpresso.tools.win32_11.9.0.202307121226/tools/bin/../lib/gcc/arm-none-eabi/12.3.1/../../../../arm-none-eabi/lib/thumb/v7e-m+dp/hard\libcr_c.a(initio.o) (setvbuf)
c:/nxp/mcuxpressoide_11.9.0_2144/ide/plugins/com.nxp.mcuxpresso.tools.win32_11.9.0.202307121226/tools/bin/../lib/gcc/arm-none-eabi/12.3.1/../../../../arm-none-eabi/lib/thumb/v7e-m+dp/hard\libcr_c.a(strlen.o)
                              ./utilities/fsl_debug_console.o (strlen)
c:/nxp/mcuxpressoide_11.9.0_2144/ide/plugins/com.nxp.mcuxpresso.tools.win32_11.9.0.202307121226/tools/bin/../lib/gcc/arm-none-eabi/12.3.1/../../../../arm-none-eabi/lib/thumb/v7e-m+dp/hard\libcr_c.a(ungetc.o)
                              c:/nxp/mcuxpressoide_11.9.0_2144/ide/plugins/com.nxp.mcuxpresso.tools.win32_11.9.0.202307121226/tools/bin/../lib/gcc/arm-none-eabi/12.3.1/../../../../arm-none-eabi/lib/thumb/v7e-m+dp/hard\libcr_c.a(scanf.o) (ungetc)
c:/nxp/mcuxpressoide_11.9.0_2144/ide/plugins/com.nxp.mcuxpresso.tools.win32_11.9.0.202307121226/tools/bin/../lib/gcc/arm-none-eabi/12.3.1/../../../../arm-none-eabi/lib/thumb/v7e-m+dp/hard\libcr_c.a(__fillbuf.o)
                              c:/nxp/mcuxpressoide_11.9.0_2144/ide/plugins/com.nxp.mcuxpresso.tools.win32_11.9.0.202307121226/tools/bin/../lib/gcc/arm-none-eabi/12.3.1/../../../../arm-none-eabi/lib/thumb/v7e-m+dp/hard\libcr_c.a(scanf.o) (__filbuf)
c:/nxp/mcuxpressoide_11.9.0_2144/ide/plugins/com.nxp.mcuxpresso.tools.win32_11.9.0.202307121226/tools/bin/../lib/gcc/arm-none-eabi/12.3.1/../../../../arm-none-eabi/lib/thumb/v7e-m+dp/hard\libcr_c.a(__init_alloc.o)
                              c:/nxp/mcuxpressoide_11.9.0_2144/ide/plugins/com.nxp.mcuxpresso.tools.win32_11.9.0.202307121226/tools/bin/../lib/gcc/arm-none-eabi/12.3.1/../../../../arm-none-eabi/lib/thumb/v7e-m+dp/hard\libcr_c.a(alloc.o) (__heaps)
c:/nxp/mcuxpressoide_11.9.0_2144/ide/plugins/com.nxp.mcuxpresso.tools.win32_11.9.0.202307121226/tools/bin/../lib/gcc/arm-none-eabi/12.3.1/../../../../arm-none-eabi/lib/thumb/v7e-m+dp/hard\libcr_c.a(_cr_sbrk.o)
                              c:/nxp/mcuxpressoide_11.9.0_2144/ide/plugins/com.nxp.mcuxpresso.tools.win32_11.9.0.202307121226/tools/bin/../lib/gcc/arm-none-eabi/12.3.1/../../../../arm-none-eabi/lib/thumb/v7e-m+dp/hard\libcr_c.a(alloc.o) (_sbrk)
c:/nxp/mcuxpressoide_11.9.0_2144/ide/plugins/com.nxp.mcuxpresso.tools.win32_11.9.0.202307121226/tools/bin/../lib/gcc/arm-none-eabi/12.3.1/../../../../arm-none-eabi/lib/thumb/v7e-m+dp/hard\libcr_c.a(_deferredlazyseek.o)
                              c:/nxp/mcuxpressoide_11.9.0_2144/ide/plugins/com.nxp.mcuxpresso.tools.win32_11.9.0.202307121226/tools/bin/../lib/gcc/arm-none-eabi/12.3.1/../../../../arm-none-eabi/lib/thumb/v7e-m+dp/hard\libcr_c.a(__fillbuf.o) (_deferredlazyseek)
[...]
Memory Configuration

Name             Origin             Length             Attributes
BOARD_FLASH      0x60000000         0x00800000         xr
SRAM_DTC         0x20000000         0x00010000         xrw
SRAM_ITC         0x00000000         0x00010000         xrw
SRAM_OC          0x20200000         0x00020000         xrw
BOARD_SDRAM      0x80000000         0x01e00000         xrw
NCACHE_REGION    0x81e00000         0x00200000         xrw
*default*        0x00000000         0xffffffff

Linker script and memory map

LOAD ./xip/evkmimxrt1020_flexspi_nor_config.o
LOAD ./xip/fsl_flexspi_nor_boot.o
LOAD ./utilities/fsl_assert.o
LOAD ./utilities/fsl_debug_console.o
LOAD ./utilities/fsl_memcpy.o
LOAD ./utilities/fsl_str.o
LOAD ./usb/phy/usb_phy.o
LOAD ./usb/device/source/ehci/usb_device_ehci.o
LOAD ./usb/device/source/usb_device_dci.o
LOAD ./usb/dcd/usb_phydcd.o
LOAD ./startup/startup_mimxrt1021.o
LOAD ./source/configration.o
LOAD ./source/lcd.o
LOAD ./source/mouse.o
LOAD ./source/semihost_hardfault.o
LOAD ./source/spi.o
LOAD ./source/touch.o
LOAD ./source/usb_device_ch9.o
LOAD ./source/usb_device_descriptor.o
LOAD ./source/usb_device_hid.o
LOAD ./drivers/fsl_adc.o
LOAD ./drivers/fsl_adc_etc.o
LOAD ./drivers/fsl_cache.o
LOAD ./drivers/fsl_clock.o
LOAD ./drivers/fsl_common.o
LOAD ./drivers/fsl_common_arm.o
LOAD ./drivers/fsl_enc.o
LOAD ./drivers/fsl_gpio.o
LOAD ./drivers/fsl_lpspi.o
LOAD ./drivers/fsl_lpuart.o
LOAD ./drivers/fsl_pit.o
LOAD ./drivers/fsl_qtmr.o
LOAD ./drivers/fsl_xbara.o
LOAD ./device/system_MIMXRT1021.o
LOAD ./component/uart/fsl_adapter_lpuart.o
LOAD ./component/timer/fsl_adapter_pit.o
LOAD ./component/osa/fsl_os_abstraction_bm.o
LOAD ./component/lists/fsl_component_generic_list.o
LOAD ./component/gpio/fsl_adapter_igpio.o
LOAD ./board/board.o
LOAD ./board/clock_config.o
LOAD ./board/dcd.o
LOAD ./board/peripherals.o
LOAD ./board/pin_mux.o
START GROUP
LOAD c:/nxp/mcuxpressoide_11.9.0_2144/ide/plugins/com.nxp.mcuxpresso.tools.win32_11.9.0.202307121226/tools/bin/../lib/gcc/arm-none-eabi/12.3.1/../../../../arm-none-eabi/lib/thumb/v7e-m+dp/hard\libcr_nohost_nf.a
LOAD c:/nxp/mcuxpressoide_11.9.0_2144/ide/plugins/com.nxp.mcuxpresso.tools.win32_11.9.0.202307121226/tools/bin/../lib/gcc/arm-none-eabi/12.3.1/../../../../arm-none-eabi/lib/thumb/v7e-m+dp/hard\libcr_c.a
LOAD c:/nxp/mcuxpressoide_11.9.0_2144/ide/plugins/com.nxp.mcuxpresso.tools.win32_11.9.0.202307121226/tools/bin/../lib/gcc/arm-none-eabi/12.3.1/thumb/v7e-m+dp/hard\libcr_eabihelpers.a
LOAD c:/nxp/mcuxpressoide_11.9.0_2144/ide/plugins/com.nxp.mcuxpresso.tools.win32_11.9.0.202307121226/tools/bin/../lib/gcc/arm-none-eabi/12.3.1/thumb/v7e-m+dp/hard\libgcc.a
END GROUP
                0x60000000                        __base_BOARD_FLASH = 0x60000000
                0x60000000                        __base_Flash = 0x60000000
                0x60800000                        __top_BOARD_FLASH = 0x60800000
                0x60800000                        __top_Flash = 0x60800000
                0x20000000                        __base_SRAM_DTC = 0x20000000
                0x20000000                        __base_RAM = 0x20000000
                0x20010000                        __top_SRAM_DTC = 0x20010000
                0x20010000                        __top_RAM = 0x20010000
                0x00000000                        __base_SRAM_ITC = 0x0
                0x00000000                        __base_RAM2 = 0x0
                0x00010000                        __top_SRAM_ITC = 0x10000
                0x00010000                        __top_RAM2 = 0x10000
                0x20200000                        __base_SRAM_OC = 0x20200000
                0x20200000                        __base_RAM3 = 0x20200000
                0x20220000                        __top_SRAM_OC = 0x20220000
                0x20220000                        __top_RAM3 = 0x20220000
                0x80000000                        __base_BOARD_SDRAM = 0x80000000
                0x80000000                        __base_RAM4 = 0x80000000
                0x81e00000                        __top_BOARD_SDRAM = 0x81e00000
                0x81e00000                        __top_RAM4 = 0x81e00000
                0x81e00000                        __base_NCACHE_REGION = 0x81e00000
                0x81e00000                        __base_RAM5 = 0x81e00000
                0x82000000                        __top_NCACHE_REGION = 0x82000000
                0x82000000                        __top_RAM5 = 0x82000000

.boot_hdr       0x60000000     0x2000
 FILL mask 0xff
                0x60000000                        __boot_hdr_start__ = ABSOLUTE (.)
 *(SORT_BY_ALIGNMENT(.boot_hdr.conf))
 .boot_hdr.conf
                0x60000000      0x200 ./xip/evkmimxrt1020_flexspi_nor_config.o
                0x60000000                qspiflash_config
                0x00001000                        . = 0x1000
 *fill*         0x60000200      0xe00 ff
 *(SORT_BY_ALIGNMENT(.boot_hdr.ivt))
 .boot_hdr.ivt  0x60001000       0x20 ./xip/fsl_flexspi_nor_boot.o
                0x60001000                image_vector_table
                0x00001020                        . = 0x1020
 *(SORT_BY_ALIGNMENT(.boot_hdr.boot_data))
 .boot_hdr.boot_data
                0x60001020       0x10 ./xip/fsl_flexspi_nor_boot.o
                0x60001020                g_boot_data
                0x00001030                        . = 0x1030
 *(SORT_BY_ALIGNMENT(.boot_hdr.dcd_data))
                0x60001030                        __boot_hdr_end__ = ABSOLUTE (.)
                0x00002000                        . = 0x2000
 *fill*         0x60001030      0xfd0 ff

.text           0x60002000     0xade0
 FILL mask 0xff
                0x60002000                        __vectors_start__ = ABSOLUTE (.)
 *(SORT_BY_ALIGNMENT(.isr_vector))
 .isr_vector    0x60002000      0x278 ./startup/startup_mimxrt1021.o
                0x60002000                g_pfnVectors
                0x60002000                __Vectors
                0x60002278                        . = ALIGN (0x4)
                0x60002278                        __section_table_start = .
                0x60002278                        __data_section_table = .
                0x60002278        0x4 LONG 0x6000cde0 LOADADDR (.data)
                0x6000227c        0x4 LONG 0x20000000 ADDR (.data)
                0x60002280        0x4 LONG 0xf4 SIZEOF (.data)
                0x60002284        0x4 LONG 0x6000cde0 LOADADDR (.data_RAM2)
                0x60002288        0x4 LONG 0x0 ADDR (.data_RAM2)
                0x6000228c        0x4 LONG 0x0 SIZEOF (.data_RAM2)
                0x60002290        0x4 LONG 0x6000cde0 LOADADDR (.data_RAM3)
                0x60002294        0x4 LONG 0x20200000 ADDR (.data_RAM3)
                0x60002298        0x4 LONG 0x0 SIZEOF (.data_RAM3)
                0x6000229c        0x4 LONG 0x6000cde0 LOADADDR (.data_RAM4)
                0x600022a0        0x4 LONG 0x80000000 ADDR (.data_RAM4)
                0x600022a4        0x4 LONG 0x0 SIZEOF (.data_RAM4)
                0x600022a8        0x4 LONG 0x6000cde0 LOADADDR (.data_RAM5)
                0x600022ac        0x4 LONG 0x81e00000 ADDR (.data_RAM5)
                0x600022b0        0x4 LONG 0x0 SIZEOF (.data_RAM5)
                0x600022b4                        __data_section_table_end = .
                0x600022b4                        __bss_section_table = .
                0x600022b4        0x4 LONG 0x20000800 ADDR (.bss)
                0x600022b8        0x4 LONG 0x8b4 SIZEOF (.bss)
                0x600022bc        0x4 LONG 0x0 ADDR (.bss_RAM2)
                0x600022c0        0x4 LONG 0x0 SIZEOF (.bss_RAM2)
                0x600022c4        0x4 LONG 0x20200000 ADDR (.bss_RAM3)
                0x600022c8        0x4 LONG 0x0 SIZEOF (.bss_RAM3)
                0x600022cc        0x4 LONG 0x80000000 ADDR (.bss_RAM4)
                0x600022d0        0x4 LONG 0x0 SIZEOF (.bss_RAM4)
                0x600022d4        0x4 LONG 0x81e00000 ADDR (.bss_RAM5)
                0x600022d8        0x4 LONG 0x0 SIZEOF (.bss_RAM5)
                0x600022dc                        __bss_section_table_end = .
                0x600022dc                        __section_table_end = .
 *(SORT_BY_ALIGNMENT(.after_vectors*))
 .after_vectors.reset
                0x600022dc       0x54 ./startup/startup_mimxrt1021.o
                0x600022dc                ResetISR
 .after_vectors.init_data
                0x60002330       0x1e ./startup/startup_mimxrt1021.o
                0x60002330                data_init
 .after_vectors.init_bss
                0x6000234e       0x12 ./startup/startup_mimxrt1021.o
                0x6000234e                bss_init
 .after_vectors
                0x60002360       0x14 ./startup/startup_mimxrt1021.o
                0x60002360                NMI_Handler
                0x60002364                MemManage_Handler
                0x60002366                BusFault_Handler
                0x60002368                UsageFault_Handler
                0x6000236a                SVC_Handler
                0x6000236c                DebugMon_Handler
                0x6000236e                PendSV_Handler
                0x60002370                SysTick_Handler
                0x60002372                DMA13_DMA29_DriverIRQHandler
                0x60002372                PIT_DriverIRQHandler
                0x60002372                SEMC_DriverIRQHandler
                0x60002372                SPDIF_DriverIRQHandler
                0x60002372                Reserved152_DriverIRQHandler
                0x60002372                FLEXRAM_DriverIRQHandler
                0x60002372                Reserved102_DriverIRQHandler
                0x60002372                SAI3_RX_DriverIRQHandler
                0x60002372                USB_PHY_DriverIRQHandler
                0x60002372                GPIO3_Combined_0_15_DriverIRQHandler
                0x60002372                Reserved82_DriverIRQHandler
                0x60002372                DMA7_DMA23_DriverIRQHandler
                0x60002372                BEE_DriverIRQHandler
                0x60002372                LPI2C3_DriverIRQHandler
                0x60002372                GPR_IRQ_DriverIRQHandler
                0x60002372                Reserved103_DriverIRQHandler
                0x60002372                PWM2_FAULT_DriverIRQHandler
                0x60002372                Reserved56_DriverIRQHandler
                0x60002372                DMA14_DMA30_DriverIRQHandler
                0x60002372                TMR1_DriverIRQHandler
                0x60002372                TRNG_DriverIRQHandler
                0x60002372                ENET_1588_Timer_DriverIRQHandler
                0x60002372                GPIO2_Combined_16_31_DriverIRQHandler
                0x60002372                Reserved143_DriverIRQHandler
                0x60002372                CCM_2_DriverIRQHandler
                0x60002372                Reserved151_DriverIRQHandler
                0x60002372                DMA0_DMA16_DriverIRQHandler
                0x60002372                IntDefaultHandler
                0x60002372                DMA2_DMA18_DriverIRQHandler
                0x60002372                SRC_DriverIRQHandler
                0x60002372                GPIO1_INT4_DriverIRQHandler
                0x60002372                Reserved144_DriverIRQHandler
                0x60002372                USDHC1_DriverIRQHandler
                0x60002372                SNVS_LP_HP_WRAPPER_DriverIRQHandler
                0x60002372                EWM_DriverIRQHandler
                0x60002372                WDOG1_DriverIRQHandler
                0x60002372                KPP_DriverIRQHandler
                0x60002372                ENET_DriverIRQHandler
                0x60002372                Reserved78_DriverIRQHandler
                0x60002372                ENC2_DriverIRQHandler
                0x60002372                ADC_ETC_IRQ2_DriverIRQHandler
                0x60002372                GPIO1_Combined_16_31_DriverIRQHandler
                0x60002372                GPIO1_INT7_DriverIRQHandler
                0x60002372                SAI1_DriverIRQHandler
                0x60002372                DCDC_DriverIRQHandler
                0x60002372                DMA12_DMA28_DriverIRQHandler
                0x60002372                ADC_ETC_ERROR_IRQ_DriverIRQHandler
                0x60002372                ACMP2_DriverIRQHandler
                0x60002372                GPIO5_Combined_0_15_DriverIRQHandler
                0x60002372                GPIO1_INT0_DriverIRQHandler
                0x60002372                GPIO1_INT2_DriverIRQHandler
                0x60002372                RTWDOG_DriverIRQHandler
                0x60002372                FLEXSPI_DriverIRQHandler
                0x60002372                GPT2_DriverIRQHandler
                0x60002372                DMA10_DMA26_DriverIRQHandler
                0x60002372                PWM2_1_DriverIRQHandler
                0x60002372                PWM1_1_DriverIRQHandler
                0x60002372                ADC1_DriverIRQHandler
                0x60002372                Reserved148_DriverIRQHandler
                0x60002372                PWM1_0_DriverIRQHandler
                0x60002372                DMA1_DMA17_DriverIRQHandler
                0x60002372                ENC1_DriverIRQHandler
                0x60002372                CAN2_DriverIRQHandler
                0x60002372                DCP_DriverIRQHandler
                0x60002372                CTI0_ERROR_DriverIRQHandler
                0x60002372                DMA8_DMA24_DriverIRQHandler
                0x60002372                GPT1_DriverIRQHandler
                0x60002372                ACMP3_DriverIRQHandler
                0x60002372                DMA6_DMA22_DriverIRQHandler
                0x60002372                CSU_DriverIRQHandler
                0x60002372                GPIO1_INT5_DriverIRQHandler
                0x60002372                TMR2_DriverIRQHandler
                0x60002372                CTI1_ERROR_DriverIRQHandler
                0x60002372                GPIO1_Combined_0_15_DriverIRQHandler
                0x60002372                USDHC2_DriverIRQHandler
                0x60002372                Reserved87_DriverIRQHandler
                0x60002372                SAI2_DriverIRQHandler
                0x60002372                CORE_DriverIRQHandler
                0x60002372                Reserved147_DriverIRQHandler
                0x60002372                FLEXIO1_DriverIRQHandler
                0x60002372                DMA11_DMA27_DriverIRQHandler
                0x60002372                PWM2_3_DriverIRQHandler
                0x60002372                Reserved60_DriverIRQHandler
                0x60002372                XBAR1_IRQ_2_3_DriverIRQHandler
                0x60002372                SNVS_HP_WRAPPER_TZ_DriverIRQHandler
                0x60002372                GPIO3_Combined_16_31_DriverIRQHandler
                0x60002372                PWM1_FAULT_DriverIRQHandler
                0x60002372                LPI2C1_DriverIRQHandler
                0x60002372                PWM2_2_DriverIRQHandler
                0x60002372                Reserved128_DriverIRQHandler
                0x60002372                DMA4_DMA20_DriverIRQHandler
                0x60002372                DMA9_DMA25_DriverIRQHandler
                0x60002372                SNVS_HP_WRAPPER_DriverIRQHandler
                0x60002372                XBAR1_IRQ_0_1_DriverIRQHandler
                0x60002372                ADC_ETC_IRQ1_DriverIRQHandler
                0x60002372                DMA3_DMA19_DriverIRQHandler
                0x60002372                GPIO1_INT3_DriverIRQHandler
                0x60002372                DCP_VMI_DriverIRQHandler
                0x60002372                LPI2C4_DriverIRQHandler
                0x60002372                GPC_DriverIRQHandler
                0x60002372                Reserved123_DriverIRQHandler
                0x60002372                GPIO2_Combined_0_15_DriverIRQHandler
                0x60002372                PWM1_2_DriverIRQHandler
                0x60002372                USB_OTG1_DriverIRQHandler
                0x60002372                TEMP_LOW_HIGH_DriverIRQHandler
                0x60002372                SAI3_TX_DriverIRQHandler
                0x60002372                WDOG2_DriverIRQHandler
                0x60002372                Reserved68_DriverIRQHandler
                0x60002372                PMU_DriverIRQHandler
                0x60002372                Reserved59_DriverIRQHandler
                0x60002372                GPIO5_Combined_16_31_DriverIRQHandler
                0x60002372                DMA5_DMA21_DriverIRQHandler
                0x60002372                CCM_1_DriverIRQHandler
                0x60002372                ADC2_DriverIRQHandler
                0x60002372                Reserved58_DriverIRQHandler
                0x60002372                Reserved115_DriverIRQHandler
                0x60002372                TEMP_PANIC_DriverIRQHandler
                0x60002372                ACMP4_DriverIRQHandler
                0x60002372                DMA15_DMA31_DriverIRQHandler
                0x60002372                Reserved107_DriverIRQHandler
                0x60002372                PWM1_3_DriverIRQHandler
                0x60002372                Reserved70_DriverIRQHandler
                0x60002372                ACMP1_DriverIRQHandler
                0x60002372                LPI2C2_DriverIRQHandler
                0x60002372                Reserved86_DriverIRQHandler
                0x60002372                DMA_ERROR_DriverIRQHandler
                0x60002372                ADC_ETC_IRQ0_DriverIRQHandler
                0x60002372                CAN1_DriverIRQHandler
                0x60002372                GPIO1_INT6_DriverIRQHandler
                0x60002372                GPIO1_INT1_DriverIRQHandler
                0x60002372                PWM2_0_DriverIRQHandler
 *(SORT_BY_ALIGNMENT(.text*))
 *fill*         0x60002374        0x4 ff
 .text.LPSPI_MasterSetDelayTimes
                0x60002378      0x284 ./drivers/fsl_lpspi.o
                0x60002378                LPSPI_MasterSetDelayTimes
 .text.__assertion_failed
                0x600025fc       0x2c ./utilities/fsl_assert.o
                0x600025fc                __assertion_failed
 .text.DbgConsole_Init
                0x60002628       0x88 ./utilities/fsl_debug_console.o
                0x60002628                DbgConsole_Init
 .text.DbgConsole_Vprintf
                0x600026b0       0x3c ./utilities/fsl_debug_console.o
                0x600026b0                DbgConsole_Vprintf
 .text.DbgConsole_Putchar
                0x600026ec       0x30 ./utilities/fsl_debug_console.o
                0x600026ec                DbgConsole_Putchar
 .text.DbgConsole_PrintfFormattedData
                0x6000271c      0x3e0 ./utilities/fsl_debug_console.o
 .text          0x60002afc       0xa0 ./utilities/fsl_memcpy.o
                0x60002afc                memcpy
 .text.USB_EhciPhyGetBase
                0x60002b9c       0x8c ./usb/phy/usb_phy.o
                0x60002b9c                USB_EhciPhyGetBase
 .text.USB_EhciPhyInit
                0x60002c28       0xc8 ./usb/phy/usb_phy.o
                0x60002c28                USB_EhciPhyInit
 .text.USB_DeviceEhciCancelControlPipe
                0x60002cf0      0x17c ./usb/device/source/ehci/usb_device_ehci.o
 .text.USB_DeviceEhciInterruptTokenDone
                0x60002e6c      0x414 ./usb/device/source/ehci/usb_device_ehci.o
 .text.USB_DeviceEhciTransfer
                0x60003280      0x3ac ./usb/device/source/ehci/usb_device_ehci.o
 .text.USB_EhciGetValidEhciState
                0x6000362c       0x58 ./usb/device/source/ehci/usb_device_ehci.o
 .text.USB_DeviceEhciInit
                0x60003684      0x188 ./usb/device/source/ehci/usb_device_ehci.o
                0x60003684                USB_DeviceEhciInit
 .text.USB_DeviceEhciDeinit
                0x6000380c       0x94 ./usb/device/source/ehci/usb_device_ehci.o
                0x6000380c                USB_DeviceEhciDeinit
 .text.USB_DeviceEhciCancel
                0x600038a0      0x21c ./usb/device/source/ehci/usb_device_ehci.o
                0x600038a0                USB_DeviceEhciCancel
 .text.USB_DeviceEhciControl
                0x60003abc      0x2f8 ./usb/device/source/ehci/usb_device_ehci.o
                0x60003abc                USB_DeviceEhciControl
 .text.USB_DeviceAllocateHandle
                0x60003db4       0xd8 ./usb/device/source/usb_device_dci.o
 .text.USB_DeviceGetControllerInterface
                0x60003e8c       0x3c ./usb/device/source/usb_device_dci.o
 .text.USB_DeviceNotification
                0x60003ec8      0x158 ./usb/device/source/usb_device_dci.o
 .text.USB_DeviceGetStatus
                0x60004020       0xcc ./usb/device/source/usb_device_dci.o
                0x60004020                USB_DeviceGetStatus
 .text.USB_DeviceSetStatus
                0x600040ec      0x118 ./usb/device/source/usb_device_dci.o
                0x600040ec                USB_DeviceSetStatus
 .text.USB_PHYDCD_Init
                0x60004204       0xac ./usb/dcd/usb_phydcd.o
                0x60004204                USB_PHYDCD_Init
 .text.USB_PHYDCD_Control
                0x600042b0       0x94 ./usb/dcd/usb_phydcd.o
                0x600042b0                USB_PHYDCD_Control
 .text.USB_PHYDCD_TimerIsrFunction
                0x60004344      0x43c ./usb/dcd/usb_phydcd.o
                0x60004344                USB_PHYDCD_TimerIsrFunction
 .text.GPIO_PinRead
                0x60004780       0x30 ./source/configration.o
 .text.TMR2_IRQHandler
                0x600047b0       0xd0 ./source/configration.o
                0x600047b0                TMR2_IRQHandler
 .text.TMR1_IRQHandler
                0x60004880       0x70 ./source/configration.o
                0x60004880                TMR1_IRQHandler
 .text.LCD_WriteCommand
                0x600048f0       0x2c ./source/lcd.o
                0x600048f0                LCD_WriteCommand
 .text.LCD_WriteData
                0x6000491c       0x2c ./source/lcd.o
                0x6000491c                LCD_WriteData
 .text.LCD_Init
                0x60004948      0x20c ./source/lcd.o
                0x60004948                LCD_Init
 .text.LCD_WR_REG
                0x60004b54       0x4c ./source/lcd.o
                0x60004b54                LCD_WR_REG
 .text.LCD_WriteRAM_Prepare
                0x60004ba0       0x18 ./source/lcd.o
                0x60004ba0                LCD_WriteRAM_Prepare
 .text.LCD_SetWindows
                0x60004bb8       0x80 ./source/lcd.o
                0x60004bb8                LCD_SetWindows
 .text.LCD_Fill
                0x60004c38       0x98 ./source/lcd.o
                0x60004c38                LCD_Fill
 .text.__NVIC_EnableIRQ
                0x60004cd0       0x3c ./source/mouse.o
 .text.__NVIC_SetPriority
                0x60004d0c       0x54 ./source/mouse.o
 .text.HW_TimerCallback
                0x60004d60       0x38 ./source/mouse.o
                0x60004d60                HW_TimerCallback
 .text.HW_TimerInit
                0x60004d98       0x44 ./source/mouse.o
                0x60004d98                HW_TimerInit
 .text.USB_OTG1_IRQHandler
                0x60004ddc       0x18 ./source/mouse.o
                0x60004ddc                USB_OTG1_IRQHandler
 .text.USB_DeviceClockInit
                0x60004df4       0x48 ./source/mouse.o
                0x60004df4                USB_DeviceClockInit
 .text.USB_DeviceHidMouseAction
                0x60004e3c       0xe0 ./source/mouse.o
 .text.USB_DeviceHidInterruptIn
                0x60004f1c       0x40 ./source/mouse.o
 .text.USB_DeviceCallback
                0x60004f5c      0x1f0 ./source/mouse.o
                0x60004f5c                USB_DeviceCallback
 .text.USB_DeviceGetSetupBuffer
                0x6000514c       0x2c ./source/mouse.o
                0x6000514c                USB_DeviceGetSetupBuffer
 .text.USB_DeviceGetClassReceiveBuffer
                0x60005178       0x38 ./source/mouse.o
                0x60005178                USB_DeviceGetClassReceiveBuffer
 .text.USB_DeviceProcessClassRequest
                0x600051b0       0x6c ./source/mouse.o
                0x600051b0                USB_DeviceProcessClassRequest
 .text.USB_DeviceApplicationInit
                0x6000521c       0x64 ./source/mouse.o
 .text.main     0x60005280       0x68 ./source/mouse.o
                0x60005280                main
 .text.USB_DeviceCh9GetStatus
                0x600052e8       0xfc ./source/usb_device_ch9.o
 .text.USB_DeviceCh9GetConfiguration
                0x600053e4       0x80 ./source/usb_device_ch9.o
 .text.USB_DeviceCh9GetInterface
                0x60005464       0x80 ./source/usb_device_ch9.o
 .text.USB_DeviceCh9SynchFrame
                0x600054e4       0x84 ./source/usb_device_ch9.o
 .text.USB_DeviceControlCallback
                0x60005568      0x270 ./source/usb_device_ch9.o
                0x60005568                USB_DeviceControlCallback
 .text.USB_DeviceControlPipeInit
                0x600057d8       0x7c ./source/usb_device_ch9.o
                0x600057d8                USB_DeviceControlPipeInit
 .text.USB_DeviceGetDescriptor
                0x60005854      0x138 ./source/usb_device_descriptor.o
                0x60005854                USB_DeviceGetDescriptor
 .text.USB_DeviceSetConfigure
                0x6000598c       0x38 ./source/usb_device_descriptor.o
                0x6000598c                USB_DeviceSetConfigure
 .text.USB_DeviceGetConfigure
                0x600059c4       0x24 ./source/usb_device_descriptor.o
                0x600059c4                USB_DeviceGetConfigure
 .text.USB_DeviceSetInterface
                0x600059e8       0x40 ./source/usb_device_descriptor.o
                0x600059e8                USB_DeviceSetInterface
 .text.USB_DeviceGetInterface
                0x60005a28       0x34 ./source/usb_device_descriptor.o
                0x60005a28                USB_DeviceGetInterface
 .text.USB_DeviceSetSpeed
                0x60005a5c       0xa0 ./source/usb_device_descriptor.o
                0x60005a5c                USB_DeviceSetSpeed
 .text.CLOCK_ControlGate
                0x60005afc       0x60 ./drivers/fsl_adc.o
 .text.ADC_GetInstance
                0x60005b5c       0x4c ./drivers/fsl_adc.o
 .text.ADC_Init
                0x60005ba8       0xf8 ./drivers/fsl_adc.o
                0x60005ba8                ADC_Init
 .text.ADC_SetChannelConfig
                0x60005ca0       0x58 ./drivers/fsl_adc.o
                0x60005ca0                ADC_SetChannelConfig
 .text.CLOCK_GetOscFreq
                0x60005cf8       0x30 ./drivers/fsl_clock.o
 .text.CLOCK_GetPeriphClkFreq
                0x60005d28       0xdc ./drivers/fsl_clock.o
 .text.CLOCK_GetPllUsb1SWFreq
                0x60005e04       0x44 ./drivers/fsl_clock.o
 .text.CLOCK_InitExternalClk
                0x60005e48       0x6c ./drivers/fsl_clock.o
                0x60005e48                CLOCK_InitExternalClk
 .text.CLOCK_SwitchOsc
                0x60005eb4       0x34 ./drivers/fsl_clock.o
                0x60005eb4                CLOCK_SwitchOsc
 .text.CLOCK_InitRcOsc24M
                0x60005ee8       0x24 ./drivers/fsl_clock.o
                0x60005ee8                CLOCK_InitRcOsc24M
 .text.CLOCK_GetAhbFreq
                0x60005f0c       0x24 ./drivers/fsl_clock.o
                0x60005f0c                CLOCK_GetAhbFreq
 .text.CLOCK_GetSemcFreq
                0x60005f30       0x5c ./drivers/fsl_clock.o
                0x60005f30                CLOCK_GetSemcFreq
 .text.CLOCK_GetIpgFreq
                0x60005f8c       0x24 ./drivers/fsl_clock.o
                0x60005f8c                CLOCK_GetIpgFreq
 .text.CLOCK_GetPerClkFreq
                0x60005fb0       0x40 ./drivers/fsl_clock.o
                0x60005fb0                CLOCK_GetPerClkFreq
 .text.CLOCK_GetFreq
                0x60005ff0      0x198 ./drivers/fsl_clock.o
                0x60005ff0                CLOCK_GetFreq
 .text.CLOCK_EnableUsbhs0Clock
                0x60006188       0x7c ./drivers/fsl_clock.o
                0x60006188                CLOCK_EnableUsbhs0Clock
 .text.CLOCK_EnableUsbhs0PhyPllClock
                0x60006204       0x6c ./drivers/fsl_clock.o
                0x60006204                CLOCK_EnableUsbhs0PhyPllClock
 .text.CLOCK_InitSysPll
                0x60006270       0x9c ./drivers/fsl_clock.o
                0x60006270                CLOCK_InitSysPll
 .text.CLOCK_InitUsb1Pll
                0x6000630c       0x68 ./drivers/fsl_clock.o
                0x6000630c                CLOCK_InitUsb1Pll
 .text.CLOCK_DeinitAudioPll
                0x60006374       0x1c ./drivers/fsl_clock.o
                0x60006374                CLOCK_DeinitAudioPll
 .text.CLOCK_InitEnetPll
                0x60006390       0xa4 ./drivers/fsl_clock.o
                0x60006390                CLOCK_InitEnetPll
 .text.CLOCK_GetPllFreq
                0x60006434      0x26c ./drivers/fsl_clock.o
                0x60006434                CLOCK_GetPllFreq
 .text.CLOCK_InitSysPfd
                0x600066a0       0x64 ./drivers/fsl_clock.o
                0x600066a0                CLOCK_InitSysPfd
 .text.CLOCK_GetSysPfdFreq
                0x60006704       0xac ./drivers/fsl_clock.o
                0x60006704                CLOCK_GetSysPfdFreq
 .text.CLOCK_GetUsb1PfdFreq
                0x600067b0       0xac ./drivers/fsl_clock.o
                0x600067b0                CLOCK_GetUsb1PfdFreq
 .text.CLOCK_ControlGate
                0x6000685c       0x60 ./drivers/fsl_gpio.o
 .text.GPIO_GetInstance
                0x600068bc       0x4c ./drivers/fsl_gpio.o
 .text.GPIO_PinInit
                0x60006908       0xa4 ./drivers/fsl_gpio.o
                0x60006908                GPIO_PinInit
 .text.GPIO_PinWrite
                0x600069ac       0x48 ./drivers/fsl_gpio.o
                0x600069ac                GPIO_PinWrite
 .text.GPIO_PinSetInterruptConfig
                0x600069f4       0xfc ./drivers/fsl_gpio.o
                0x600069f4                GPIO_PinSetInterruptConfig
 .text.CLOCK_ControlGate
                0x60006af0       0x60 ./drivers/fsl_lpspi.o
 .text.LPSPI_GetInstance
                0x60006b50       0x50 ./drivers/fsl_lpspi.o
                0x60006b50                LPSPI_GetInstance
 .text.LPSPI_SetDummyData
                0x60006ba0       0x2c ./drivers/fsl_lpspi.o
                0x60006ba0                LPSPI_SetDummyData
 .text.LPSPI_MasterInit
                0x60006bcc      0x170 ./drivers/fsl_lpspi.o
                0x60006bcc                LPSPI_MasterInit
 .text.LPSPI_MasterSetBaudRate
                0x60006d3c       0xf8 ./drivers/fsl_lpspi.o
                0x60006d3c                LPSPI_MasterSetBaudRate
 .text.LPSPI_MasterSetDelayScaler
                0x60006e34       0x78 ./drivers/fsl_lpspi.o
                0x60006e34                LPSPI_MasterSetDelayScaler
 .text.LPSPI_CommonIRQHandler
                0x60006eac       0x44 ./drivers/fsl_lpspi.o
 .text.LPSPI1_DriverIRQHandler
                0x60006ef0       0x30 ./drivers/fsl_lpspi.o
                0x60006ef0                LPSPI1_DriverIRQHandler
 .text.LPSPI2_DriverIRQHandler
                0x60006f20       0x30 ./drivers/fsl_lpspi.o
                0x60006f20                LPSPI2_DriverIRQHandler
 .text.LPSPI3_DriverIRQHandler
                0x60006f50       0x30 ./drivers/fsl_lpspi.o
                0x60006f50                LPSPI3_DriverIRQHandler
 .text.LPSPI4_DriverIRQHandler
                0x60006f80       0x30 ./drivers/fsl_lpspi.o
                0x60006f80                LPSPI4_DriverIRQHandler
 .text.CLOCK_ControlGate
                0x60006fb0       0x60 ./drivers/fsl_lpuart.o
 .text.LPUART_GetInstance
                0x60007010       0x4c ./drivers/fsl_lpuart.o
                0x60007010                LPUART_GetInstance
 .text.LPUART_Init
                0x6000705c      0x320 ./drivers/fsl_lpuart.o
                0x6000705c                LPUART_Init
 .text.LPUART_GetDefaultConfig
                0x6000737c       0x88 ./drivers/fsl_lpuart.o
                0x6000737c                LPUART_GetDefaultConfig
 .text.LPUART_GetStatusFlags
                0x60007404       0x38 ./drivers/fsl_lpuart.o
                0x60007404                LPUART_GetStatusFlags
 .text.LPUART_ClearStatusFlags
                0x6000743c       0x7c ./drivers/fsl_lpuart.o
                0x6000743c                LPUART_ClearStatusFlags
 .text.LPUART_WriteBlocking
                0x600074b8       0x68 ./drivers/fsl_lpuart.o
                0x600074b8                LPUART_WriteBlocking
 .text.LPUART_ReadBlocking
                0x60007520      0x160 ./drivers/fsl_lpuart.o
                0x60007520                LPUART_ReadBlocking
 .text.LPUART1_DriverIRQHandler
                0x60007680       0x28 ./drivers/fsl_lpuart.o
                0x60007680                LPUART1_DriverIRQHandler
 .text.LPUART2_DriverIRQHandler
                0x600076a8       0x28 ./drivers/fsl_lpuart.o
                0x600076a8                LPUART2_DriverIRQHandler
 .text.LPUART3_DriverIRQHandler
                0x600076d0       0x28 ./drivers/fsl_lpuart.o
                0x600076d0                LPUART3_DriverIRQHandler
 .text.LPUART4_DriverIRQHandler
                0x600076f8       0x28 ./drivers/fsl_lpuart.o
                0x600076f8                LPUART4_DriverIRQHandler
 .text.LPUART5_DriverIRQHandler
                0x60007720       0x28 ./drivers/fsl_lpuart.o
                0x60007720                LPUART5_DriverIRQHandler
 .text.LPUART6_DriverIRQHandler
                0x60007748       0x28 ./drivers/fsl_lpuart.o
                0x60007748                LPUART6_DriverIRQHandler
 .text.LPUART7_DriverIRQHandler
                0x60007770       0x28 ./drivers/fsl_lpuart.o
                0x60007770                LPUART7_DriverIRQHandler
 .text.LPUART8_DriverIRQHandler
                0x60007798       0x28 ./drivers/fsl_lpuart.o
                0x60007798                LPUART8_DriverIRQHandler
 .text.CLOCK_ControlGate
                0x600077c0       0x60 ./drivers/fsl_pit.o
 .text.PIT_GetInstance
                0x60007820       0x44 ./drivers/fsl_pit.o
 .text.PIT_Init
                0x60007864       0x94 ./drivers/fsl_pit.o
                0x60007864                PIT_Init
 .text.CLOCK_ControlGate
                0x600078f8       0x60 ./drivers/fsl_qtmr.o
 .text.QTMR_GetInstance
                0x60007958       0x4c ./drivers/fsl_qtmr.o
 .text.QTMR_Init
                0x600079a4      0x100 ./drivers/fsl_qtmr.o
                0x600079a4                QTMR_Init
 .text.QTMR_SetupInputCapture
                0x60007aa4       0xf4 ./drivers/fsl_qtmr.o
                0x60007aa4                QTMR_SetupInputCapture
 .text.SystemInit
                0x60007b98      0x144 ./device/system_MIMXRT1021.o
                0x60007b98                SystemInit
 .text.HAL_UartInitCommon
                0x60007cdc       0xe0 ./component/uart/fsl_adapter_lpuart.o
 .text.HAL_UartInit
                0x60007dbc       0x84 ./component/uart/fsl_adapter_lpuart.o
                0x60007dbc                HAL_UartInit
 .text.HAL_UartReceiveBlocking
                0x60007e40       0x6c ./component/uart/fsl_adapter_lpuart.o
                0x60007e40                HAL_UartReceiveBlocking
 .text.HAL_UartSendBlocking
                0x60007eac       0x64 ./component/uart/fsl_adapter_lpuart.o
                0x60007eac                HAL_UartSendBlocking
 .text.__NVIC_EnableIRQ
                0x60007f10       0x3c ./component/timer/fsl_adapter_pit.o
 .text.__NVIC_SetPriority
                0x60007f4c       0x54 ./component/timer/fsl_adapter_pit.o
 .text.PIT_GetDefaultConfig
                0x60007fa0       0x28 ./component/timer/fsl_adapter_pit.o
 .text.PIT_SetTimerPeriod
                0x60007fc8       0x38 ./component/timer/fsl_adapter_pit.o
 .text.HAL_TimerInterruptHandle
                0x60008000       0x44 ./component/timer/fsl_adapter_pit.o
 .text.HAL_TimerInit
                0x60008044      0x134 ./component/timer/fsl_adapter_pit.o
                0x60008044                HAL_TimerInit
 .text.HAL_TimerInstallCallback
                0x60008178       0x34 ./component/timer/fsl_adapter_pit.o
                0x60008178                HAL_TimerInstallCallback
 .text.HAL_GpioInterruptHandle
                0x600081ac       0xbc ./component/gpio/fsl_adapter_igpio.o
 .text.ARM_MPU_Enable
                0x60008268       0x44 ./board/board.o
 .text.ARM_MPU_Disable
                0x600082ac       0x40 ./board/board.o
 .text.CLOCK_GetMux
                0x600082ec       0x44 ./board/board.o
 .text.CLOCK_GetDiv
                0x60008330       0x44 ./board/board.o
 .text.CLOCK_GetOscFreq
                0x60008374       0x30 ./board/board.o
 .text.BOARD_DebugConsoleSrcFreq
                0x600083a4       0x64 ./board/board.o
                0x600083a4                BOARD_DebugConsoleSrcFreq
 .text.BOARD_ConfigMPU
                0x60008408      0x324 ./board/board.o
                0x60008408                BOARD_ConfigMPU
 .text.CLOCK_SetMux
                0x6000872c       0x9c ./board/clock_config.o
 .text.CLOCK_SetDiv
                0x600087c8       0x9c ./board/clock_config.o
 .text.CLOCK_ControlGate
                0x60008864       0x60 ./board/clock_config.o
 .text.CLOCK_SetXtalFreq
                0x600088c4       0x20 ./board/clock_config.o
 .text.CLOCK_SetRtcXtalFreq
                0x600088e4       0x20 ./board/clock_config.o
 .text.IOMUXC_MQSConfig
                0x60008904       0x44 ./board/clock_config.o
 .text.BOARD_BootClockRUN
                0x60008948      0x4ec ./board/clock_config.o
                0x60008948                BOARD_BootClockRUN
 .text.__NVIC_EnableIRQ
                0x60008e34       0x3c ./board/peripherals.o
 .text.__NVIC_SetPriority
                0x60008e70       0x54 ./board/peripherals.o
 .text.LPUART1_init
                0x60008ec4       0x20 ./board/peripherals.o
 .text.ADC1_init
                0x60008ee4       0x34 ./board/peripherals.o
 .text.LPSPI4_init
                0x60008f18       0x20 ./board/peripherals.o
 .text.TMR1_init
                0x60008f38       0x8c ./board/peripherals.o
 .text.TMR2_init
                0x60008fc4       0x4c ./board/peripherals.o
 .text.CLOCK_ControlGate
                0x60009010       0x60 ./board/pin_mux.o
 .text.BOARD_InitPins
                0x60009070      0x25c ./board/pin_mux.o
                0x60009070                BOARD_InitPins
 .text._initio  0x600092cc       0x78 c:/nxp/mcuxpressoide_11.9.0_2144/ide/plugins/com.nxp.mcuxpresso.tools.win32_11.9.0.202307121226/tools/bin/../lib/gcc/arm-none-eabi/12.3.1/../../../../arm-none-eabi/lib/thumb/v7e-m+dp/hard\libcr_c.a(initio.o)
                0x600092cc                _initio
 .text._Cwritebuf
                0x60009344       0x6c c:/nxp/mcuxpressoide_11.9.0_2144/ide/plugins/com.nxp.mcuxpresso.tools.win32_11.9.0.202307121226/tools/bin/../lib/gcc/arm-none-eabi/12.3.1/../../../../arm-none-eabi/lib/thumb/v7e-m+dp/hard\libcr_c.a(_writebuf.o)
                0x60009344                _Cwritebuf
 .text.fflush   0x600093b0       0x3c c:/nxp/mcuxpressoide_11.9.0_2144/ide/plugins/com.nxp.mcuxpresso.tools.win32_11.9.0.202307121226/tools/bin/../lib/gcc/arm-none-eabi/12.3.1/../../../../arm-none-eabi/lib/thumb/v7e-m+dp/hard\libcr_c.a(fflush.o)
                0x600093b0                fflush
 .text.fseek    0x600093ec       0xf8 c:/nxp/mcuxpressoide_11.9.0_2144/ide/plugins/com.nxp.mcuxpresso.tools.win32_11.9.0.202307121226/tools/bin/../lib/gcc/arm-none-eabi/12.3.1/../../../../arm-none-eabi/lib/thumb/v7e-m+dp/hard\libcr_c.a(fseek.o)
                0x600093ec                fseek
 .text.ftell    0x600094e4       0x44 c:/nxp/mcuxpressoide_11.9.0_2144/ide/plugins/com.nxp.mcuxpresso.tools.win32_11.9.0.202307121226/tools/bin/../lib/gcc/arm-none-eabi/12.3.1/../../../../arm-none-eabi/lib/thumb/v7e-m+dp/hard\libcr_c.a(ftell.o)
                0x600094e4                ftell
 .text.fsl_assert_hook
                0x60009528       0x1a ./utilities/fsl_assert.o
                0x60009528                fsl_assert_hook
 .text.DbgConsole_Printf
                0x60009542       0x2c ./utilities/fsl_debug_console.o
                0x60009542                DbgConsole_Printf
 .text.DbgConsole_PrintfPaddingCharacter
                0x6000956e       0x40 ./utilities/fsl_debug_console.o
 .text.DbgConsole_ConvertRadixNumToString
                0x600095ae       0xc2 ./utilities/fsl_debug_console.o
 .text.USB_DeviceEhciSetDefaultState
                0x60009670      0x154 ./usb/device/source/ehci/usb_device_ehci.o
 .text.USB_DeviceEhciEndpointInit
                0x600097c4      0x204 ./usb/device/source/ehci/usb_device_ehci.o
 .text.USB_DeviceEhciEndpointDeinit
                0x600099c8       0xf6 ./usb/device/source/ehci/usb_device_ehci.o
 .text.USB_DeviceEhciEndpointStall
                0x60009abe       0x8a ./usb/device/source/ehci/usb_device_ehci.o
 .text.USB_DeviceEhciEndpointUnstall
                0x60009b48       0xba ./usb/device/source/ehci/usb_device_ehci.o
 .text.USB_DeviceEhciFillSetupBuffer
                0x60009c02       0xa6 ./usb/device/source/ehci/usb_device_ehci.o
 .text.USB_DeviceEhciInterruptPortChange
                0x60009ca8       0x74 ./usb/device/source/ehci/usb_device_ehci.o
 .text.USB_DeviceEhciInterruptReset
                0x60009d1c       0x92 ./usb/device/source/ehci/usb_device_ehci.o
 .text.USB_DeviceEhciInterruptSof
                0x60009dae       0x14 ./usb/device/source/ehci/usb_device_ehci.o
 .text.USB_DeviceEhciIsrPHYDCDCallback
                0x60009dc2       0x4c ./usb/device/source/ehci/usb_device_ehci.o
 .text.USB_DeviceEhciSend
                0x60009e0e       0x32 ./usb/device/source/ehci/usb_device_ehci.o
                0x60009e0e                USB_DeviceEhciSend
 .text.USB_DeviceEhciRecv
                0x60009e40       0x2c ./usb/device/source/ehci/usb_device_ehci.o
                0x60009e40                USB_DeviceEhciRecv
 .text.USB_DeviceEhciIsrFunction
                0x60009e6c       0xfc ./usb/device/source/ehci/usb_device_ehci.o
                0x60009e6c                USB_DeviceEhciIsrFunction
 .text.USB_DeviceFreeHandle
                0x60009f68       0x36 ./usb/device/source/usb_device_dci.o
 .text.USB_DeviceTransfer
                0x60009f9e      0x124 ./usb/device/source/usb_device_dci.o
 .text.USB_DeviceControl
                0x6000a0c2       0x4c ./usb/device/source/usb_device_dci.o
 .text.USB_DeviceResetNotification
                0x6000a10e       0x98 ./usb/device/source/usb_device_dci.o
 .text.USB_DeviceDetachNotification
                0x6000a1a6       0x20 ./usb/device/source/usb_device_dci.o
 .text.USB_DeviceAttachNotification
                0x6000a1c6       0x20 ./usb/device/source/usb_device_dci.o
 .text.USB_DeviceDcdDetectFinihsedNotification
                0x6000a1e6       0x22 ./usb/device/source/usb_device_dci.o
 .text.USB_DeviceNotificationTrigger
                0x6000a208       0x40 ./usb/device/source/usb_device_dci.o
                0x6000a208                USB_DeviceNotificationTrigger
 .text.USB_DeviceInit
                0x6000a248      0x16a ./usb/device/source/usb_device_dci.o
                0x6000a248                USB_DeviceInit
 .text.USB_DeviceDeinit
                0x6000a3b2       0x42 ./usb/device/source/usb_device_dci.o
                0x6000a3b2                USB_DeviceDeinit
 .text.USB_DeviceSendRequest
                0x6000a3f4       0x32 ./usb/device/source/usb_device_dci.o
                0x6000a3f4                USB_DeviceSendRequest
 .text.USB_DeviceRecvRequest
                0x6000a426       0x2c ./usb/device/source/usb_device_dci.o
                0x6000a426                USB_DeviceRecvRequest
 .text.USB_DeviceInitEndpoint
                0x6000a452       0xbe ./usb/device/source/usb_device_dci.o
                0x6000a452                USB_DeviceInitEndpoint
 .text.USB_DeviceDeinitEndpoint
                0x6000a510       0xac ./usb/device/source/usb_device_dci.o
                0x6000a510                USB_DeviceDeinitEndpoint
 .text.USB_DeviceStallEndpoint
                0x6000a5bc       0x30 ./usb/device/source/usb_device_dci.o
                0x6000a5bc                USB_DeviceStallEndpoint
 .text.USB_DeviceUnstallEndpoint
                0x6000a5ec       0x30 ./usb/device/source/usb_device_dci.o
                0x6000a5ec                USB_DeviceUnstallEndpoint
 .text.USB_DeviceUpdateHwTick
                0x6000a61c       0x4e ./usb/device/source/usb_device_dci.o
                0x6000a61c                USB_DeviceUpdateHwTick
 .text.USB_PHYDCD_Deinit
                0x6000a66a       0x4e ./usb/dcd/usb_phydcd.o
                0x6000a66a                USB_PHYDCD_Deinit
 .text.DMA0_DMA16_IRQHandler
                0x6000a6b8        0x8 ./startup/startup_mimxrt1021.o
                0x6000a6b8                DMA0_DMA16_IRQHandler
 .text.DMA1_DMA17_IRQHandler
                0x6000a6c0        0x8 ./startup/startup_mimxrt1021.o
                0x6000a6c0                DMA1_DMA17_IRQHandler
 .text.DMA2_DMA18_IRQHandler
                0x6000a6c8        0x8 ./startup/startup_mimxrt1021.o
                0x6000a6c8                DMA2_DMA18_IRQHandler
 .text.DMA3_DMA19_IRQHandler
                0x6000a6d0        0x8 ./startup/startup_mimxrt1021.o
                0x6000a6d0                DMA3_DMA19_IRQHandler
 .text.DMA4_DMA20_IRQHandler
                0x6000a6d8        0x8 ./startup/startup_mimxrt1021.o
                0x6000a6d8                DMA4_DMA20_IRQHandler
 .text.DMA5_DMA21_IRQHandler
                0x6000a6e0        0x8 ./startup/startup_mimxrt1021.o
                0x6000a6e0                DMA5_DMA21_IRQHandler
 .text.DMA6_DMA22_IRQHandler
                0x6000a6e8        0x8 ./startup/startup_mimxrt1021.o
                0x6000a6e8                DMA6_DMA22_IRQHandler
 .text.DMA7_DMA23_IRQHandler
                0x6000a6f0        0x8 ./startup/startup_mimxrt1021.o
                0x6000a6f0                DMA7_DMA23_IRQHandler
 .text.DMA8_DMA24_IRQHandler
                0x6000a6f8        0x8 ./startup/startup_mimxrt1021.o
                0x6000a6f8                DMA8_DMA24_IRQHandler
 .text.DMA9_DMA25_IRQHandler
                0x6000a700        0x8 ./startup/startup_mimxrt1021.o
                0x6000a700                DMA9_DMA25_IRQHandler
 .text.DMA10_DMA26_IRQHandler
                0x6000a708        0x8 ./startup/startup_mimxrt1021.o
                0x6000a708                DMA10_DMA26_IRQHandler
 .text.DMA11_DMA27_IRQHandler
                0x6000a710        0x8 ./startup/startup_mimxrt1021.o
                0x6000a710                DMA11_DMA27_IRQHandler
 .text.DMA12_DMA28_IRQHandler
                0x6000a718        0x8 ./startup/startup_mimxrt1021.o
                0x6000a718                DMA12_DMA28_IRQHandler
 .text.DMA13_DMA29_IRQHandler
                0x6000a720        0x8 ./startup/startup_mimxrt1021.o
                0x6000a720                DMA13_DMA29_IRQHandler
 .text.DMA14_DMA30_IRQHandler
                0x6000a728        0x8 ./startup/startup_mimxrt1021.o
                0x6000a728                DMA14_DMA30_IRQHandler
 .text.DMA15_DMA31_IRQHandler
                0x6000a730        0x8 ./startup/startup_mimxrt1021.o
                0x6000a730                DMA15_DMA31_IRQHandler
 .text.DMA_ERROR_IRQHandler
                0x6000a738        0x8 ./startup/startup_mimxrt1021.o
                0x6000a738                DMA_ERROR_IRQHandler
 .text.CTI0_ERROR_IRQHandler
                0x6000a740        0x8 ./startup/startup_mimxrt1021.o
                0x6000a740                CTI0_ERROR_IRQHandler
 .text.CTI1_ERROR_IRQHandler
                0x6000a748        0x8 ./startup/startup_mimxrt1021.o
                0x6000a748                CTI1_ERROR_IRQHandler
 .text.CORE_IRQHandler
                0x6000a750        0x8 ./startup/startup_mimxrt1021.o
                0x6000a750                CORE_IRQHandler
 .text.LPUART1_IRQHandler
                0x6000a758        0x8 ./startup/startup_mimxrt1021.o
                0x6000a758                LPUART1_IRQHandler
 .text.LPUART2_IRQHandler
                0x6000a760        0x8 ./startup/startup_mimxrt1021.o
                0x6000a760                LPUART2_IRQHandler
 .text.LPUART3_IRQHandler
                0x6000a768        0x8 ./startup/startup_mimxrt1021.o
                0x6000a768                LPUART3_IRQHandler
 .text.LPUART4_IRQHandler
                0x6000a770        0x8 ./startup/startup_mimxrt1021.o
                0x6000a770                LPUART4_IRQHandler
 .text.LPUART5_IRQHandler
                0x6000a778        0x8 ./startup/startup_mimxrt1021.o
                0x6000a778                LPUART5_IRQHandler
 .text.LPUART6_IRQHandler
                0x6000a780        0x8 ./startup/startup_mimxrt1021.o
                0x6000a780                LPUART6_IRQHandler
 .text.LPUART7_IRQHandler
                0x6000a788        0x8 ./startup/startup_mimxrt1021.o
                0x6000a788                LPUART7_IRQHandler
 .text.LPUART8_IRQHandler
                0x6000a790        0x8 ./startup/startup_mimxrt1021.o
                0x6000a790                LPUART8_IRQHandler
 .text.LPI2C1_IRQHandler
                0x6000a798        0x8 ./startup/startup_mimxrt1021.o
                0x6000a798                LPI2C1_IRQHandler
 .text.LPI2C2_IRQHandler
                0x6000a7a0        0x8 ./startup/startup_mimxrt1021.o
                0x6000a7a0                LPI2C2_IRQHandler
 .text.LPI2C3_IRQHandler
                0x6000a7a8        0x8 ./startup/startup_mimxrt1021.o
                0x6000a7a8                LPI2C3_IRQHandler
 .text.LPI2C4_IRQHandler
                0x6000a7b0        0x8 ./startup/startup_mimxrt1021.o
                0x6000a7b0                LPI2C4_IRQHandler
 .text.LPSPI1_IRQHandler
                0x6000a7b8        0x8 ./startup/startup_mimxrt1021.o
                0x6000a7b8                LPSPI1_IRQHandler
 .text.LPSPI2_IRQHandler
                0x6000a7c0        0x8 ./startup/startup_mimxrt1021.o
                0x6000a7c0                LPSPI2_IRQHandler
 .text.LPSPI3_IRQHandler
                0x6000a7c8        0x8 ./startup/startup_mimxrt1021.o
                0x6000a7c8                LPSPI3_IRQHandler
 .text.LPSPI4_IRQHandler
                0x6000a7d0        0x8 ./startup/startup_mimxrt1021.o
                0x6000a7d0                LPSPI4_IRQHandler
 .text.CAN1_IRQHandler
                0x6000a7d8        0x8 ./startup/startup_mimxrt1021.o
                0x6000a7d8                CAN1_IRQHandler
 .text.CAN2_IRQHandler
                0x6000a7e0        0x8 ./startup/startup_mimxrt1021.o
                0x6000a7e0                CAN2_IRQHandler
 .text.FLEXRAM_IRQHandler
                0x6000a7e8        0x8 ./startup/startup_mimxrt1021.o
                0x6000a7e8                FLEXRAM_IRQHandler
 .text.KPP_IRQHandler
                0x6000a7f0        0x8 ./startup/startup_mimxrt1021.o
                0x6000a7f0                KPP_IRQHandler
 .text.Reserved56_IRQHandler
                0x6000a7f8        0x8 ./startup/startup_mimxrt1021.o
                0x6000a7f8                Reserved56_IRQHandler
 .text.GPR_IRQ_IRQHandler
                0x6000a800        0x8 ./startup/startup_mimxrt1021.o
                0x6000a800                GPR_IRQ_IRQHandler
 .text.Reserved58_IRQHandler
                0x6000a808        0x8 ./startup/startup_mimxrt1021.o
                0x6000a808                Reserved58_IRQHandler
 .text.Reserved59_IRQHandler
                0x6000a810        0x8 ./startup/startup_mimxrt1021.o
                0x6000a810                Reserved59_IRQHandler
 .text.Reserved60_IRQHandler
                0x6000a818        0x8 ./startup/startup_mimxrt1021.o
                0x6000a818                Reserved60_IRQHandler
 .text.WDOG2_IRQHandler
                0x6000a820        0x8 ./startup/startup_mimxrt1021.o
                0x6000a820                WDOG2_IRQHandler
 .text.SNVS_HP_WRAPPER_IRQHandler
                0x6000a828        0x8 ./startup/startup_mimxrt1021.o
                0x6000a828                SNVS_HP_WRAPPER_IRQHandler
 .text.SNVS_HP_WRAPPER_TZ_IRQHandler
                0x6000a830        0x8 ./startup/startup_mimxrt1021.o
                0x6000a830                SNVS_HP_WRAPPER_TZ_IRQHandler
 .text.SNVS_LP_HP_WRAPPER_IRQHandler
                0x6000a838        0x8 ./startup/startup_mimxrt1021.o
                0x6000a838                SNVS_LP_HP_WRAPPER_IRQHandler
 .text.CSU_IRQHandler
                0x6000a840        0x8 ./startup/startup_mimxrt1021.o
                0x6000a840                CSU_IRQHandler
 .text.DCP_IRQHandler
                0x6000a848        0x8 ./startup/startup_mimxrt1021.o
                0x6000a848                DCP_IRQHandler
 .text.DCP_VMI_IRQHandler
                0x6000a850        0x8 ./startup/startup_mimxrt1021.o
                0x6000a850                DCP_VMI_IRQHandler
 .text.Reserved68_IRQHandler
                0x6000a858        0x8 ./startup/startup_mimxrt1021.o
                0x6000a858                Reserved68_IRQHandler
 .text.TRNG_IRQHandler
                0x6000a860        0x8 ./startup/startup_mimxrt1021.o
                0x6000a860                TRNG_IRQHandler
 .text.Reserved70_IRQHandler
                0x6000a868        0x8 ./startup/startup_mimxrt1021.o
                0x6000a868                Reserved70_IRQHandler
 .text.BEE_IRQHandler
                0x6000a870        0x8 ./startup/startup_mimxrt1021.o
                0x6000a870                BEE_IRQHandler
 .text.SAI1_IRQHandler
                0x6000a878        0x8 ./startup/startup_mimxrt1021.o
                0x6000a878                SAI1_IRQHandler
 .text.SAI2_IRQHandler
                0x6000a880        0x8 ./startup/startup_mimxrt1021.o
                0x6000a880                SAI2_IRQHandler
 .text.SAI3_RX_IRQHandler
                0x6000a888        0x8 ./startup/startup_mimxrt1021.o
                0x6000a888                SAI3_RX_IRQHandler
 .text.SAI3_TX_IRQHandler
                0x6000a890        0x8 ./startup/startup_mimxrt1021.o
                0x6000a890                SAI3_TX_IRQHandler
 .text.SPDIF_IRQHandler
                0x6000a898        0x8 ./startup/startup_mimxrt1021.o
                0x6000a898                SPDIF_IRQHandler
 .text.PMU_IRQHandler
                0x6000a8a0        0x8 ./startup/startup_mimxrt1021.o
                0x6000a8a0                PMU_IRQHandler
 .text.Reserved78_IRQHandler
                0x6000a8a8        0x8 ./startup/startup_mimxrt1021.o
                0x6000a8a8                Reserved78_IRQHandler
 .text.TEMP_LOW_HIGH_IRQHandler
                0x6000a8b0        0x8 ./startup/startup_mimxrt1021.o
                0x6000a8b0                TEMP_LOW_HIGH_IRQHandler
 .text.TEMP_PANIC_IRQHandler
                0x6000a8b8        0x8 ./startup/startup_mimxrt1021.o
                0x6000a8b8                TEMP_PANIC_IRQHandler
 .text.USB_PHY_IRQHandler
                0x6000a8c0        0x8 ./startup/startup_mimxrt1021.o
                0x6000a8c0                USB_PHY_IRQHandler
 .text.Reserved82_IRQHandler
                0x6000a8c8        0x8 ./startup/startup_mimxrt1021.o
                0x6000a8c8                Reserved82_IRQHandler
 .text.ADC1_IRQHandler
                0x6000a8d0        0x8 ./startup/startup_mimxrt1021.o
                0x6000a8d0                ADC1_IRQHandler
 .text.ADC2_IRQHandler
                0x6000a8d8        0x8 ./startup/startup_mimxrt1021.o
                0x6000a8d8                ADC2_IRQHandler
 .text.DCDC_IRQHandler
                0x6000a8e0        0x8 ./startup/startup_mimxrt1021.o
                0x6000a8e0                DCDC_IRQHandler
 .text.Reserved86_IRQHandler
                0x6000a8e8        0x8 ./startup/startup_mimxrt1021.o
                0x6000a8e8                Reserved86_IRQHandler
 .text.Reserved87_IRQHandler
                0x6000a8f0        0x8 ./startup/startup_mimxrt1021.o
                0x6000a8f0                Reserved87_IRQHandler
 .text.GPIO1_INT0_IRQHandler
                0x6000a8f8        0x8 ./startup/startup_mimxrt1021.o
                0x6000a8f8                GPIO1_INT0_IRQHandler
 .text.GPIO1_INT1_IRQHandler
                0x6000a900        0x8 ./startup/startup_mimxrt1021.o
                0x6000a900                GPIO1_INT1_IRQHandler
 .text.GPIO1_INT2_IRQHandler
                0x6000a908        0x8 ./startup/startup_mimxrt1021.o
                0x6000a908                GPIO1_INT2_IRQHandler
 .text.GPIO1_INT3_IRQHandler
                0x6000a910        0x8 ./startup/startup_mimxrt1021.o
                0x6000a910                GPIO1_INT3_IRQHandler
 .text.GPIO1_INT4_IRQHandler
                0x6000a918        0x8 ./startup/startup_mimxrt1021.o
                0x6000a918                GPIO1_INT4_IRQHandler
 .text.GPIO1_INT5_IRQHandler
                0x6000a920        0x8 ./startup/startup_mimxrt1021.o
                0x6000a920                GPIO1_INT5_IRQHandler
 .text.GPIO1_INT6_IRQHandler
                0x6000a928        0x8 ./startup/startup_mimxrt1021.o
                0x6000a928                GPIO1_INT6_IRQHandler
 .text.GPIO1_INT7_IRQHandler
                0x6000a930        0x8 ./startup/startup_mimxrt1021.o
                0x6000a930                GPIO1_INT7_IRQHandler
 .text.Reserved102_IRQHandler
                0x6000a938        0x8 ./startup/startup_mimxrt1021.o
                0x6000a938                Reserved102_IRQHandler
 .text.Reserved103_IRQHandler
                0x6000a940        0x8 ./startup/startup_mimxrt1021.o
                0x6000a940                Reserved103_IRQHandler
 .text.FLEXIO1_IRQHandler
                0x6000a948        0x8 ./startup/startup_mimxrt1021.o
                0x6000a948                FLEXIO1_IRQHandler
 .text.Reserved107_IRQHandler
                0x6000a950        0x8 ./startup/startup_mimxrt1021.o
                0x6000a950                Reserved107_IRQHandler
 .text.WDOG1_IRQHandler
                0x6000a958        0x8 ./startup/startup_mimxrt1021.o
                0x6000a958                WDOG1_IRQHandler
 .text.RTWDOG_IRQHandler
                0x6000a960        0x8 ./startup/startup_mimxrt1021.o
                0x6000a960                RTWDOG_IRQHandler
 .text.EWM_IRQHandler
                0x6000a968        0x8 ./startup/startup_mimxrt1021.o
                0x6000a968                EWM_IRQHandler
 .text.CCM_1_IRQHandler
                0x6000a970        0x8 ./startup/startup_mimxrt1021.o
                0x6000a970                CCM_1_IRQHandler
 .text.CCM_2_IRQHandler
                0x6000a978        0x8 ./startup/startup_mimxrt1021.o
                0x6000a978                CCM_2_IRQHandler
 .text.GPC_IRQHandler
                0x6000a980        0x8 ./startup/startup_mimxrt1021.o
                0x6000a980                GPC_IRQHandler
 .text.SRC_IRQHandler
                0x6000a988        0x8 ./startup/startup_mimxrt1021.o
                0x6000a988                SRC_IRQHandler
 .text.Reserved115_IRQHandler
                0x6000a990        0x8 ./startup/startup_mimxrt1021.o
                0x6000a990                Reserved115_IRQHandler
 .text.GPT1_IRQHandler
                0x6000a998        0x8 ./startup/startup_mimxrt1021.o
                0x6000a998                GPT1_IRQHandler
 .text.GPT2_IRQHandler
                0x6000a9a0        0x8 ./startup/startup_mimxrt1021.o
                0x6000a9a0                GPT2_IRQHandler
 .text.PWM1_0_IRQHandler
                0x6000a9a8        0x8 ./startup/startup_mimxrt1021.o
                0x6000a9a8                PWM1_0_IRQHandler
 .text.PWM1_1_IRQHandler
                0x6000a9b0        0x8 ./startup/startup_mimxrt1021.o
                0x6000a9b0                PWM1_1_IRQHandler
 .text.PWM1_2_IRQHandler
                0x6000a9b8        0x8 ./startup/startup_mimxrt1021.o
                0x6000a9b8                PWM1_2_IRQHandler
 .text.PWM1_3_IRQHandler
                0x6000a9c0        0x8 ./startup/startup_mimxrt1021.o
                0x6000a9c0                PWM1_3_IRQHandler
 .text.PWM1_FAULT_IRQHandler
                0x6000a9c8        0x8 ./startup/startup_mimxrt1021.o
                0x6000a9c8                PWM1_FAULT_IRQHandler
 .text.Reserved123_IRQHandler
                0x6000a9d0        0x8 ./startup/startup_mimxrt1021.o
                0x6000a9d0                Reserved123_IRQHandler
 .text.FLEXSPI_IRQHandler
                0x6000a9d8        0x8 ./startup/startup_mimxrt1021.o
                0x6000a9d8                FLEXSPI_IRQHandler
 .text.SEMC_IRQHandler
                0x6000a9e0        0x8 ./startup/startup_mimxrt1021.o
                0x6000a9e0                SEMC_IRQHandler
 .text.USDHC1_IRQHandler
                0x6000a9e8        0x8 ./startup/startup_mimxrt1021.o
                0x6000a9e8                USDHC1_IRQHandler
 .text.USDHC2_IRQHandler
                0x6000a9f0        0x8 ./startup/startup_mimxrt1021.o
                0x6000a9f0                USDHC2_IRQHandler
 .text.Reserved128_IRQHandler
                0x6000a9f8        0x8 ./startup/startup_mimxrt1021.o
                0x6000a9f8                Reserved128_IRQHandler
 .text.ENET_IRQHandler
                0x6000aa00        0x8 ./startup/startup_mimxrt1021.o
                0x6000aa00                ENET_IRQHandler
 .text.ENET_1588_Timer_IRQHandler
                0x6000aa08        0x8 ./startup/startup_mimxrt1021.o
                0x6000aa08                ENET_1588_Timer_IRQHandler
 .text.XBAR1_IRQ_0_1_IRQHandler
                0x6000aa10        0x8 ./startup/startup_mimxrt1021.o
                0x6000aa10                XBAR1_IRQ_0_1_IRQHandler
 .text.XBAR1_IRQ_2_3_IRQHandler
                0x6000aa18        0x8 ./startup/startup_mimxrt1021.o
                0x6000aa18                XBAR1_IRQ_2_3_IRQHandler
 .text.ADC_ETC_IRQ0_IRQHandler
                0x6000aa20        0x8 ./startup/startup_mimxrt1021.o
                0x6000aa20                ADC_ETC_IRQ0_IRQHandler
 .text.ADC_ETC_IRQ1_IRQHandler
                0x6000aa28        0x8 ./startup/startup_mimxrt1021.o
                0x6000aa28                ADC_ETC_IRQ1_IRQHandler
 .text.ADC_ETC_IRQ2_IRQHandler
                0x6000aa30        0x8 ./startup/startup_mimxrt1021.o
                0x6000aa30                ADC_ETC_IRQ2_IRQHandler
 .text.ADC_ETC_ERROR_IRQ_IRQHandler
                0x6000aa38        0x8 ./startup/startup_mimxrt1021.o
                0x6000aa38                ADC_ETC_ERROR_IRQ_IRQHandler
 .text.ACMP1_IRQHandler
                0x6000aa40        0x8 ./startup/startup_mimxrt1021.o
                0x6000aa40                ACMP1_IRQHandler
 .text.ACMP2_IRQHandler
                0x6000aa48        0x8 ./startup/startup_mimxrt1021.o
                0x6000aa48                ACMP2_IRQHandler
 .text.ACMP3_IRQHandler
                0x6000aa50        0x8 ./startup/startup_mimxrt1021.o
                0x6000aa50                ACMP3_IRQHandler
 .text.ACMP4_IRQHandler
                0x6000aa58        0x8 ./startup/startup_mimxrt1021.o
                0x6000aa58                ACMP4_IRQHandler
 .text.Reserved143_IRQHandler
                0x6000aa60        0x8 ./startup/startup_mimxrt1021.o
                0x6000aa60                Reserved143_IRQHandler
 .text.Reserved144_IRQHandler
                0x6000aa68        0x8 ./startup/startup_mimxrt1021.o
                0x6000aa68                Reserved144_IRQHandler
 .text.ENC1_IRQHandler
                0x6000aa70        0x8 ./startup/startup_mimxrt1021.o
                0x6000aa70                ENC1_IRQHandler
 .text.ENC2_IRQHandler
                0x6000aa78        0x8 ./startup/startup_mimxrt1021.o
                0x6000aa78                ENC2_IRQHandler
 .text.Reserved147_IRQHandler
                0x6000aa80        0x8 ./startup/startup_mimxrt1021.o
                0x6000aa80                Reserved147_IRQHandler
 .text.Reserved148_IRQHandler
                0x6000aa88        0x8 ./startup/startup_mimxrt1021.o
                0x6000aa88                Reserved148_IRQHandler
 .text.Reserved151_IRQHandler
                0x6000aa90        0x8 ./startup/startup_mimxrt1021.o
                0x6000aa90                Reserved151_IRQHandler
 .text.Reserved152_IRQHandler
                0x6000aa98        0x8 ./startup/startup_mimxrt1021.o
                0x6000aa98                Reserved152_IRQHandler
 .text.PWM2_0_IRQHandler
                0x6000aaa0        0x8 ./startup/startup_mimxrt1021.o
                0x6000aaa0                PWM2_0_IRQHandler
 .text.PWM2_1_IRQHandler
                0x6000aaa8        0x8 ./startup/startup_mimxrt1021.o
                0x6000aaa8                PWM2_1_IRQHandler
 .text.PWM2_2_IRQHandler
                0x6000aab0        0x8 ./startup/startup_mimxrt1021.o
                0x6000aab0                PWM2_2_IRQHandler
 .text.PWM2_3_IRQHandler
                0x6000aab8        0x8 ./startup/startup_mimxrt1021.o
                0x6000aab8                PWM2_3_IRQHandler
 .text.PWM2_FAULT_IRQHandler
                0x6000aac0        0x8 ./startup/startup_mimxrt1021.o
                0x6000aac0                PWM2_FAULT_IRQHandler
 .text.QTMR_GetCurrentTimerCount
                0x6000aac8       0x26 ./source/configration.o
 .text.LPSPI_WriteData
                0x6000aaee       0x1c ./source/lcd.o
 .text.Delayms  0x6000ab0a       0x3e ./source/lcd.o
                0x6000ab0a                Delayms
 .text.EnableIRQ
                0x6000ab48       0x32 ./source/mouse.o
 .text.USB_DeviceIsrEnable
                0x6000ab7a       0x2c ./source/mouse.o
                0x6000ab7a                USB_DeviceIsrEnable
 .text.USB_DeviceConfigureRemoteWakeup
                0x6000aba6       0x1a ./source/mouse.o
                0x6000aba6                USB_DeviceConfigureRemoteWakeup
 .text.USB_DeviceConfigureEndpointStatus
                0x6000abc0       0x60 ./source/mouse.o
                0x6000abc0                USB_DeviceConfigureEndpointStatus
 .text.HardFault_Handler
                0x6000ac20       0x36 ./source/semihost_hardfault.o
                0x6000ac20                HardFault_Handler
 .text.USB_DeviceCh9SetClearFeature
                0x6000ac56       0xdc ./source/usb_device_ch9.o
 .text.USB_DeviceCh9SetAddress
                0x6000ad32       0xb6 ./source/usb_device_ch9.o
 .text.USB_DeviceCh9GetDescriptor
                0x6000ade8       0x56 ./source/usb_device_ch9.o
 .text.USB_DeviceCh9SetConfiguration
                0x6000ae3e       0x9a ./source/usb_device_ch9.o
 .text.USB_DeviceCh9SetInterface
                0x6000aed8       0x66 ./source/usb_device_ch9.o
 .text.USB_DeviceControlCallbackFeedback
                0x6000af3e       0x9a ./source/usb_device_ch9.o
 .text._SDK_AtomicLocalClearAndSet4Byte
                0x6000afd8       0x50 ./drivers/fsl_adc.o
 .text.CLOCK_EnableClock
                0x6000b028       0x1e ./drivers/fsl_adc.o
 .text.CLOCK_GetRtcFreq
                0x6000b046       0x12 ./drivers/fsl_clock.o
 .text.CLOCK_IsPllBypassed
                0x6000b058       0x32 ./drivers/fsl_clock.o
 .text.CLOCK_IsPllEnabled
                0x6000b08a       0x3c ./drivers/fsl_clock.o
 .text.CLOCK_GetPllBypassRefClk
                0x6000b0c6       0x34 ./drivers/fsl_clock.o
 .text._SDK_AtomicLocalClearAndSet4Byte
                0x6000b0fa       0x50 ./drivers/fsl_gpio.o
 .text.CLOCK_EnableClock
                0x6000b14a       0x1e ./drivers/fsl_gpio.o
 .text.GPIO_SetPinInterruptConfig
                0x6000b168       0x22 ./drivers/fsl_gpio.o
 .text._SDK_AtomicLocalClearAndSet4Byte
                0x6000b18a       0x50 ./drivers/fsl_lpspi.o
 .text.CLOCK_EnableClock
                0x6000b1da       0x1e ./drivers/fsl_lpspi.o
 .text.LPSPI_Enable
                0x6000b1f8       0x38 ./drivers/fsl_lpspi.o
 .text.LPSPI_SetMasterSlaveMode
                0x6000b230       0x2c ./drivers/fsl_lpspi.o
 .text.LPSPI_IsMaster
                0x6000b25c       0x26 ./drivers/fsl_lpspi.o
 .text.LPSPI_SetFifoWatermarks
                0x6000b282       0x2c ./drivers/fsl_lpspi.o
 .text.LPSPI_SetOnePcsPolarity
                0x6000b2ae       0x44 ./drivers/fsl_lpspi.o
 .text._SDK_AtomicLocalClearAndSet4Byte
                0x6000b2f2       0x50 ./drivers/fsl_lpuart.o
 .text.CLOCK_EnableClock
                0x6000b342       0x1e ./drivers/fsl_lpuart.o
 .text.LPUART_SoftwareReset
                0x6000b360       0x2c ./drivers/fsl_lpuart.o
 .text._SDK_AtomicLocalClearAndSet4Byte
                0x6000b38c       0x50 ./drivers/fsl_pit.o
 .text.CLOCK_EnableClock
                0x6000b3dc       0x1e ./drivers/fsl_pit.o
 .text._SDK_AtomicLocalClearAndSet4Byte
                0x6000b3fa       0x50 ./drivers/fsl_qtmr.o
 .text.CLOCK_EnableClock
                0x6000b44a       0x1e ./drivers/fsl_qtmr.o
 .text.QTMR_EnableInterrupts
                0x6000b468       0xce ./drivers/fsl_qtmr.o
                0x6000b468                QTMR_EnableInterrupts
 .text.QTMR_DisableInterrupts
                0x6000b536       0xac ./drivers/fsl_qtmr.o
                0x6000b536                QTMR_DisableInterrupts
 .text.QTMR_GetStatus
                0x6000b5e2       0x92 ./drivers/fsl_qtmr.o
                0x6000b5e2                QTMR_GetStatus
 .text.QTMR_ClearStatusFlags
                0x6000b674       0xac ./drivers/fsl_qtmr.o
                0x6000b674                QTMR_ClearStatusFlags
 .text.XBARA_SetSignalsConnection
                0x6000b720       0x58 ./drivers/fsl_xbara.o
                0x6000b720                XBARA_SetSignalsConnection
 .text.SystemInitHook
                0x6000b778        0xe ./device/system_MIMXRT1021.o
                0x6000b778                SystemInitHook
 .text.HAL_UartGetStatus
                0x6000b786       0x28 ./component/uart/fsl_adapter_lpuart.o
 .text.EnableIRQ
                0x6000b7ae       0x32 ./component/timer/fsl_adapter_pit.o
 .text.PIT_EnableInterrupts
                0x6000b7e0       0x3a ./component/timer/fsl_adapter_pit.o
 .text.PIT_ClearStatusFlags
                0x6000b81a       0x2a ./component/timer/fsl_adapter_pit.o
 .text.PIT_IRQHandler
                0x6000b844       0x14 ./component/timer/fsl_adapter_pit.o
                0x6000b844                PIT_IRQHandler
 .text.DisableGlobalIRQ
                0x6000b858       0x22 ./component/osa/fsl_os_abstraction_bm.o
 .text.EnableGlobalIRQ
                0x6000b87a       0x20 ./component/osa/fsl_os_abstraction_bm.o
 .text.OSA_EnterCritical
                0x6000b89a       0x1a ./component/osa/fsl_os_abstraction_bm.o
                0x6000b89a                OSA_EnterCritical
 .text.OSA_ExitCritical
                0x6000b8b4       0x16 ./component/osa/fsl_os_abstraction_bm.o
                0x6000b8b4                OSA_ExitCritical
 .text.GPIO_PortGetInterruptFlags
                0x6000b8ca       0x18 ./component/gpio/fsl_adapter_igpio.o
 .text.GPIO_PortClearInterruptFlags
                0x6000b8e2       0x1c ./component/gpio/fsl_adapter_igpio.o
 .text.GPIO1_Combined_0_15_IRQHandler
                0x6000b8fe       0x14 ./component/gpio/fsl_adapter_igpio.o
                0x6000b8fe                GPIO1_Combined_0_15_IRQHandler
 .text.GPIO1_Combined_16_31_IRQHandler
                0x6000b912       0x14 ./component/gpio/fsl_adapter_igpio.o
                0x6000b912                GPIO1_Combined_16_31_IRQHandler
 .text.GPIO2_Combined_0_15_IRQHandler
                0x6000b926       0x14 ./component/gpio/fsl_adapter_igpio.o
                0x6000b926                GPIO2_Combined_0_15_IRQHandler
 .text.GPIO2_Combined_16_31_IRQHandler
                0x6000b93a       0x14 ./component/gpio/fsl_adapter_igpio.o
                0x6000b93a                GPIO2_Combined_16_31_IRQHandler
 .text.GPIO3_Combined_0_15_IRQHandler
                0x6000b94e       0x14 ./component/gpio/fsl_adapter_igpio.o
                0x6000b94e                GPIO3_Combined_0_15_IRQHandler
 .text.GPIO3_Combined_16_31_IRQHandler
                0x6000b962       0x14 ./component/gpio/fsl_adapter_igpio.o
                0x6000b962                GPIO3_Combined_16_31_IRQHandler
 .text.GPIO5_Combined_0_15_IRQHandler
                0x6000b976       0x14 ./component/gpio/fsl_adapter_igpio.o
                0x6000b976                GPIO5_Combined_0_15_IRQHandler
 .text.GPIO5_Combined_16_31_IRQHandler
                0x6000b98a       0x14 ./component/gpio/fsl_adapter_igpio.o
                0x6000b98a                GPIO5_Combined_16_31_IRQHandler
 .text.BOARD_InitDebugConsole
                0x6000b99e       0x22 ./board/board.o
                0x6000b99e                BOARD_InitDebugConsole
 .text._SDK_AtomicLocalClearAndSet4Byte
                0x6000b9c0       0x50 ./board/clock_config.o
 .text.CLOCK_DisableClock
                0x6000ba10       0x1e ./board/clock_config.o
 .text.CLOCK_SetPllBypass
                0x6000ba2e       0x4e ./board/clock_config.o
 .text.IOMUXC_SetSaiMClkClockSource
                0x6000ba7c       0x6c ./board/clock_config.o
 .text.BOARD_InitBootClocks
                0x6000bae8        0xc ./board/clock_config.o
                0x6000bae8                BOARD_InitBootClocks
 .text.EnableIRQ
                0x6000baf4       0x32 ./board/peripherals.o
 .text.QTMR_StartTimer
                0x6000bb26       0x4e ./board/peripherals.o
 .text.BOARD_InitPeripherals_CommonPostInit
                0x6000bb74        0xe ./board/peripherals.o
 .text.BOARD_InitPeripherals
                0x6000bb82       0x20 ./board/peripherals.o
                0x6000bb82                BOARD_InitPeripherals
 .text.BOARD_InitBootPeripherals
                0x6000bba2        0xc ./board/peripherals.o
                0x6000bba2                BOARD_InitBootPeripherals
 .text._SDK_AtomicLocalClearAndSet4Byte
                0x6000bbae       0x50 ./board/pin_mux.o
 .text.CLOCK_EnableClock
                0x6000bbfe       0x1e ./board/pin_mux.o
 .text.IOMUXC_SetPinMux
                0x6000bc1c       0x3a ./board/pin_mux.o
 .text.IOMUXC_SetPinConfig
                0x6000bc56       0x26 ./board/pin_mux.o
 .text.BOARD_InitBootPins
                0x6000bc7c        0xc ./board/pin_mux.o
                0x6000bc7c                BOARD_InitBootPins
 .text.__main   0x6000bc88        0xe c:/nxp/mcuxpressoide_11.9.0_2144/ide/plugins/com.nxp.mcuxpresso.tools.win32_11.9.0.202307121226/tools/bin/../lib/gcc/arm-none-eabi/12.3.1/../../../../arm-none-eabi/lib/thumb/v7e-m+dp/hard\libcr_nohost_nf.a(_cr__main.o)
                0x6000bc88                __main
 .text.memset   0x6000bc96        0x4 c:/nxp/mcuxpressoide_11.9.0_2144/ide/plugins/com.nxp.mcuxpresso.tools.win32_11.9.0.202307121226/tools/bin/../lib/gcc/arm-none-eabi/12.3.1/../../../../arm-none-eabi/lib/thumb/v7e-m+dp/hard\libcr_c.a(memset.o)
                0x6000bc96                memset
 .text.free     0x6000bc9a       0x30 c:/nxp/mcuxpressoide_11.9.0_2144/ide/plugins/com.nxp.mcuxpresso.tools.win32_11.9.0.202307121226/tools/bin/../lib/gcc/arm-none-eabi/12.3.1/../../../../arm-none-eabi/lib/thumb/v7e-m+dp/hard\libcr_c.a(alloc.o)
                0x6000bc9a                free
 .text.setvbuf  0x6000bcca       0x3e c:/nxp/mcuxpressoide_11.9.0_2144/ide/plugins/com.nxp.mcuxpresso.tools.win32_11.9.0.202307121226/tools/bin/../lib/gcc/arm-none-eabi/12.3.1/../../../../arm-none-eabi/lib/thumb/v7e-m+dp/hard\libcr_c.a(setvbuf.o)
                0x6000bcca                setvbuf
 .text.strlen   0x6000bd08       0x4e c:/nxp/mcuxpressoide_11.9.0_2144/ide/plugins/com.nxp.mcuxpresso.tools.win32_11.9.0.202307121226/tools/bin/../lib/gcc/arm-none-eabi/12.3.1/../../../../arm-none-eabi/lib/thumb/v7e-m+dp/hard\libcr_c.a(strlen.o)
                0x6000bd08                strlen
 .text._deferredlazyseek
                0x6000bd56       0x40 c:/nxp/mcuxpressoide_11.9.0_2144/ide/plugins/com.nxp.mcuxpresso.tools.win32_11.9.0.202307121226/tools/bin/../lib/gcc/arm-none-eabi/12.3.1/../../../../arm-none-eabi/lib/thumb/v7e-m+dp/hard\libcr_c.a(_deferredlazyseek.o)
                0x6000bd56                _deferredlazyseek
 .text._fdopen  0x6000bd96       0x68 c:/nxp/mcuxpressoide_11.9.0_2144/ide/plugins/com.nxp.mcuxpresso.tools.win32_11.9.0.202307121226/tools/bin/../lib/gcc/arm-none-eabi/12.3.1/../../../../arm-none-eabi/lib/thumb/v7e-m+dp/hard\libcr_c.a(_fdopen.o)
                0x6000bd96                _fdopen
 .text._fflush  0x6000bdfe       0x52 c:/nxp/mcuxpressoide_11.9.0_2144/ide/plugins/com.nxp.mcuxpresso.tools.win32_11.9.0.202307121226/tools/bin/../lib/gcc/arm-none-eabi/12.3.1/../../../../arm-none-eabi/lib/thumb/v7e-m+dp/hard\libcr_c.a(_fflush.o)
                0x6000bdfe                _fflush
 .text.fclose   0x6000be50       0x58 c:/nxp/mcuxpressoide_11.9.0_2144/ide/plugins/com.nxp.mcuxpresso.tools.win32_11.9.0.202307121226/tools/bin/../lib/gcc/arm-none-eabi/12.3.1/../../../../arm-none-eabi/lib/thumb/v7e-m+dp/hard\libcr_c.a(fclose.o)
                0x6000be50                fclose
 .text.remove   0x6000bea8       0x14 c:/nxp/mcuxpressoide_11.9.0_2144/ide/plugins/com.nxp.mcuxpresso.tools.win32_11.9.0.202307121226/tools/bin/../lib/gcc/arm-none-eabi/12.3.1/../../../../arm-none-eabi/lib/thumb/v7e-m+dp/hard\libcr_c.a(remove.o)
                0x6000bea8                remove
 .text._do_fflush
                0x6000bebc       0x40 c:/nxp/mcuxpressoide_11.9.0_2144/ide/plugins/com.nxp.mcuxpresso.tools.win32_11.9.0.202307121226/tools/bin/../lib/gcc/arm-none-eabi/12.3.1/../../../../arm-none-eabi/lib/thumb/v7e-m+dp/hard\libcr_c.a(_do_fflush.o)
                0x6000bebc                _do_fflush
 .text.__aeabi_division_uldivmod
                0x6000befc      0x174 c:/nxp/mcuxpressoide_11.9.0_2144/ide/plugins/com.nxp.mcuxpresso.tools.win32_11.9.0.202307121226/tools/bin/../lib/gcc/arm-none-eabi/12.3.1/thumb/v7e-m+dp/hard\libcr_eabihelpers.a(division_64.o)
                0x6000befc                __aeabi_uldivmod
                0x6000bf00                __bhs_ldivmod1
 .text.__aeabi_division_idiv0
                0x6000c070        0x2 c:/nxp/mcuxpressoide_11.9.0_2144/ide/plugins/com.nxp.mcuxpresso.tools.win32_11.9.0.202307121226/tools/bin/../lib/gcc/arm-none-eabi/12.3.1/thumb/v7e-m+dp/hard\libcr_eabihelpers.a(division_idiv0.o)
                0x6000c070                __aeabi_idiv0
 .text.__aeabi_memset_lowlevel
                0x6000c072       0x32 c:/nxp/mcuxpressoide_11.9.0_2144/ide/plugins/com.nxp.mcuxpresso.tools.win32_11.9.0.202307121226/tools/bin/../lib/gcc/arm-none-eabi/12.3.1/thumb/v7e-m+dp/hard\libcr_eabihelpers.a(memcpy.o)
                0x6000c072                __aeabi_lowlevel_memset
 .text.__sys_close
                0x6000c0a4        0x6 c:/nxp/mcuxpressoide_11.9.0_2144/ide/plugins/com.nxp.mcuxpresso.tools.win32_11.9.0.202307121226/tools/bin/../lib/gcc/arm-none-eabi/12.3.1/../../../../arm-none-eabi/lib/thumb/v7e-m+dp/hard\libcr_nohost_nf.a(__sys_close.o)
                0x6000c0a4                __sys_close
 .text.__sys_flen
                0x6000c0aa        0x6 c:/nxp/mcuxpressoide_11.9.0_2144/ide/plugins/com.nxp.mcuxpresso.tools.win32_11.9.0.202307121226/tools/bin/../lib/gcc/arm-none-eabi/12.3.1/../../../../arm-none-eabi/lib/thumb/v7e-m+dp/hard\libcr_nohost_nf.a(__sys_flen.o)
                0x6000c0aa                __sys_flen
 .text.__sys_istty
                0x6000c0b0        0x6 c:/nxp/mcuxpressoide_11.9.0_2144/ide/plugins/com.nxp.mcuxpresso.tools.win32_11.9.0.202307121226/tools/bin/../lib/gcc/arm-none-eabi/12.3.1/../../../../arm-none-eabi/lib/thumb/v7e-m+dp/hard\libcr_nohost_nf.a(__sys_istty.o)
                0x6000c0b0                __sys_istty
 .text.__sys_remove
                0x6000c0b6        0x6 c:/nxp/mcuxpressoide_11.9.0_2144/ide/plugins/com.nxp.mcuxpresso.tools.win32_11.9.0.202307121226/tools/bin/../lib/gcc/arm-none-eabi/12.3.1/../../../../arm-none-eabi/lib/thumb/v7e-m+dp/hard\libcr_nohost_nf.a(__sys_remove.o)
                0x6000c0b6                __sys_remove
 .text.__sys_seek
                0x6000c0bc        0x6 c:/nxp/mcuxpressoide_11.9.0_2144/ide/plugins/com.nxp.mcuxpresso.tools.win32_11.9.0.202307121226/tools/bin/../lib/gcc/arm-none-eabi/12.3.1/../../../../arm-none-eabi/lib/thumb/v7e-m+dp/hard\libcr_nohost_nf.a(__sys_seek.o)
                0x6000c0bc                __sys_seek
 .text.__sys_tmpnam
                0x6000c0c2        0x6 c:/nxp/mcuxpressoide_11.9.0_2144/ide/plugins/com.nxp.mcuxpresso.tools.win32_11.9.0.202307121226/tools/bin/../lib/gcc/arm-none-eabi/12.3.1/../../../../arm-none-eabi/lib/thumb/v7e-m+dp/hard\libcr_nohost_nf.a(__sys_tmpnam.o)
                0x6000c0c2                __sys_tmpnam
 .text.__sys_write
                0x6000c0c8        0x4 c:/nxp/mcuxpressoide_11.9.0_2144/ide/plugins/com.nxp.mcuxpresso.tools.win32_11.9.0.202307121226/tools/bin/../lib/gcc/arm-none-eabi/12.3.1/../../../../arm-none-eabi/lib/thumb/v7e-m+dp/hard\libcr_nohost_nf.a(__sys_write.o)
                0x6000c0c8                __sys_write
 *(SORT_BY_ALIGNMENT(.rodata) SORT_BY_ALIGNMENT(.rodata.*) SORT_BY_ALIGNMENT(.constdata) SORT_BY_ALIGNMENT(.constdata.*))
 .rodata.__assertion_failed.str1.4
                0x6000c0cc       0x14 ./utilities/fsl_assert.o
 .rodata.s_UsbDeviceEhciInterface
                0x6000c0e0       0x18 ./usb/device/source/usb_device_dci.o
 .rodata.GPIO_PinRead.str1.4
                0x6000c0f8       0x4c ./source/configration.o
 .rodata        0x6000c144        0x7 ./source/mouse.o
 *fill*         0x6000c14b        0x1 ff
 .rodata.USB_DeviceApplicationInit.str1.4
                0x6000c14c       0x3e ./source/mouse.o
 *fill*         0x6000c18a        0x2 ff
 .rodata.s_UsbDeviceStandardRequest
                0x6000c18c       0x34 ./source/usb_device_ch9.o
 .rodata.CLOCK_ControlGate.str1.4
                0x6000c1c0       0x20 ./drivers/fsl_adc.o
 .rodata.s_adcBases
                0x6000c1e0        0xc ./drivers/fsl_adc.o
 .rodata.s_adcClocks
                0x6000c1ec        0x6 ./drivers/fsl_adc.o
 *fill*         0x6000c1f2        0x2 ff
 .rodata.ADC_GetInstance.str1.4
                0x6000c1f4       0x31 ./drivers/fsl_adc.o
 *fill*         0x6000c225        0x3 ff
 .rodata.ADC_Init.str1.4
                0x6000c228       0x1e ./drivers/fsl_adc.o
 *fill*         0x6000c246        0x2 ff
 .rodata.ADC_SetChannelConfig.str1.4
                0x6000c248       0x72 ./drivers/fsl_adc.o
 *fill*         0x6000c2ba        0x2 ff
 .rodata.CLOCK_InitExternalClk.str1.4
                0x6000c2bc       0x21 ./drivers/fsl_clock.o
 *fill*         0x6000c2dd        0x3 ff
 .rodata.CLOCK_GetPllFreq.str1.4
                0x6000c2e0       0x30 ./drivers/fsl_clock.o
 .rodata.g_ccmConfigUsbPll.1
                0x6000c310        0x2 ./drivers/fsl_clock.o
 *fill*         0x6000c312        0x2 ff
 .rodata.enetRefClkFreq.0
                0x6000c314       0x10 ./drivers/fsl_clock.o
 .rodata.CLOCK_ControlGate.str1.4
                0x6000c324       0x20 ./drivers/fsl_gpio.o
 .rodata.s_gpioBases
                0x6000c324       0x18 ./drivers/fsl_gpio.o
 .rodata.s_gpioClock
                0x6000c33c        0xc ./drivers/fsl_gpio.o
 .rodata.GPIO_GetInstance.str1.4
                0x6000c348       0x33 ./drivers/fsl_gpio.o
 *fill*         0x6000c37b        0x1 ff
 .rodata.GPIO_PinWrite.str1.4
                0x6000c37c       0x1b ./drivers/fsl_gpio.o
 .rodata.CLOCK_ControlGate.str1.4
                0x6000c397       0x20 ./drivers/fsl_lpspi.o
 *fill*         0x6000c397        0x1 ff
 .rodata.s_baudratePrescaler
                0x6000c398        0x8 ./drivers/fsl_lpspi.o
 .rodata.s_lpspiBases
                0x6000c3a0       0x14 ./drivers/fsl_lpspi.o
 .rodata.s_lpspiClocks
                0x6000c3b4        0xa ./drivers/fsl_lpspi.o
 *fill*         0x6000c3be        0x2 ff
 .rodata.LPSPI_GetInstance.str1.4
                0x6000c3c0       0x36 ./drivers/fsl_lpspi.o
 *fill*         0x6000c3f6        0x2 ff
 .rodata.LPSPI_MasterInit.str1.4
                0x6000c3f8       0x27 ./drivers/fsl_lpspi.o
 *fill*         0x6000c41f        0x1 ff
 .rodata.LPSPI_MasterSetBaudRate.str1.4
                0x6000c420       0x2b ./drivers/fsl_lpspi.o
 *fill*         0x6000c44b        0x1 ff
 .rodata.LPSPI_MasterSetDelayScaler.str1.4
                0x6000c44c       0x18 ./drivers/fsl_lpspi.o
 .rodata.LPSPI1_DriverIRQHandler.str1.4
                0x6000c464       0x2c ./drivers/fsl_lpspi.o
 .rodata.LPSPI2_DriverIRQHandler.str1.4
                0x6000c490       0x2c ./drivers/fsl_lpspi.o
 .rodata.LPSPI3_DriverIRQHandler.str1.4
                0x6000c4bc       0x2c ./drivers/fsl_lpspi.o
 .rodata.LPSPI4_DriverIRQHandler.str1.4
                0x6000c4e8       0x2c ./drivers/fsl_lpspi.o
 .rodata.CLOCK_ControlGate.str1.4
                0x6000c514       0x20 ./drivers/fsl_lpuart.o
 .rodata.s_lpuartBases
                0x6000c514       0x24 ./drivers/fsl_lpuart.o
 .rodata.s_lpuartClock
                0x6000c538       0x12 ./drivers/fsl_lpuart.o
 *fill*         0x6000c54a        0x2 ff
 .rodata.LPUART_GetInstance.str1.4
                0x6000c54c       0x38 ./drivers/fsl_lpuart.o
 .rodata.LPUART_Init.str1.4
                0x6000c584      0x10a ./drivers/fsl_lpuart.o
 *fill*         0x6000c68e        0x2 ff
 .rodata.LPUART_GetDefaultConfig.str1.4
                0x6000c690       0x22 ./drivers/fsl_lpuart.o
 *fill*         0x6000c6b2        0x2 ff
 .rodata.LPUART_WriteBlocking.str1.4
                0x6000c6b4       0x21 ./drivers/fsl_lpuart.o
 *fill*         0x6000c6d5        0x3 ff
 .rodata.LPUART_ReadBlocking.str1.4
                0x6000c6d8       0x21 ./drivers/fsl_lpuart.o
 .rodata.CLOCK_ControlGate.str1.4
                0x6000c6f9       0x20 ./drivers/fsl_pit.o
 *fill*         0x6000c6f9        0x3 ff
 .rodata.PIT_GetInstance.str1.4
                0x6000c6fc       0x31 ./drivers/fsl_pit.o
 *fill*         0x6000c72d        0x3 ff
 .rodata.PIT_Init.str1.4
                0x6000c730       0x1e ./drivers/fsl_pit.o
 .rodata.CLOCK_ControlGate.str1.4
                0x6000c74e       0x20 ./drivers/fsl_qtmr.o
 *fill*         0x6000c74e        0x2 ff
 .rodata.s_qtmrBases
                0x6000c750        0xc ./drivers/fsl_qtmr.o
 .rodata.s_qtmrClocks
                0x6000c75c        0x6 ./drivers/fsl_qtmr.o
 *fill*         0x6000c762        0x2 ff
 .rodata.QTMR_GetInstance.str1.4
                0x6000c764       0x33 ./drivers/fsl_qtmr.o
 *fill*         0x6000c797        0x1 ff
 .rodata.QTMR_Init.str1.4
                0x6000c798       0x1f ./drivers/fsl_qtmr.o
 *fill*         0x6000c7b7        0x1 ff
 .rodata.s_LpuartAdapterBase
                0x6000c7b8       0x24 ./component/uart/fsl_adapter_lpuart.o
 .rodata.HAL_UartInit.str1.4
                0x6000c7dc      0x116 ./component/uart/fsl_adapter_lpuart.o
 *fill*         0x6000c8f2        0x2 ff
 .rodata.HAL_UartReceiveBlocking.str1.4
                0x6000c8f4       0x7b ./component/uart/fsl_adapter_lpuart.o
 *fill*         0x6000c96f        0x1 ff
 .rodata.HAL_UartSendBlocking.str1.4
                0x6000c970       0x7b ./component/uart/fsl_adapter_lpuart.o
 *fill*         0x6000c9eb        0x1 ff
 .rodata.PIT_GetDefaultConfig.str1.4
                0x6000c9ec       0x50 ./component/timer/fsl_adapter_pit.o
 .rodata.PIT_SetTimerPeriod.str1.4
                0x6000ca3c       0x4d ./component/timer/fsl_adapter_pit.o
 *fill*         0x6000ca89        0x3 ff
 .rodata.HAL_TimerInit.str1.4
                0x6000ca8c       0xe7 ./component/timer/fsl_adapter_pit.o
 *fill*         0x6000cb73        0x1 ff
 .rodata        0x6000cb74        0x8 ./component/timer/fsl_adapter_pit.o
 .rodata.HAL_TimerInstallCallback.str1.4
                0x6000cb7c       0x27 ./component/timer/fsl_adapter_pit.o
 *fill*         0x6000cba3        0x1 ff
 .rodata        0x6000cba4       0x30 ./component/gpio/fsl_adapter_igpio.o
 .rodata.BOARD_ConfigMPU.str1.4
                0x6000cbd4       0x69 ./board/board.o
 *fill*         0x6000cc3d        0x3 ff
 .rodata.CLOCK_SetMux.str1.4
                0x6000cc40       0x62 ./board/clock_config.o
 *fill*         0x6000cca2        0x2 ff
 .rodata.CLOCK_SetDiv.str1.4
                0x6000cca4       0x62 ./board/clock_config.o
 *fill*         0x6000cd06        0x2 ff
 .rodata.CLOCK_ControlGate.str1.4
                0x6000cd08       0x51 ./board/clock_config.o
 *fill*         0x6000cd59        0x3 ff
 .rodata.sysPllConfig_BOARD_BootClockRUN
                0x6000cd5c       0x14 ./board/clock_config.o
                0x6000cd5c                sysPllConfig_BOARD_BootClockRUN
 .rodata.enetPllConfig_BOARD_BootClockRUN
                0x6000cd70        0x5 ./board/clock_config.o
                0x6000cd70                enetPllConfig_BOARD_BootClockRUN
 *fill*         0x6000cd75        0x3 ff
 .rodata.LPUART1_config
                0x6000cd78       0x14 ./board/peripherals.o
                0x6000cd78                LPUART1_config
 .rodata.ADC1_config
                0x6000cd8c        0xb ./board/peripherals.o
                0x6000cd8c                ADC1_config
 *fill*         0x6000cd97        0x1 ff
 .rodata.ADC1_channels_config
                0x6000cd98        0x8 ./board/peripherals.o
                0x6000cd98                ADC1_channels_config
 .rodata.LPSPI4_config
                0x6000cda0       0x20 ./board/peripherals.o
                0x6000cda0                LPSPI4_config
 .rodata.TMR1_Channel_0_config
                0x6000cdc0        0x7 ./board/peripherals.o
                0x6000cdc0                TMR1_Channel_0_config
 *fill*         0x6000cdc7        0x1 ff
 .rodata.TMR1_Channel_1_config
                0x6000cdc8        0x7 ./board/peripherals.o
                0x6000cdc8                TMR1_Channel_1_config
 *fill*         0x6000cdcf        0x1 ff
 .rodata.TMR2_Channel_0_config
                0x6000cdd0        0x7 ./board/peripherals.o
                0x6000cdd0                TMR2_Channel_0_config
 .rodata.CLOCK_ControlGate.str1.4
                0x6000cdd7       0x51 ./board/pin_mux.o
 *fill*         0x6000cdd7        0x1 ff
 .rodata.__num_Ciob_streams
                0x6000cdd8        0x4 c:/nxp/mcuxpressoide_11.9.0_2144/ide/plugins/com.nxp.mcuxpresso.tools.win32_11.9.0.202307121226/tools/bin/../lib/gcc/arm-none-eabi/12.3.1/../../../../arm-none-eabi/lib/thumb/v7e-m+dp/hard\libcr_nohost_nf.a(__ciob.o)
                0x6000cdd8                __num_Ciob_streams
 .rodata._initio.str1.1
                0x6000cddc        0x4 c:/nxp/mcuxpressoide_11.9.0_2144/ide/plugins/com.nxp.mcuxpresso.tools.win32_11.9.0.202307121226/tools/bin/../lib/gcc/arm-none-eabi/12.3.1/../../../../arm-none-eabi/lib/thumb/v7e-m+dp/hard\libcr_c.a(initio.o)
                0x6000cde0                        . = ALIGN (0x4)

.glue_7         0x6000cde0        0x0
 .glue_7        0x6000cde0        0x0 linker stubs

.glue_7t        0x6000cde0        0x0
 .glue_7t       0x6000cde0        0x0 linker stubs

.vfp11_veneer   0x6000cde0        0x0
 .vfp11_veneer  0x6000cde0        0x0 linker stubs

.v4_bx          0x6000cde0        0x0
 .v4_bx         0x6000cde0        0x0 linker stubs

.iplt           0x6000cde0        0x0
 .iplt          0x6000cde0        0x0 ./xip/fsl_flexspi_nor_boot.o

.rel.dyn        0x6000cde0        0x0
 .rel.iplt      0x6000cde0        0x0 ./xip/fsl_flexspi_nor_boot.o

.ARM.extab
 *(SORT_BY_ALIGNMENT(.ARM.extab*) SORT_BY_ALIGNMENT(.gnu.linkonce.armextab.*))

.ARM.exidx      0x6000cde0        0x0
                0x6000cde0                        __exidx_start = .
 *(SORT_BY_ALIGNMENT(.ARM.exidx*) SORT_BY_ALIGNMENT(.gnu.linkonce.armexidx.*))
                0x6000cde0                        __exidx_end = .
                0x6000cde0                        _etext = .

.data_RAM2      0x00000000        0x0 load address 0x6000cde0
 FILL mask 0xff
                [!provide]                        PROVIDE (__start_data_RAM2 = .)
                [!provide]                        PROVIDE (__start_data_SRAM_ITC = .)
 *(SORT_BY_ALIGNMENT(.ramfunc.$RAM2))
 *(SORT_BY_ALIGNMENT(.ramfunc.$SRAM_ITC))
 *(SORT_BY_ALIGNMENT(.data.$RAM2))
 *(SORT_BY_ALIGNMENT(.data.$SRAM_ITC))
 *(SORT_BY_ALIGNMENT(.data.$RAM2.*))
 *(SORT_BY_ALIGNMENT(.data.$SRAM_ITC.*))
                0x00000000                        . = ALIGN (0x4)
                [!provide]                        PROVIDE (__end_data_RAM2 = .)
                [!provide]                        PROVIDE (__end_data_SRAM_ITC = .)

.data_RAM3      0x20200000        0x0 load address 0x6000cde0
 FILL mask 0xff
                [!provide]                        PROVIDE (__start_data_RAM3 = .)
                [!provide]                        PROVIDE (__start_data_SRAM_OC = .)
 *(SORT_BY_ALIGNMENT(.ramfunc.$RAM3))
 *(SORT_BY_ALIGNMENT(.ramfunc.$SRAM_OC))
 *(SORT_BY_ALIGNMENT(.data.$RAM3))
 *(SORT_BY_ALIGNMENT(.data.$SRAM_OC))
 *(SORT_BY_ALIGNMENT(.data.$RAM3.*))
 *(SORT_BY_ALIGNMENT(.data.$SRAM_OC.*))
                0x20200000                        . = ALIGN (0x4)
                [!provide]                        PROVIDE (__end_data_RAM3 = .)
                [!provide]                        PROVIDE (__end_data_SRAM_OC = .)

.data_RAM4      0x80000000        0x0 load address 0x6000cde0
 FILL mask 0xff
                [!provide]                        PROVIDE (__start_data_RAM4 = .)
                [!provide]                        PROVIDE (__start_data_BOARD_SDRAM = .)
 *(SORT_BY_ALIGNMENT(.ramfunc.$RAM4))
 *(SORT_BY_ALIGNMENT(.ramfunc.$BOARD_SDRAM))
 *(SORT_BY_ALIGNMENT(.data.$RAM4))
 *(SORT_BY_ALIGNMENT(.data.$BOARD_SDRAM))
 *(SORT_BY_ALIGNMENT(.data.$RAM4.*))
 *(SORT_BY_ALIGNMENT(.data.$BOARD_SDRAM.*))
                0x80000000                        . = ALIGN (0x4)
                [!provide]                        PROVIDE (__end_data_RAM4 = .)
                [!provide]                        PROVIDE (__end_data_BOARD_SDRAM = .)

.data_RAM5      0x81e00000        0x0 load address 0x6000cde0
 FILL mask 0xff
                [!provide]                        PROVIDE (__start_data_RAM5 = .)
                [!provide]                        PROVIDE (__start_data_NCACHE_REGION = .)
 *(SORT_BY_ALIGNMENT(.ramfunc.$RAM5))
 *(SORT_BY_ALIGNMENT(.ramfunc.$NCACHE_REGION))
 *(SORT_BY_ALIGNMENT(.data.$RAM5))
 *(SORT_BY_ALIGNMENT(.data.$NCACHE_REGION))
 *(SORT_BY_ALIGNMENT(.data.$RAM5.*))
 *(SORT_BY_ALIGNMENT(.data.$NCACHE_REGION.*))