C:\Users\86155\Desktop\x\workspace\mouse\CMSIS/core_cm7.h:1911:22:__NVIC_EnableIRQ	16	static
C:\Users\86155\Desktop\x\workspace\mouse\CMSIS/core_cm7.h:2041:22:__NVIC_SetPriority	16	static
C:\Users\86155\Desktop\x\workspace\mouse\drivers/fsl_common_arm.h:570:24:EnableIRQ	24	static
C:\Users\86155\Desktop\x\workspace\mouse\drivers/fsl_pit.h:105:20:PIT_GetDefaultConfig	16	static
C:\Users\86155\Desktop\x\workspace\mouse\drivers/fsl_pit.h:159:20:PIT_EnableInterrupts	24	static
C:\Users\86155\Desktop\x\workspace\mouse\drivers/fsl_pit.h:220:20:PIT_ClearStatusFlags	24	static
C:\Users\86155\Desktop\x\workspace\mouse\drivers/fsl_pit.h:246:20:PIT_SetTimerPeriod	24	static
C:\Users\86155\Desktop\x\workspace\mouse\drivers/fsl_pit.h:266:24:PIT_GetCurrentTimerCount	16	static
C:\Users\86155\Desktop\x\workspace\mouse\drivers/fsl_pit.h:288:20:PIT_StartTimer	16	static
C:\Users\86155\Desktop\x\workspace\mouse\drivers/fsl_pit.h:302:20:PIT_StopTimer	16	static
../component/timer/fsl_adapter_pit.c:41:13:HAL_TimerInterruptHandle	24	static
../component/timer/fsl_adapter_pit.c:54:6:PIT_IRQHandler	8	static
../component/timer/fsl_adapter_pit.c:60:6:PIT0_IRQHandler	8	static
../component/timer/fsl_adapter_pit.c:96:20:HAL_TimerInit	72	static
../component/timer/fsl_adapter_pit.c:133:6:HAL_TimerDeinit	24	static
../component/timer/fsl_adapter_pit.c:141:6:HAL_TimerEnable	24	static
../component/timer/fsl_adapter_pit.c:149:6:HAL_TimerDisable	24	static
../component/timer/fsl_adapter_pit.c:157:6:HAL_TimerInstallCallback	32	static
../component/timer/fsl_adapter_pit.c:165:10:HAL_TimerGetMaxTimeout	96	static
../component/timer/fsl_adapter_pit.c:178:10:HAL_TimerGetCurrentTimerCount	72	static
../component/timer/fsl_adapter_pit.c:186:20:HAL_TimerUpdateTimeout	40	static
../component/timer/fsl_adapter_pit.c:201:6:HAL_TimerExitLowpower	16	static
../component/timer/fsl_adapter_pit.c:206:6:HAL_TimerEnterLowpower	16	static
