../usb/device/source/ehci/usb_device_ehci.c:139:13:USB_DeviceEhciSetDefaultState	32	static
../usb/device/source/ehci/usb_device_ehci.c:215:21:USB_DeviceEhciEndpointInit	32	static
../usb/device/source/ehci/usb_device_ehci.c:307:21:USB_DeviceEhciEndpointDeinit	24	static
../usb/device/source/ehci/usb_device_ehci.c:363:21:USB_DeviceEhciEndpointStall	24	static
../usb/device/source/ehci/usb_device_ehci.c:413:21:USB_DeviceEhciEndpointUnstall	24	static
../usb/device/source/ehci/usb_device_ehci.c:452:13:USB_DeviceEhciFillSetupBuffer	24	static
../usb/device/source/ehci/usb_device_ehci.c:489:13:USB_DeviceEhciCancelControlPipe	40	static
../usb/device/source/ehci/usb_device_ehci.c:587:13:USB_DeviceEhciInterruptTokenDone	56	static
../usb/device/source/ehci/usb_device_ehci.c:841:13:USB_DeviceEhciInterruptPortChange	32	static
../usb/device/source/ehci/usb_device_ehci.c:907:13:USB_DeviceEhciInterruptReset	32	static
../usb/device/source/ehci/usb_device_ehci.c:957:13:USB_DeviceEhciInterruptSof	16	static
../usb/device/source/ehci/usb_device_ehci.c:1024:21:USB_DeviceEhciTransfer	80	static
../usb/device/source/ehci/usb_device_ehci.c:1248:14:USB_EhciGetValidEhciState	24	static
../usb/device/source/ehci/usb_device_ehci.c:1307:28:USB_DeviceEhciIsrPHYDCDCallback	48	static
../usb/device/source/ehci/usb_device_ehci.c:1347:14:USB_DeviceEhciInit	72	static
../usb/device/source/ehci/usb_device_ehci.c:1519:14:USB_DeviceEhciDeinit	24	static
../usb/device/source/ehci/usb_device_ehci.c:1587:14:USB_DeviceEhciSend	24	static
../usb/device/source/ehci/usb_device_ehci.c:1619:14:USB_DeviceEhciRecv	24	static
../usb/device/source/ehci/usb_device_ehci.c:1641:14:USB_DeviceEhciCancel	56	static
../usb/device/source/ehci/usb_device_ehci.c:1802:14:USB_DeviceEhciControl	48	static
../usb/device/source/ehci/usb_device_ehci.c:2139:6:USB_DeviceEhciIsrFunction	40	static
