../drivers/fsl_common_arm.h:225:20:_SDK_AtomicLocalClearAndSet4Byte	48	static
../drivers/fsl_clock.h:1298:20:CLOCK_ControlGate	32	static
../drivers/fsl_clock.h:1315:20:CLOCK_EnableClock	16	static
../drivers/fsl_clock.h:1325:20:CLOCK_DisableClock	16	static
../drivers/fsl_enc.c:60:17:ENC_GetInstance	24	static
../drivers/fsl_enc.c:89:6:ENC_Init	24	static
../drivers/fsl_enc.c:207:6:ENC_Deinit	16	static
../drivers/fsl_enc.c:241:6:ENC_GetDefaultConfig	16	static
../drivers/fsl_enc.c:282:6:ENC_DoSoftwareLoadInitialPositionValue	24	static
../drivers/fsl_enc.c:300:6:ENC_SetSelfTestConfig	24	static
../drivers/fsl_enc.c:327:6:ENC_EnableWatchdog	24	static
../drivers/fsl_enc.c:345:10:ENC_GetStatusFlags	24	static
../drivers/fsl_enc.c:396:6:ENC_ClearStatusFlags	24	static
../drivers/fsl_enc.c:450:6:ENC_EnableInterrupts	24	static
../drivers/fsl_enc.c:503:6:ENC_DisableInterrupts	24	static
../drivers/fsl_enc.c:557:10:ENC_GetEnabledInterrupts	24	static
../drivers/fsl_enc.c:602:6:ENC_SetInitialPositionValue	16	static
../drivers/fsl_enc.c:615:10:ENC_GetPositionValue	24	static
../drivers/fsl_enc.c:637:10:ENC_GetHoldPositionValue	24	static
