C:\Users\86155\Documents\MCUXpressoIDE_11.9.0_2144\workspace\evkmimxrt1020_dev_hid_mouse_lite_bm\CMSIS/core_cm7.h:1911:22:__NVIC_EnableIRQ	16	static
../drivers/fsl_common_arm.h:225:20:_SDK_AtomicLocalClearAndSet4Byte	48	static
../drivers/fsl_clock.h:1298:20:CLOCK_ControlGate	32	static
../drivers/fsl_clock.h:1315:20:CLOCK_EnableClock	16	static
../drivers/fsl_clock.h:1325:20:CLOCK_DisableClock	16	static
../drivers/fsl_common_arm.h:570:24:EnableIRQ	24	static
../drivers/fsl_lpspi.h:528:20:LPSPI_Enable	16	static
../drivers/fsl_lpspi.h:563:24:LPSPI_GetStatusFlags	16	static
../drivers/fsl_lpspi.h:583:23:LPSPI_GetRxFifoSize	16	static
../drivers/fsl_lpspi.h:593:24:LPSPI_GetTxFifoCount	16	static
../drivers/fsl_lpspi.h:603:24:LPSPI_GetRxFifoCount	16	static
../drivers/fsl_lpspi.h:621:20:LPSPI_ClearStatusFlags	16	static
../drivers/fsl_lpspi.h:648:20:LPSPI_EnableInterrupts	16	static
../drivers/fsl_lpspi.h:663:20:LPSPI_DisableInterrupts	16	static
../drivers/fsl_lpspi.h:766:20:LPSPI_SetMasterSlaveMode	16	static
../drivers/fsl_lpspi.h:811:20:LPSPI_IsMaster	16	static
../drivers/fsl_lpspi.h:823:20:LPSPI_FlushFifo	16	static
../drivers/fsl_lpspi.h:872:20:LPSPI_SetFifoWatermarks	24	static
../drivers/fsl_lpspi.h:1017:20:LPSPI_WriteData	16	static
../drivers/fsl_lpspi.h:1031:24:LPSPI_ReadData	16	static
../drivers/fsl_lpspi.c:238:10:LPSPI_GetInstance	24	static
../drivers/fsl_lpspi.c:266:6:LPSPI_SetDummyData	24	static
../drivers/fsl_lpspi.c:279:6:LPSPI_MasterInit	32	static
../drivers/fsl_lpspi.c:362:6:LPSPI_MasterGetDefaultConfig	16	static
../drivers/fsl_lpspi.c:397:6:LPSPI_SlaveInit	24	static
../drivers/fsl_lpspi.c:453:6:LPSPI_SlaveGetDefaultConfig	16	static
../drivers/fsl_lpspi.c:478:6:LPSPI_Reset	16	static
../drivers/fsl_lpspi.c:494:6:LPSPI_Deinit	24	static
../drivers/fsl_lpspi.c:512:13:LPSPI_SetOnePcsPolarity	24	static
../drivers/fsl_lpspi.c:547:10:LPSPI_MasterSetBaudRate	64	static
../drivers/fsl_lpspi.c:659:6:LPSPI_MasterSetDelayScaler	24	static
../drivers/fsl_lpspi.c:732:10:LPSPI_MasterSetDelayTimes	192	static
../drivers/fsl_lpspi.c:855:6:LPSPI_MasterTransferCreateHandle	24	static
../drivers/fsl_lpspi.c:882:6:LPSPI_CheckTransferArgument	40	static
../drivers/fsl_lpspi.c:948:13:LPSPI_MasterTransferWriteAllTxData	64	static
../drivers/fsl_lpspi.c:1079:13:LPSPI_MasterTransferClearTCR	24	static
../drivers/fsl_lpspi.c:1100:13:LPSPI_MasterTransferReadDataInFifo	32	static
../drivers/fsl_lpspi.c:1138:13:LPSPI_MasterTransferReadDataInFifoNoBuf	16	static
../drivers/fsl_lpspi.c:1173:10:LPSPI_MasterTransferBlocking	48	static
../drivers/fsl_lpspi.c:1336:10:LPSPI_MasterTransferNonBlocking	48	static
../drivers/fsl_lpspi.c:1530:13:LPSPI_MasterTransferFillUpTxFifo	40	static
../drivers/fsl_lpspi.c:1598:13:LPSPI_MasterTransferComplete	24	static
../drivers/fsl_lpspi.c:1623:10:LPSPI_MasterTransferGetCount	32	static
../drivers/fsl_lpspi.c:1663:6:LPSPI_MasterTransferAbort	16	static
../drivers/fsl_lpspi.c:1685:6:LPSPI_MasterTransferHandleIRQ	32	static
../drivers/fsl_lpspi.c:1829:6:LPSPI_SlaveTransferCreateHandle	24	static
../drivers/fsl_lpspi.c:1865:10:LPSPI_SlaveTransferNonBlocking	40	static
../drivers/fsl_lpspi.c:2008:13:LPSPI_SlaveTransferFillUpTxFifo	32	static
../drivers/fsl_lpspi.c:2040:13:LPSPI_SlaveTransferComplete	32	static
../drivers/fsl_lpspi.c:2076:10:LPSPI_SlaveTransferGetCount	32	static
../drivers/fsl_lpspi.c:2116:6:LPSPI_SlaveTransferAbort	16	static
../drivers/fsl_lpspi.c:2138:6:LPSPI_SlaveTransferHandleIRQ	32	static
../drivers/fsl_lpspi.c:2264:17:LPSPI_CombineWriteData	24	static
../drivers/fsl_lpspi.c:2352:13:LPSPI_SeparateReadData	24	static
../drivers/fsl_lpspi.c:2442:6:LPSPI_WaitTxFifoEmpty	16	static
../drivers/fsl_lpspi.c:2461:13:LPSPI_CommonIRQHandler	16	static
../drivers/fsl_lpspi.c:2485:6:LPSPI1_DriverIRQHandler	8	static
../drivers/fsl_lpspi.c:2494:6:LPSPI2_DriverIRQHandler	8	static
../drivers/fsl_lpspi.c:2503:6:LPSPI3_DriverIRQHandler	8	static
../drivers/fsl_lpspi.c:2512:6:LPSPI4_DriverIRQHandler	8	static
