../drivers/fsl_common_arm.h:225:20:_SDK_AtomicLocalClearAndSet4Byte	48	static
../drivers/fsl_clock.h:1298:20:CLOCK_ControlGate	32	static
../drivers/fsl_clock.h:1315:20:CLOCK_EnableClock	16	static
../drivers/fsl_clock.h:1325:20:CLOCK_DisableClock	16	static
../drivers/fsl_qtmr.c:43:17:QTMR_GetInstance	24	static
../drivers/fsl_qtmr.c:70:6:QTMR_Init	24	static
../drivers/fsl_qtmr.c:101:6:QTMR_Deinit	16	static
../drivers/fsl_qtmr.c:127:6:QTMR_GetDefaultConfig	16	static
../drivers/fsl_qtmr.c:167:10:QTMR_SetupPwm	48	static
../drivers/fsl_qtmr.c:276:6:QTMR_SetupInputCapture	24	static
../drivers/fsl_qtmr.c:318:6:QTMR_EnableInterrupts	32	static
../drivers/fsl_qtmr.c:364:6:QTMR_DisableInterrupts	32	static
../drivers/fsl_qtmr.c:409:10:QTMR_GetEnabledInterrupts	24	static
../drivers/fsl_qtmr.c:455:10:QTMR_GetStatus	24	static
../drivers/fsl_qtmr.c:500:6:QTMR_ClearStatusFlags	32	static
../drivers/fsl_qtmr.c:554:6:QTMR_SetTimerPeriod	16	static
../drivers/fsl_qtmr.c:583:6:QTMR_SetCompareValue	16	static
../drivers/fsl_qtmr.c:607:6:QTMR_EnableDma	32	static
../drivers/fsl_qtmr.c:640:6:QTMR_DisableDma	32	static
../drivers/fsl_qtmr.c:672:6:QTMR_SetPwmOutputToIdle	24	static
../drivers/fsl_qtmr.c:704:9:QTMR_GetPwmChannelStatus	16	static
../drivers/fsl_qtmr.c:716:6:QTMR_SetPwmClockMode	24	static
