C:\Users\86155\Desktop\x\workspace\mouse\CMSIS/core_cm7.h:1911:22:__NVIC_EnableIRQ	16	static
C:\Users\86155\Desktop\x\workspace\mouse\CMSIS/core_cm7.h:2041:22:__NVIC_SetPriority	16	static
C:\Users\86155\Desktop\x\workspace\mouse\drivers/fsl_common_arm.h:570:24:EnableIRQ	24	static
../source/mouse.c:90:6:HW_TimerCallback	24	static
../source/mouse.c:98:6:HW_TimerInit	24	static
../source/mouse.c:108:6:HW_TimerControl	16	static
../source/mouse.c:120:6:USB_OTG1_IRQHandler	8	static
../source/mouse.c:125:6:USB_DeviceClockInit	16	static
../source/mouse.c:137:6:USB_DeviceIsrEnable	16	static
../source/mouse.c:159:21:USB_DeviceHidMouseAction	8	static
../source/mouse.c:223:21:USB_DeviceHidInterruptIn	24	static
../source/mouse.c:241:14:USB_DeviceCallback	56	static
../source/mouse.c:389:14:USB_DeviceGetSetupBuffer	16	static
../source/mouse.c:402:14:USB_DeviceConfigureRemoteWakeup	16	static
../source/mouse.c:408:14:USB_DeviceConfigureEndpointStatus	16	static
../source/mouse.c:436:14:USB_DeviceGetClassReceiveBuffer	24	static
../source/mouse.c:450:14:USB_DeviceProcessClassRequest	32	static
../source/mouse.c:483:13:USB_DeviceApplicationInit	8	static
../source/mouse.c:545:6:USB_DeviceAppTask	24	static
../source/mouse.c:638:5:main	24	static
