C:\Users\86155\Documents\MCUXpressoIDE_11.9.0_2144\workspace\evkmimxrt1020_dev_hid_mouse_lite_bm\CMSIS/core_cm7.h:1911:22:__NVIC_EnableIRQ	16	static
C:\Users\86155\Documents\MCUXpressoIDE_11.9.0_2144\workspace\evkmimxrt1020_dev_hid_mouse_lite_bm\CMSIS/core_cm7.h:2041:22:__NVIC_SetPriority	16	static
C:\Users\86155\Documents\MCUXpressoIDE_11.9.0_2144\workspace\evkmimxrt1020_dev_hid_mouse_lite_bm\drivers/fsl_common_arm.h:570:24:EnableIRQ	24	static
../source/mouse.c:90:6:HW_TimerCallback	24	static
../source/mouse.c:98:6:HW_TimerInit	24	static
../source/mouse.c:108:6:HW_TimerControl	16	static
../source/mouse.c:120:6:USB_OTG1_IRQHandler	8	static
../source/mouse.c:125:6:USB_DeviceClockInit	16	static
../source/mouse.c:137:6:USB_DeviceIsrEnable	16	static
../source/mouse.c:160:21:USB_DeviceHidMouseAction	8	static
../source/mouse.c:224:21:USB_DeviceHidInterruptIn	24	static
../source/mouse.c:242:14:USB_DeviceCallback	56	static
../source/mouse.c:390:14:USB_DeviceGetSetupBuffer	16	static
../source/mouse.c:403:14:USB_DeviceConfigureRemoteWakeup	16	static
../source/mouse.c:409:14:USB_DeviceConfigureEndpointStatus	16	static
../source/mouse.c:437:14:USB_DeviceGetClassReceiveBuffer	24	static
../source/mouse.c:451:14:USB_DeviceProcessClassRequest	32	static
../source/mouse.c:484:13:USB_DeviceApplicationInit	8	static
../source/mouse.c:546:6:USB_DeviceAppTask	24	static
../source/mouse.c:639:5:main	16	static
