C:\Users\86155\Desktop\x\workspace\mouse\drivers/fsl_common_arm.h:788:24:DisableGlobalIRQ	16	static
C:\Users\86155\Desktop\x\workspace\mouse\drivers/fsl_common_arm.h:814:20:EnableGlobalIRQ	24	static
../component/osa/fsl_os_abstraction_bm.c:161:18:main_task	16	static
../component/osa/fsl_os_abstraction_bm.c:191:7:OSA_MemoryAllocate	24	static
../component/osa/fsl_os_abstraction_bm.c:209:6:OSA_MemoryFree	16	static
../component/osa/fsl_os_abstraction_bm.c:214:6:OSA_EnterCritical	16	static
../component/osa/fsl_os_abstraction_bm.c:219:6:OSA_ExitCritical	16	static
../component/osa/fsl_os_abstraction_bm.c:230:6:OSA_EnableIRQGlobal	8	static
../component/osa/fsl_os_abstraction_bm.c:251:6:OSA_DisableIRQGlobal	8	static
../component/osa/fsl_os_abstraction_bm.c:270:6:OSA_DisableScheduler	4	static
../component/osa/fsl_os_abstraction_bm.c:282:6:OSA_EnableScheduler	4	static
../component/osa/fsl_os_abstraction_bm.c:495:18:OSA_TimeInit	4	static
../component/osa/fsl_os_abstraction_bm.c:512:22:OSA_TimeDiff	16	static
../component/osa/fsl_os_abstraction_bm.c:530:6:OSA_TimeDelay	16	static
../component/osa/fsl_os_abstraction_bm.c:549:22:OSA_TimeGetMsec	4	static
../component/osa/fsl_os_abstraction_bm.c:566:14:OSA_SemaphorePrecreate	16	static
../component/osa/fsl_os_abstraction_bm.c:581:14:OSA_SemaphoreCreate	24	static
../component/osa/fsl_os_abstraction_bm.c:610:14:OSA_SemaphoreCreateBinary	24	static
../component/osa/fsl_os_abstraction_bm.c:638:14:OSA_SemaphoreDestroy	24	static
../component/osa/fsl_os_abstraction_bm.c:661:14:OSA_SemaphoreWait	24	static
../component/osa/fsl_os_abstraction_bm.c:735:14:OSA_SemaphorePost	24	static
../component/osa/fsl_os_abstraction_bm.c:771:14:OSA_MutexCreate	24	static
../component/osa/fsl_os_abstraction_bm.c:800:14:OSA_MutexLock	24	static
../component/osa/fsl_os_abstraction_bm.c:866:14:OSA_MutexUnlock	24	static
../component/osa/fsl_os_abstraction_bm.c:884:14:OSA_MutexDestroy	24	static
../component/osa/fsl_os_abstraction_bm.c:903:14:OSA_EventPrecreate	16	static
../component/osa/fsl_os_abstraction_bm.c:917:14:OSA_EventCreate	24	static
../component/osa/fsl_os_abstraction_bm.c:940:14:OSA_EventSet	24	static
../component/osa/fsl_os_abstraction_bm.c:965:14:OSA_EventClear	24	static
../component/osa/fsl_os_abstraction_bm.c:995:14:OSA_EventGet	32	static
../component/osa/fsl_os_abstraction_bm.c:1027:14:OSA_EventWait	40	static
../component/osa/fsl_os_abstraction_bm.c:1114:14:OSA_EventDestroy	24	static
../component/osa/fsl_os_abstraction_bm.c:1133:14:OSA_MsgQCreate	32	static
../component/osa/fsl_os_abstraction_bm.c:1155:14:OSA_MsgQPut	40	static
../component/osa/fsl_os_abstraction_bm.c:1214:14:OSA_MsgQGet	48	static
../component/osa/fsl_os_abstraction_bm.c:1305:5:OSA_MsgQAvailableMsgs	24	static
../component/osa/fsl_os_abstraction_bm.c:1320:14:OSA_MsgQDestroy	24	static
../component/osa/fsl_os_abstraction_bm.c:1338:6:OSA_InterruptEnable	8	static
../component/osa/fsl_os_abstraction_bm.c:1348:6:OSA_InterruptDisable	8	static
../component/osa/fsl_os_abstraction_bm.c:1359:6:OSA_InstallIntHandler	16	static
../component/osa/fsl_os_abstraction_bm.c:1503:6:OSA_UpdateSysTickCounter	16	static
